Archive member included to satisfy reference by file (symbol)

C:/devkitPro/libctru/lib\libctru.a(console.o)
                              main.o (consoleInit)
C:/devkitPro/libctru/lib\libctru.a(gfx.o)
                              C:/devkitPro/libctru/lib\libctru.a(console.o) (gfxIsWide)
C:/devkitPro/libctru/lib\libctru.a(apt.o)
                              main.o (aptMainLoop)
C:/devkitPro/libctru/lib\libctru.a(gspgpu.o)
                              C:/devkitPro/libctru/lib\libctru.a(gfx.o) (gspInit)
C:/devkitPro/libctru/lib\libctru.a(hid.o)
                              main.o (hidScanInput)
C:/devkitPro/libctru/lib\libctru.a(irrst.o)
                              C:/devkitPro/libctru/lib\libctru.a(hid.o) (irrstInit)
C:/devkitPro/libctru/lib\libctru.a(ctru_init.o)
                              C:/devkitPro/libctru/lib\libctru.a(apt.o) (__system_retAddr)
C:/devkitPro/libctru/lib\libctru.a(initArgv.o)
                              C:/devkitPro/libctru/lib\libctru.a(ctru_init.o) (__system_initArgv)
C:/devkitPro/libctru/lib\libctru.a(syscalls.o)
                              C:/devkitPro/libctru/lib\libctru.a(ctru_init.o) (__system_initSyscalls)
C:/devkitPro/libctru/lib\libctru.a(svc.o)
                              C:/devkitPro/libctru/lib\libctru.a(apt.o) (svcSleepThread)
C:/devkitPro/libctru/lib\libctru.a(stack_adjust.o)
                              C:/devkitPro/devkitARM/bin/../lib/gcc/arm-none-eabi/15.1.0/../../../../arm-none-eabi/lib/armv6k/fpu/3dsx_crt0.o (initSystem)
C:/devkitPro/libctru/lib\libctru.a(default_font.bin.o)
                              C:/devkitPro/libctru/lib\libctru.a(console.o) (default_font_bin)
C:/devkitPro/libctru/lib\libctru.a(linear.o)
                              C:/devkitPro/libctru/lib\libctru.a(gfx.o) (linearAlloc)
C:/devkitPro/libctru/lib\libctru.a(mem_pool.o)
                              C:/devkitPro/libctru/lib\libctru.a(linear.o) (MemPool::Allocate(MemChunk&, unsigned long, int))
C:/devkitPro/libctru/lib\libctru.a(vram.o)
                              C:/devkitPro/libctru/lib\libctru.a(gfx.o) (vramAlloc)
C:/devkitPro/libctru/lib\libctru.a(3dslink.o)
                              C:/devkitPro/libctru/lib\libctru.a(initArgv.o) (__3dslink_host)
C:/devkitPro/libctru/lib\libctru.a(env.o)
                              C:/devkitPro/libctru/lib\libctru.a(irrst.o) (envGetHandle)
C:/devkitPro/libctru/lib\libctru.a(os.o)
                              C:/devkitPro/libctru/lib\libctru.a(syscalls.o) (osGetTime)
C:/devkitPro/libctru/lib\libctru.a(srv.o)
                              C:/devkitPro/libctru/lib\libctru.a(apt.o) (srvInit)
C:/devkitPro/libctru/lib\libctru.a(synchronization.o)
                              C:/devkitPro/libctru/lib\libctru.a(ctru_init.o) (__sync_init)
C:/devkitPro/libctru/lib\libctru.a(thread.o)
                              C:/devkitPro/libctru/lib\libctru.a(apt.o) (threadCreate)
C:/devkitPro/libctru/lib\libctru.a(mappable.o)
                              C:/devkitPro/libctru/lib\libctru.a(apt.o) (mappableAlloc)
C:/devkitPro/libctru/lib\libctru.a(ptmsysm.o)
                              C:/devkitPro/libctru/lib\libctru.a(os.o) (ptmSysmInit)
C:/devkitPro/libctru/lib\libctru.a(srvpm.o)
                              C:/devkitPro/libctru/lib\libctru.a(srv.o) (srvPmGetSessionHandle)
C:/devkitPro/libctru/lib\libctru.a(soc_connect.o)
                              C:/devkitPro/libctru/lib\libctru.a(3dslink.o) (connect)
C:/devkitPro/libctru/lib\libctru.a(soc_socket.o)
                              C:/devkitPro/libctru/lib\libctru.a(3dslink.o) (socket)
C:/devkitPro/libctru/lib\libctru.a(rbtree_find.o)
                              C:/devkitPro/libctru/lib\libctru.a(linear.o) (rbtree_find)
C:/devkitPro/libctru/lib\libctru.a(rbtree_init.o)
                              C:/devkitPro/libctru/lib\libctru.a(linear.o) (rbtree_init)
C:/devkitPro/libctru/lib\libctru.a(rbtree_insert.o)
                              C:/devkitPro/libctru/lib\libctru.a(linear.o) (rbtree_insert)
C:/devkitPro/libctru/lib\libctru.a(rbtree_remove.o)
                              C:/devkitPro/libctru/lib\libctru.a(linear.o) (rbtree_remove)
C:/devkitPro/libctru/lib\libctru.a(rbtree_rotate.o)
                              C:/devkitPro/libctru/lib\libctru.a(rbtree_insert.o) (rbtree_rotate)
C:/devkitPro/libctru/lib\libctru.a(allocateHeaps.o)
                              C:/devkitPro/libctru/lib\libctru.a(ctru_init.o) (__system_allocateHeaps)
C:/devkitPro/libctru/lib\libctru.a(appExit.o)
                              C:/devkitPro/libctru/lib\libctru.a(stack_adjust.o) (__appExit)
C:/devkitPro/libctru/lib\libctru.a(appInit.o)
                              C:/devkitPro/libctru/lib\libctru.a(stack_adjust.o) (__appInit)
C:/devkitPro/libctru/lib\libctru.a(ctru_exit.o)
                              C:/devkitPro/libctru/lib\libctru.a(stack_adjust.o) (__libctru_exit)
C:/devkitPro/libctru/lib\libctru.a(archive_dev.o)
                              C:/devkitPro/libctru/lib\libctru.a(appInit.o) (archiveMountSdmc)
[...]
Memory Configuration

Name             Origin             Length             Attributes
*default*        0x00000000         0xffffffff

Linker script and memory map

                0x00000000                        __sync_synchronize = __sync_synchronize_dmb
                0x00100000                        PROVIDE (__start__ = 0x100000)
                0x00100000                        . = __start__

.text           0x00100000    0x1bb78
 *(.crt0)
 .crt0          0x00100000       0x94 C:/devkitPro/devkitARM/bin/../lib/gcc/arm-none-eabi/15.1.0/../../../../arm-none-eabi/lib/armv6k/fpu/3dsx_crt0.o
                0x00100000                _start
                0x00100008                __service_ptr
                0x0010000c                __apt_appid
                0x00100010                __heap_size
                0x00100014                __linear_heap_size
                0x00100018                __system_arglist
                0x0010001c                __system_runflags
 *(.init)
 .init          0x00100094        0xc C:/devkitPro/devkitARM/bin/../lib/gcc/arm-none-eabi/15.1.0/armv6k/fpu/crti.o
                0x00100094                _init
 .init          0x001000a0        0xc C:/devkitPro/devkitARM/bin/../lib/gcc/arm-none-eabi/15.1.0/armv6k/fpu/crtn.o
                0x001000ac                        . = ALIGN (0x4)
 *(.text)
 .text          0x001000ac      0x240 C:/devkitPro/devkitARM/bin/../lib/gcc/arm-none-eabi/15.1.0/armv6k/fpu\libgcc.a(_divsi3.o)
                0x001000ac                __divsi3
                0x001000ac                __aeabi_idiv
                0x001002cc                __aeabi_idivmod
 .text          0x001002ec        0x4 C:/devkitPro/devkitARM/bin/../lib/gcc/arm-none-eabi/15.1.0/armv6k/fpu\libgcc.a(_dvmd_tls.o)
                0x001002ec                __aeabi_idiv0
                0x001002ec                __aeabi_ldiv0
 .text          0x001002f0       0x3c C:/devkitPro/devkitARM/bin/../lib/gcc/arm-none-eabi/15.1.0/armv6k/fpu\libgcc.a(_aeabi_uldivmod.o)
                0x001002f0                __aeabi_uldivmod
 *fill*         0x0010032c       0x14 
 .text          0x00100340      0x390 C:/devkitPro/devkitARM/bin/../lib/gcc/arm-none-eabi/15.1.0/../../../../arm-none-eabi/lib/armv6k/fpu\libg.a(libc_a-strcmp.o)
                0x00100348                strcmp
 .text          0x001006d0      0x20c C:/devkitPro/devkitARM/bin/../lib/gcc/arm-none-eabi/15.1.0/armv6k/fpu\libgcc.a(_udivsi3.o)
                0x001006d0                __aeabi_uidiv
                0x001006d0                __udivsi3
                0x001008bc                __aeabi_uidivmod
 *(.text.*)
 .text.__do_global_dtors_aux
                0x001008dc       0x50 C:/devkitPro/devkitARM/bin/../lib/gcc/arm-none-eabi/15.1.0/armv6k/fpu/crtbegin.o
 .text.frame_dummy
                0x0010092c       0x2c C:/devkitPro/devkitARM/bin/../lib/gcc/arm-none-eabi/15.1.0/armv6k/fpu/crtbegin.o
 .text.loadDirectory
                0x00100958      0x124 main.o
                0x00100958                loadDirectory
 .text.startup.main
                0x00100a7c      0x1ec main.o
                0x00100a7c                main
 .text.consoleDrawChar
                0x00100c68      0x1c8 C:/devkitPro/libctru/lib\libctru.a(console.o)
                0x00100c68                consoleDrawChar
 .text.consolePrintChar
                0x00100e30      0x170 C:/devkitPro/libctru/lib\libctru.a(console.o)
                0x00100e30                consolePrintChar
 .text.con_write
                0x00100fa0      0xc40 C:/devkitPro/libctru/lib\libctru.a(console.o)
                0x00100fa0                con_write
 .text.newRow   0x00101be0      0x110 C:/devkitPro/libctru/lib\libctru.a(console.o)
 .text.consoleInit
                0x00101cf0      0x180 C:/devkitPro/libctru/lib\libctru.a(console.o)
                0x00101cf0                consoleInit
 .text.consoleClear
                0x00101e70       0xb8 C:/devkitPro/libctru/lib\libctru.a(console.o)
                0x00101e70                consoleClear
 .text.gfxPresentFramebuffer
                0x00101f28       0xcc C:/devkitPro/libctru/lib\libctru.a(gfx.o)
 .text.gfxIsWide
                0x00101ff4       0x1c C:/devkitPro/libctru/lib\libctru.a(gfx.o)
                0x00101ff4                gfxIsWide
 .text.gfxSetScreenFormat
                0x00102010       0xf8 C:/devkitPro/libctru/lib\libctru.a(gfx.o)
                0x00102010                gfxSetScreenFormat
 .text.gfxSetDoubleBuffering
                0x00102108       0x10 C:/devkitPro/libctru/lib\libctru.a(gfx.o)
                0x00102108                gfxSetDoubleBuffering
 .text.gfxInit  0x00102118       0xd8 C:/devkitPro/libctru/lib\libctru.a(gfx.o)
                0x00102118                gfxInit
 .text.gfxInitDefault
                0x001021f0       0x10 C:/devkitPro/libctru/lib\libctru.a(gfx.o)
                0x001021f0                gfxInitDefault
 .text.gfxExit  0x00102200       0xb8 C:/devkitPro/libctru/lib\libctru.a(gfx.o)
                0x00102200                gfxExit
 .text.gfxGetFramebuffer
                0x001022b8       0xa0 C:/devkitPro/libctru/lib\libctru.a(gfx.o)
                0x001022b8                gfxGetFramebuffer
 .text.gfxFlushBuffers
                0x00102358      0x100 C:/devkitPro/libctru/lib\libctru.a(gfx.o)
                0x00102358                gfxFlushBuffers
 .text.gfxSwapBuffers
                0x00102458       0x50 C:/devkitPro/libctru/lib\libctru.a(gfx.o)
                0x00102458                gfxSwapBuffers
 .text.gfxSwapBuffersGpu
                0x001024a8       0x50 C:/devkitPro/libctru/lib\libctru.a(gfx.o)
                0x001024a8                gfxSwapBuffersGpu
 .text.aptConvertScreenForCapture
                0x001024f8      0x180 C:/devkitPro/libctru/lib\libctru.a(apt.o)
 .text.aptDspSleep
                0x00102678        0x8 C:/devkitPro/libctru/lib\libctru.a(apt.o)
                0x00102678                aptDspSleep
 .text.aptDspWakeup
                0x00102680        0x4 C:/devkitPro/libctru/lib\libctru.a(apt.o)
                0x00102680                aptDspWakeup
 .text.aptDspCancel
                0x00102684        0x4 C:/devkitPro/libctru/lib\libctru.a(apt.o)
                0x00102684                aptDspCancel
 .text.aptSendCommand
                0x00102688      0x138 C:/devkitPro/libctru/lib\libctru.a(apt.o)
                0x00102688                aptSendCommand
 .text.aptExitProcess
                0x001027c0       0x44 C:/devkitPro/libctru/lib\libctru.a(apt.o)
 .text.aptExit  0x00102804      0x394 C:/devkitPro/libctru/lib\libctru.a(apt.o)
                0x00102804                aptExit
 .text.aptHandleSleep
                0x00102b98       0xd8 C:/devkitPro/libctru/lib\libctru.a(apt.o)
                0x00102b98                aptHandleSleep
 .text.APT_SleepIfShellClosed
                0x00102c70       0x84 C:/devkitPro/libctru/lib\libctru.a(apt.o)
                0x00102c70                APT_SleepIfShellClosed
 .text.aptSetSleepAllowed
                0x00102cf4       0x78 C:/devkitPro/libctru/lib\libctru.a(apt.o)
                0x00102cf4                aptSetSleepAllowed
 .text.APT_UnlockTransition
                0x00102d6c       0x84 C:/devkitPro/libctru/lib\libctru.a(apt.o)
                0x00102d6c                APT_UnlockTransition
 .text.aptEventHandler
                0x00102df0      0x470 C:/devkitPro/libctru/lib\libctru.a(apt.o)
 .text.APT_ReceiveParameter
                0x00103260       0xbc C:/devkitPro/libctru/lib\libctru.a(apt.o)
                0x00103260                APT_ReceiveParameter
 .text.aptReceiveParameter.constprop.0
                0x0010331c       0xb0 C:/devkitPro/libctru/lib\libctru.a(apt.o)
 *fill*         0x001033cc        0x4 
 .text.aptScreenTransfer
                0x001033d0      0x294 C:/devkitPro/libctru/lib\libctru.a(apt.o)
 .text.aptWaitForWakeUp.isra.0
                0x00103664      0x2d0 C:/devkitPro/libctru/lib\libctru.a(apt.o)
 .text.aptJumpToHomeMenu
                0x00103934       0xf4 C:/devkitPro/libctru/lib\libctru.a(apt.o)
                0x00103934                aptJumpToHomeMenu
 .text.aptMainLoop
                0x00103a28       0x58 C:/devkitPro/libctru/lib\libctru.a(apt.o)
                0x00103a28                aptMainLoop
 .text.aptInit  0x00103a80      0x240 C:/devkitPro/libctru/lib\libctru.a(apt.o)
                0x00103a80                aptInit
 .text.APT_CheckNew3DS
                0x00103cc0       0x90 C:/devkitPro/libctru/lib\libctru.a(apt.o)
                0x00103cc0                APT_CheckNew3DS
 .text.gspHardwareInit
                0x00103d50      0xc70 C:/devkitPro/libctru/lib\libctru.a(gspgpu.o)
 .text.gspInit  0x001049c0      0x280 C:/devkitPro/libctru/lib\libctru.a(gspgpu.o)
                0x001049c0                gspInit
 .text.gspExit  0x00104c40      0x110 C:/devkitPro/libctru/lib\libctru.a(gspgpu.o)
                0x00104c40                gspExit
 .text.gspHasGpuRight
                0x00104d50       0x10 C:/devkitPro/libctru/lib\libctru.a(gspgpu.o)
                0x00104d50                gspHasGpuRight
 .text.gspPresentBuffer
                0x00104d60       0xa4 C:/devkitPro/libctru/lib\libctru.a(gspgpu.o)
                0x00104d60                gspPresentBuffer
 .text.gspWaitForEvent
                0x00104e04       0x50 C:/devkitPro/libctru/lib\libctru.a(gspgpu.o)
                0x00104e04                gspWaitForEvent
 .text.gxCmdQueueInterrupt
                0x00104e54        0x4 C:/devkitPro/libctru/lib\libctru.a(gspgpu.o)
                0x00104e54                gxCmdQueueInterrupt
 .text.gspEventThreadMain
                0x00104e58      0x154 C:/devkitPro/libctru/lib\libctru.a(gspgpu.o)
 .text.GSPGPU_FlushDataCache
                0x00104fac       0x50 C:/devkitPro/libctru/lib\libctru.a(gspgpu.o)
                0x00104fac                GSPGPU_FlushDataCache
 .text.GSPGPU_SetLcdForceBlack
                0x00104ffc       0x34 C:/devkitPro/libctru/lib\libctru.a(gspgpu.o)
                0x00104ffc                GSPGPU_SetLcdForceBlack
 .text.GSPGPU_AcquireRight
                0x00105030       0x80 C:/devkitPro/libctru/lib\libctru.a(gspgpu.o)
                0x00105030                GSPGPU_AcquireRight
 .text.GSPGPU_ReleaseRight
                0x001050b0       0x5c C:/devkitPro/libctru/lib\libctru.a(gspgpu.o)
                0x001050b0                GSPGPU_ReleaseRight
 .text.GSPGPU_ImportDisplayCaptureInfo
                0x0010510c       0x7c C:/devkitPro/libctru/lib\libctru.a(gspgpu.o)
                0x0010510c                GSPGPU_ImportDisplayCaptureInfo
 .text.GSPGPU_SaveVramSysArea
                0x00105188       0x2c C:/devkitPro/libctru/lib\libctru.a(gspgpu.o)
                0x00105188                GSPGPU_SaveVramSysArea
 .text.GSPGPU_RestoreVramSysArea
                0x001051b4       0x2c C:/devkitPro/libctru/lib\libctru.a(gspgpu.o)
                0x001051b4                GSPGPU_RestoreVramSysArea
 .text.hidShouldUseIrrst
                0x001051e0       0x24 C:/devkitPro/libctru/lib\libctru.a(hid.o)
                0x001051e0                hidShouldUseIrrst
 .text.hidInit  0x00105204      0x1cc C:/devkitPro/libctru/lib\libctru.a(hid.o)
                0x00105204                hidInit
 .text.hidExit  0x001053d0       0xe8 C:/devkitPro/libctru/lib\libctru.a(hid.o)
                0x001053d0                hidExit
 .text.hidScanInput
                0x001054b8      0x2a0 C:/devkitPro/libctru/lib\libctru.a(hid.o)
                0x001054b8                hidScanInput
 .text.hidKeysDown
                0x00105758       0x10 C:/devkitPro/libctru/lib\libctru.a(hid.o)
                0x00105758                hidKeysDown
 .text.irrstInit
                0x00105768      0x1a4 C:/devkitPro/libctru/lib\libctru.a(irrst.o)
                0x00105768                irrstInit
 .text.irrstExit
                0x0010590c       0xdc C:/devkitPro/libctru/lib\libctru.a(irrst.o)
                0x0010590c                irrstExit
 .text.irrstScanInput
                0x001059e8       0xb4 C:/devkitPro/libctru/lib\libctru.a(irrst.o)
                0x001059e8                irrstScanInput
 .text.irrstKeysHeld
                0x00105a9c       0x24 C:/devkitPro/libctru/lib\libctru.a(irrst.o)
                0x00105a9c                irrstKeysHeld
 .text.__libctru_init
                0x00105ac0       0x38 C:/devkitPro/libctru/lib\libctru.a(ctru_init.o)
                0x00105ac0                __libctru_init
 .text.__system_initArgv
                0x00105af8      0x16c C:/devkitPro/libctru/lib\libctru.a(initArgv.o)
                0x00105af8                __system_initArgv
 .text.__syscall_getreent
                0x00105c64       0x30 C:/devkitPro/libctru/lib\libctru.a(syscalls.o)
                0x00105c64                __syscall_getreent
 .text.__syscall_lock_acquire
                0x00105c94        0x4 C:/devkitPro/libctru/lib\libctru.a(syscalls.o)
                0x00105c94                __syscall_lock_acquire
 .text.__syscall_lock_release
                0x00105c98        0x4 C:/devkitPro/libctru/lib\libctru.a(syscalls.o)
                0x00105c98                __syscall_lock_release
 .text.__syscall_lock_acquire_recursive
                0x00105c9c        0x4 C:/devkitPro/libctru/lib\libctru.a(syscalls.o)
                0x00105c9c                __syscall_lock_acquire_recursive
 .text.__syscall_lock_release_recursive
                0x00105ca0        0x4 C:/devkitPro/libctru/lib\libctru.a(syscalls.o)
                0x00105ca0                __syscall_lock_release_recursive
 .text.__syscall_exit
                0x00105ca4        0x4 C:/devkitPro/libctru/lib\libctru.a(syscalls.o)
                0x00105ca4                __syscall_exit
 .text.initThreadVars
                0x00105ca8       0x54 C:/devkitPro/libctru/lib\libctru.a(syscalls.o)
                0x00105ca8                initThreadVars
 .text.__system_initSyscalls
                0x00105cfc       0x80 C:/devkitPro/libctru/lib\libctru.a(syscalls.o)
                0x00105cfc                __system_initSyscalls
 .text.svcControlMemory
                0x00105d7c       0x20 C:/devkitPro/libctru/lib\libctru.a(svc.o)
                0x00105d7c                svcControlMemory
 .text.svcQueryMemory
                0x00105d9c       0x30 C:/devkitPro/libctru/lib\libctru.a(svc.o)
                0x00105d9c                svcQueryMemory
 .text.svcExitProcess
                0x00105dcc        0x8 C:/devkitPro/libctru/lib\libctru.a(svc.o)
                0x00105dcc                svcExitProcess
 .text.svcCreateThread
                0x00105dd4       0x20 C:/devkitPro/libctru/lib\libctru.a(svc.o)
                0x00105dd4                svcCreateThread
 .text.svcExitThread
                0x00105df4        0x8 C:/devkitPro/libctru/lib\libctru.a(svc.o)
                0x00105df4                svcExitThread
 .text.svcSleepThread
                0x00105dfc        0x8 C:/devkitPro/libctru/lib\libctru.a(svc.o)
                0x00105dfc                svcSleepThread
 .text.svcReleaseMutex
                0x00105e04        0x8 C:/devkitPro/libctru/lib\libctru.a(svc.o)
                0x00105e04                svcReleaseMutex
 .text.svcCreateEvent
                0x00105e0c       0x14 C:/devkitPro/libctru/lib\libctru.a(svc.o)
                0x00105e0c                svcCreateEvent
 .text.svcSignalEvent
                0x00105e20        0x8 C:/devkitPro/libctru/lib\libctru.a(svc.o)
                0x00105e20                svcSignalEvent
 .text.svcClearEvent
                0x00105e28        0x8 C:/devkitPro/libctru/lib\libctru.a(svc.o)
                0x00105e28                svcClearEvent
 .text.svcMapMemoryBlock
                0x00105e30        0x8 C:/devkitPro/libctru/lib\libctru.a(svc.o)
                0x00105e30                svcMapMemoryBlock
 .text.svcUnmapMemoryBlock
                0x00105e38        0x8 C:/devkitPro/libctru/lib\libctru.a(svc.o)
                0x00105e38                svcUnmapMemoryBlock
 .text.svcCreateAddressArbiter
                0x00105e40       0x14 C:/devkitPro/libctru/lib\libctru.a(svc.o)
                0x00105e40                svcCreateAddressArbiter
 .text.svcArbitrateAddressNoTimeout
                0x00105e54        0x8 C:/devkitPro/libctru/lib\libctru.a(svc.o)
                0x00105e54                svcArbitrateAddressNoTimeout
 .text.svcCloseHandle
                0x00105e5c        0x8 C:/devkitPro/libctru/lib\libctru.a(svc.o)
                0x00105e5c                svcCloseHandle
 .text.svcWaitSynchronization
                0x00105e64        0x8 C:/devkitPro/libctru/lib\libctru.a(svc.o)
                0x00105e64                svcWaitSynchronization
 .text.svcWaitSynchronizationN
                0x00105e6c       0x28 C:/devkitPro/libctru/lib\libctru.a(svc.o)
                0x00105e6c                svcWaitSynchronizationN
 .text.svcDuplicateHandle
                0x00105e94       0x14 C:/devkitPro/libctru/lib\libctru.a(svc.o)
                0x00105e94                svcDuplicateHandle
 .text.svcConnectToPort
                0x00105ea8       0x14 C:/devkitPro/libctru/lib\libctru.a(svc.o)
                0x00105ea8                svcConnectToPort
 .text.svcSendSyncRequest
                0x00105ebc        0x8 C:/devkitPro/libctru/lib\libctru.a(svc.o)
                0x00105ebc                svcSendSyncRequest
 .text.svcGetResourceLimit
                0x00105ec4       0x14 C:/devkitPro/libctru/lib\libctru.a(svc.o)
                0x00105ec4                svcGetResourceLimit
 .text.svcGetResourceLimitLimitValues
                0x00105ed8        0x8 C:/devkitPro/libctru/lib\libctru.a(svc.o)
                0x00105ed8                svcGetResourceLimitLimitValues
 .text.svcGetResourceLimitCurrentValues
                0x00105ee0        0x8 C:/devkitPro/libctru/lib\libctru.a(svc.o)
                0x00105ee0                svcGetResourceLimitCurrentValues
 .text.svcBreak
                0x00105ee8        0x8 C:/devkitPro/libctru/lib\libctru.a(svc.o)
                0x00105ee8                svcBreak
 .text.initSystem
                0x00105ef0       0x50 C:/devkitPro/libctru/lib\libctru.a(stack_adjust.o)
                0x00105ef0                initSystem
 .text.__ctru_exit
                0x00105f40       0x14 C:/devkitPro/libctru/lib\libctru.a(stack_adjust.o)
                0x00105f40                __ctru_exit
 .text._ZL21addrMapNodeComparatorPK11rbtree_nodeS1_
                0x00105f54       0x24 C:/devkitPro/libctru/lib\libctru.a(linear.o)
 .text._ZL21addrMapNodeDestructorP11rbtree_node
                0x00105f78        0x4 C:/devkitPro/libctru/lib\libctru.a(linear.o)
 .text.linearMemAlign
                0x00105f7c      0x12c C:/devkitPro/libctru/lib\libctru.a(linear.o)
                0x00105f7c                linearMemAlign
 .text.linearAlloc
                0x001060a8        0x8 C:/devkitPro/libctru/lib\libctru.a(linear.o)
                0x001060a8                linearAlloc
 .text.linearFree
                0x001060b0       0x5c C:/devkitPro/libctru/lib\libctru.a(linear.o)
                0x001060b0                linearFree
 .text._ZN7MemPool13CoalesceRightEP8MemBlock
                0x0010610c       0x88 C:/devkitPro/libctru/lib\libctru.a(mem_pool.o)
                0x0010610c                MemPool::CoalesceRight(MemBlock*)
 .text._ZN7MemPool8AllocateER8MemChunkmi
                0x00106194      0x178 C:/devkitPro/libctru/lib\libctru.a(mem_pool.o)
                0x00106194                MemPool::Allocate(MemChunk&, unsigned long, int)
 .text._ZN7MemPool10DeallocateERK8MemChunk
                0x0010630c      0x118 C:/devkitPro/libctru/lib\libctru.a(mem_pool.o)
                0x0010630c                MemPool::Deallocate(MemChunk const&)
 .text._ZN7MemPool12GetFreeSpaceEv
                0x00106424       0x30 C:/devkitPro/libctru/lib\libctru.a(mem_pool.o)
                0x00106424                MemPool::GetFreeSpace()
 .text._ZL21addrMapNodeComparatorPK11rbtree_nodeS1_
                0x00106454       0x24 C:/devkitPro/libctru/lib\libctru.a(vram.o)
 .text._ZL21addrMapNodeDestructorP11rbtree_node
                0x00106478        0x4 C:/devkitPro/libctru/lib\libctru.a(vram.o)
 .text.vramMemAlignAt
                0x0010647c      0x248 C:/devkitPro/libctru/lib\libctru.a(vram.o)
                0x0010647c                vramMemAlignAt
 .text.vramAlloc
                0x001066c4        0xc C:/devkitPro/libctru/lib\libctru.a(vram.o)
                0x001066c4                vramAlloc
 .text.vramFree
                0x001066d0       0x94 C:/devkitPro/libctru/lib\libctru.a(vram.o)
                0x001066d0                vramFree
 .text.envGetHandle
                0x00106764       0x8c C:/devkitPro/libctru/lib\libctru.a(env.o)
                0x00106764                envGetHandle
 .text.envDestroyHandles
                0x001067f0       0x50 C:/devkitPro/libctru/lib\libctru.a(env.o)
                0x001067f0                envDestroyHandles
 .text.__ctru_speedup_config
                0x00106840       0x34 C:/devkitPro/libctru/lib\libctru.a(os.o)
                0x00106840                __ctru_speedup_config
 .text.srvInit  0x00106874      0x164 C:/devkitPro/libctru/lib\libctru.a(srv.o)
                0x00106874                srvInit
 .text.srvExit  0x001069d8       0x64 C:/devkitPro/libctru/lib\libctru.a(srv.o)
                0x001069d8                srvExit
 .text.srvEnableNotification
                0x00106a3c       0x60 C:/devkitPro/libctru/lib\libctru.a(srv.o)
                0x00106a3c                srvEnableNotification
 .text.srvGetServiceHandleDirect
                0x00106a9c       0xa0 C:/devkitPro/libctru/lib\libctru.a(srv.o)
                0x00106a9c                srvGetServiceHandleDirect
 .text.srvGetServiceHandle
                0x00106b3c       0x48 C:/devkitPro/libctru/lib\libctru.a(srv.o)
                0x00106b3c                srvGetServiceHandle
 .text.srvSubscribe
                0x00106b84       0x34 C:/devkitPro/libctru/lib\libctru.a(srv.o)
                0x00106b84                srvSubscribe
 .text.srvReceiveNotification
                0x00106bb8       0x60 C:/devkitPro/libctru/lib\libctru.a(srv.o)
                0x00106bb8                srvReceiveNotification
 .text.srvPublishToSubscriber
                0x00106c18       0x38 C:/devkitPro/libctru/lib\libctru.a(srv.o)
                0x00106c18                srvPublishToSubscriber
 .text.__sync_init
                0x00106c50        0xc C:/devkitPro/libctru/lib\libctru.a(synchronization.o)
                0x00106c50                __sync_init
 .text.__sync_fini
                0x00106c5c       0x18 C:/devkitPro/libctru/lib\libctru.a(synchronization.o)
                0x00106c5c                __sync_fini
 .text.syncArbitrateAddress
                0x00106c74       0x28 C:/devkitPro/libctru/lib\libctru.a(synchronization.o)
                0x00106c74                syncArbitrateAddress
 .text.LightLock_Lock
                0x00106c9c       0xac C:/devkitPro/libctru/lib\libctru.a(synchronization.o)
                0x00106c9c                LightLock_Lock
 .text.LightLock_Unlock
                0x00106d48       0x40 C:/devkitPro/libctru/lib\libctru.a(synchronization.o)
                0x00106d48                LightLock_Unlock
 .text.RecursiveLock_Lock
                0x00106d88       0x54 C:/devkitPro/libctru/lib\libctru.a(synchronization.o)
                0x00106d88                RecursiveLock_Lock
 .text.RecursiveLock_Unlock
                0x00106ddc       0x54 C:/devkitPro/libctru/lib\libctru.a(synchronization.o)
                0x00106ddc                RecursiveLock_Unlock
 .text.LightEvent_Init
                0x00106e30       0x44 C:/devkitPro/libctru/lib\libctru.a(synchronization.o)
                0x00106e30                LightEvent_Init
 .text.LightEvent_Clear
                0x00106e74       0xb8 C:/devkitPro/libctru/lib\libctru.a(synchronization.o)
                0x00106e74                LightEvent_Clear
 .text.LightEvent_Signal
                0x00106f2c       0xdc C:/devkitPro/libctru/lib\libctru.a(synchronization.o)
                0x00106f2c                LightEvent_Signal
 .text.LightEvent_TryWait
                0x00107008       0x50 C:/devkitPro/libctru/lib\libctru.a(synchronization.o)
                0x00107008                LightEvent_TryWait
 .text.LightEvent_Wait
                0x00107058       0xac C:/devkitPro/libctru/lib\libctru.a(synchronization.o)
                0x00107058                LightEvent_Wait
 .text.threadCreate
                0x00107104      0x1fc C:/devkitPro/libctru/lib\libctru.a(thread.o)
                0x00107104                threadCreate
 .text.threadFree
                0x00107300       0x38 C:/devkitPro/libctru/lib\libctru.a(thread.o)
                0x00107300                threadFree
 .text.threadJoin
                0x00107338       0x24 C:/devkitPro/libctru/lib\libctru.a(thread.o)
                0x00107338                threadJoin
 .text.threadGetCurrent
                0x0010735c       0x30 C:/devkitPro/libctru/lib\libctru.a(thread.o)
                0x0010735c                threadGetCurrent
 .text.threadExit
                0x0010738c       0x40 C:/devkitPro/libctru/lib\libctru.a(thread.o)
                0x0010738c                threadExit
 .text._thread_begin
                0x001073cc       0x20 C:/devkitPro/libctru/lib\libctru.a(thread.o)
 .text.mappableFindAddressWithin
                0x001073ec       0x90 C:/devkitPro/libctru/lib\libctru.a(mappable.o)
 .text.mappableInit
                0x0010747c       0x28 C:/devkitPro/libctru/lib\libctru.a(mappable.o)
                0x0010747c                mappableInit
 .text.mappableAlloc
                0x001074a4       0x7c C:/devkitPro/libctru/lib\libctru.a(mappable.o)
                0x001074a4                mappableAlloc
 .text.mappableFree
                0x00107520        0x4 C:/devkitPro/libctru/lib\libctru.a(mappable.o)
                0x00107520                mappableFree
 .text.ptmSysmInit
                0x00107524       0x78 C:/devkitPro/libctru/lib\libctru.a(ptmsysm.o)
                0x00107524                ptmSysmInit
 .text.ptmSysmExit
                0x0010759c       0x3c C:/devkitPro/libctru/lib\libctru.a(ptmsysm.o)
                0x0010759c                ptmSysmExit
 .text.PTMSYSM_ConfigureNew3DSCPU
                0x001075d8       0x34 C:/devkitPro/libctru/lib\libctru.a(ptmsysm.o)
                0x001075d8                PTMSYSM_ConfigureNew3DSCPU
 .text.srvPmGetSessionHandle
                0x0010760c        0xc C:/devkitPro/libctru/lib\libctru.a(srvpm.o)
                0x0010760c                srvPmGetSessionHandle
 .text.rbtree_find
                0x00107618       0x74 C:/devkitPro/libctru/lib\libctru.a(rbtree_find.o)
                0x00107618                rbtree_find
 .text.rbtree_init
                0x0010768c       0x10 C:/devkitPro/libctru/lib\libctru.a(rbtree_init.o)
                0x0010768c                rbtree_init
 .text.do_insert
                0x0010769c      0x198 C:/devkitPro/libctru/lib\libctru.a(rbtree_insert.o)
 .text.rbtree_insert
                0x00107834        0x8 C:/devkitPro/libctru/lib\libctru.a(rbtree_insert.o)
                0x00107834                rbtree_insert
 .text.rbtree_remove
                0x0010783c      0x310 C:/devkitPro/libctru/lib\libctru.a(rbtree_remove.o)
                0x0010783c                rbtree_remove
 .text.rbtree_rotate
                0x00107b4c       0x90 C:/devkitPro/libctru/lib\libctru.a(rbtree_rotate.o)
                0x00107b4c                rbtree_rotate
 *fill*         0x00107bdc        0x4 
 .text.__system_allocateHeaps
                0x00107be0      0x1e8 C:/devkitPro/libctru/lib\libctru.a(allocateHeaps.o)
                0x00107be0                __system_allocateHeaps
 .text.__appExit
                0x00107dc8       0x30 C:/devkitPro/libctru/lib\libctru.a(appExit.o)
                0x00107dc8                __appExit
 .text.__appInit
                0x00107df8       0x30 C:/devkitPro/libctru/lib\libctru.a(appInit.o)
                0x00107df8                __appInit
 .text.__libctru_exit
                0x00107e28       0x90 C:/devkitPro/libctru/lib\libctru.a(ctru_exit.o)
                0x00107e28                __libctru_exit
 .text.archive_link
                0x00107eb8       0x14 C:/devkitPro/libctru/lib\libctru.a(archive_dev.o)
 .text.archive_dirreset
                0x00107ecc       0x14 C:/devkitPro/libctru/lib\libctru.a(archive_dev.o)
 .text.archive_chmod
                0x00107ee0       0x14 C:/devkitPro/libctru/lib\libctru.a(archive_dev.o)
 .text.error_cmp
                0x00107ef4       0x24 C:/devkitPro/libctru/lib\libctru.a(archive_dev.o)
 .text.archive_translate_error
                0x00107f18       0x50 C:/devkitPro/libctru/lib\libctru.a(archive_dev.o)
 .text.archive_seek
                0x00107f68       0xc0 C:/devkitPro/libctru/lib\libctru.a(archive_dev.o)
 .text._archiveInit.part.0
                0x00108028       0x78 C:/devkitPro/libctru/lib\libctru.a(archive_dev.o)
 .text.archiveFindDevice.part.0
                0x001080a0       0xd4 C:/devkitPro/libctru/lib\libctru.a(archive_dev.o)
 .text.archive_utf16path
                0x00108174      0x298 C:/devkitPro/libctru/lib\libctru.a(archive_dev.o)
 .text._archiveUnmountDeviceStruct.part.0
                0x0010840c       0x98 C:/devkitPro/libctru/lib\libctru.a(archive_dev.o)
 .text.archive_statvfs
                0x001084a4       0x14 C:/devkitPro/libctru/lib\libctru.a(archive_dev.o)
 .text.archive_fchmod
                0x001084b8       0x14 C:/devkitPro/libctru/lib\libctru.a(archive_dev.o)
 .text._archiveMountDevice
                0x001084cc      0x178 C:/devkitPro/libctru/lib\libctru.a(archive_dev.o)
 .text.archive_diropen
                0x00108644       0xf8 C:/devkitPro/libctru/lib\libctru.a(archive_dev.o)
 .text.archive_fstat
                0x0010873c       0xac C:/devkitPro/libctru/lib\libctru.a(archive_dev.o)
 .text.archive_fsync
                0x001087e8       0x74 C:/devkitPro/libctru/lib\libctru.a(archive_dev.o)
 .text.archive_close
                0x0010885c       0x74 C:/devkitPro/libctru/lib\libctru.a(archive_dev.o)
 .text.archive_dirclose
                0x001088d0       0x78 C:/devkitPro/libctru/lib\libctru.a(archive_dev.o)
 .text.sdmc_statvfs
                0x00108948       0xec C:/devkitPro/libctru/lib\libctru.a(archive_dev.o)
 .text.archive_chdir
                0x00108a34       0xf8 C:/devkitPro/libctru/lib\libctru.a(archive_dev.o)
 .text.archive_ftruncate
                0x00108b2c       0x8c C:/devkitPro/libctru/lib\libctru.a(archive_dev.o)
 .text.archive_read
                0x00108bb8       0xbc C:/devkitPro/libctru/lib\libctru.a(archive_dev.o)
 .text.archive_unlink
                0x00108c74       0xa8 C:/devkitPro/libctru/lib\libctru.a(archive_dev.o)
 .text.archive_rmdir
                0x00108d1c       0xc0 C:/devkitPro/libctru/lib\libctru.a(archive_dev.o)
 .text.archive_mkdir
                0x00108ddc       0xd8 C:/devkitPro/libctru/lib\libctru.a(archive_dev.o)
 .text.archive_stat
                0x00108eb4      0x1a0 C:/devkitPro/libctru/lib\libctru.a(archive_dev.o)
 .text.archive_dirnext
                0x00109054      0x164 C:/devkitPro/libctru/lib\libctru.a(archive_dev.o)
 .text.archive_write
                0x001091b8      0x13c C:/devkitPro/libctru/lib\libctru.a(archive_dev.o)
 *fill*         0x001092f4        0x4 
 .text.archive_open
                0x001092f8      0x254 C:/devkitPro/libctru/lib\libctru.a(archive_dev.o)
 .text.archive_rename
                0x0010954c      0x270 C:/devkitPro/libctru/lib\libctru.a(archive_dev.o)
 .text.archiveMountSdmc
                0x001097bc      0x1c8 C:/devkitPro/libctru/lib\libctru.a(archive_dev.o)
                0x001097bc                archiveMountSdmc
 .text.archiveUnmountAll
                0x00109984       0x54 C:/devkitPro/libctru/lib\libctru.a(archive_dev.o)
                0x00109984                archiveUnmountAll
 .text.fsInit   0x001099d8      0x104 C:/devkitPro/libctru/lib\libctru.a(fs.o)
                0x001099d8                fsInit
 .text.fsExit   0x00109adc       0x3c C:/devkitPro/libctru/lib\libctru.a(fs.o)
                0x00109adc                fsExit
 .text.fsExemptFromSession
                0x00109b18       0x68 C:/devkitPro/libctru/lib\libctru.a(fs.o)
                0x00109b18                fsExemptFromSession
 .text.fsUnexemptFromSession
                0x00109b80       0x50 C:/devkitPro/libctru/lib\libctru.a(fs.o)
                0x00109b80                fsUnexemptFromSession
 .text.FSUSER_OpenFile
                0x00109bd0       0xcc C:/devkitPro/libctru/lib\libctru.a(fs.o)
                0x00109bd0                FSUSER_OpenFile
 .text.FSUSER_DeleteFile
                0x00109c9c       0xb8 C:/devkitPro/libctru/lib\libctru.a(fs.o)
                0x00109c9c                FSUSER_DeleteFile
 .text.FSUSER_RenameFile
                0x00109d54       0xf4 C:/devkitPro/libctru/lib\libctru.a(fs.o)
                0x00109d54                FSUSER_RenameFile
 .text.FSUSER_DeleteDirectory
                0x00109e48       0xb8 C:/devkitPro/libctru/lib\libctru.a(fs.o)
                0x00109e48                FSUSER_DeleteDirectory
 .text.FSUSER_CreateFile
                0x00109f00       0xd0 C:/devkitPro/libctru/lib\libctru.a(fs.o)
                0x00109f00                FSUSER_CreateFile
 .text.FSUSER_CreateDirectory
                0x00109fd0       0xc0 C:/devkitPro/libctru/lib\libctru.a(fs.o)
                0x00109fd0                FSUSER_CreateDirectory
 .text.FSUSER_RenameDirectory
                0x0010a090       0xf4 C:/devkitPro/libctru/lib\libctru.a(fs.o)
                0x0010a090                FSUSER_RenameDirectory
 .text.FSUSER_OpenDirectory
                0x0010a184       0xb4 C:/devkitPro/libctru/lib\libctru.a(fs.o)
                0x0010a184                FSUSER_OpenDirectory
 .text.FSUSER_OpenArchive
                0x0010a238       0x90 C:/devkitPro/libctru/lib\libctru.a(fs.o)
                0x0010a238                FSUSER_OpenArchive
 .text.FSUSER_CloseArchive
                0x0010a2c8       0x8c C:/devkitPro/libctru/lib\libctru.a(fs.o)
                0x0010a2c8                FSUSER_CloseArchive
 .text.FSUSER_GetSdmcArchiveResource
                0x0010a354       0x74 C:/devkitPro/libctru/lib\libctru.a(fs.o)
                0x0010a354                FSUSER_GetSdmcArchiveResource
 .text.FSUSER_IsSdmcWritable
                0x0010a3c8       0x64 C:/devkitPro/libctru/lib\libctru.a(fs.o)
                0x0010a3c8                FSUSER_IsSdmcWritable
 .text.FSFILE_Read
                0x0010a42c       0x64 C:/devkitPro/libctru/lib\libctru.a(fs.o)
                0x0010a42c                FSFILE_Read
 .text.FSFILE_Write
                0x0010a490       0x6c C:/devkitPro/libctru/lib\libctru.a(fs.o)
                0x0010a490                FSFILE_Write
 .text.FSFILE_GetSize
                0x0010a4fc       0x44 C:/devkitPro/libctru/lib\libctru.a(fs.o)
                0x0010a4fc                FSFILE_GetSize
 .text.FSFILE_SetSize
                0x0010a540       0x28 C:/devkitPro/libctru/lib\libctru.a(fs.o)
                0x0010a540                FSFILE_SetSize
 .text.FSFILE_Close
                0x0010a568       0x3c C:/devkitPro/libctru/lib\libctru.a(fs.o)
                0x0010a568                FSFILE_Close
 .text.FSFILE_Flush
                0x0010a5a4       0x24 C:/devkitPro/libctru/lib\libctru.a(fs.o)
                0x0010a5a4                FSFILE_Flush
 .text.FSDIR_Read
                0x0010a5c8       0x60 C:/devkitPro/libctru/lib\libctru.a(fs.o)
                0x0010a5c8                FSDIR_Read
 .text.FSDIR_Close
                0x0010a628       0x3c C:/devkitPro/libctru/lib\libctru.a(fs.o)
                0x0010a628                FSDIR_Close
 .text.rbtree_node_next
                0x0010a664       0x60 C:/devkitPro/libctru/lib\libctru.a(rbtree_iterator.o)
                0x0010a664                rbtree_node_next
 .text.decode_utf8
                0x0010a6c4      0x140 C:/devkitPro/libctru/lib\libctru.a(decode_utf8.o)
                0x0010a6c4                decode_utf8
 .text.utf16_to_utf8
                0x0010a804       0xe8 C:/devkitPro/libctru/lib\libctru.a(utf16_to_utf8.o)
                0x0010a804                utf16_to_utf8
 .text.utf8_to_utf16
                0x0010a8ec       0xc0 C:/devkitPro/libctru/lib\libctru.a(utf8_to_utf16.o)
                0x0010a8ec                utf8_to_utf16
 .text.__aeabi_read_tp
                0x0010a9ac        0xc C:/devkitPro/libctru/lib\libctru.a(readtp.o)
                0x0010a9ac                __aeabi_read_tp
 .text.decode_utf16
                0x0010a9b8       0x54 C:/devkitPro/libctru/lib\libctru.a(decode_utf16.o)
                0x0010a9b8                decode_utf16
 .text.encode_utf16
                0x0010aa0c       0x54 C:/devkitPro/libctru/lib\libctru.a(encode_utf16.o)
                0x0010aa0c                encode_utf16
 .text.encode_utf8
                0x0010aa60       0xe0 C:/devkitPro/libctru/lib\libctru.a(encode_utf8.o)
                0x0010aa60                encode_utf8
 .text.__udivmoddi4
                0x0010ab40      0x130 C:/devkitPro/devkitARM/bin/../lib/gcc/arm-none-eabi/15.1.0/armv6k/fpu\libgcc.a(_udivmoddi4.o)
                0x0010ab40                __udivmoddi4
 .text.strncmp  0x0010ac70       0xd8 C:/devkitPro/devkitARM/bin/../lib/gcc/arm-none-eabi/15.1.0/../../../../arm-none-eabi/lib/armv6k/fpu\libg.a(libc_a-strncmp.o)
                0x0010ac70                strncmp
 .text.stat     0x0010ad48       0x28 C:/devkitPro/devkitARM/bin/../lib/gcc/arm-none-eabi/15.1.0/../../../../arm-none-eabi/lib/armv6k/fpu\libg.a(libc_a-sysstat.o)
                0x0010ad48                stat
 .text.strlen   0x0010ad70       0x8c C:/devkitPro/devkitARM/bin/../lib/gcc/arm-none-eabi/15.1.0/../../../../arm-none-eabi/lib/armv6k/fpu\libg.a(libc_a-strlen.o)
                0x0010ad70                strlen
 .text.stdio_exit_handler
                0x0010adfc       0x1c C:/devkitPro/devkitARM/bin/../lib/gcc/arm-none-eabi/15.1.0/../../../../arm-none-eabi/lib/armv6k/fpu\libg.a(libc_a-findfp.o)
 .text.cleanup_stdio
                0x0010ae18       0x5c C:/devkitPro/devkitARM/bin/../lib/gcc/arm-none-eabi/15.1.0/../../../../arm-none-eabi/lib/armv6k/fpu\libg.a(libc_a-findfp.o)
 .text.global_stdio_init.part.0
                0x0010ae74      0x154 C:/devkitPro/devkitARM/bin/../lib/gcc/arm-none-eabi/15.1.0/../../../../arm-none-eabi/lib/armv6k/fpu\libg.a(libc_a-findfp.o)
 .text.__sinit  0x0010afc8       0x5c C:/devkitPro/devkitARM/bin/../lib/gcc/arm-none-eabi/15.1.0/../../../../arm-none-eabi/lib/armv6k/fpu\libg.a(libc_a-findfp.o)
                0x0010afc8                __sinit
 .text.__sfp_lock_acquire
                0x0010b024        0xc C:/devkitPro/devkitARM/bin/../lib/gcc/arm-none-eabi/15.1.0/../../../../arm-none-eabi/lib/armv6k/fpu\libg.a(libc_a-findfp.o)
                0x0010b024                __sfp_lock_acquire
 .text.__sfp_lock_release
                0x0010b030        0xc C:/devkitPro/devkitARM/bin/../lib/gcc/arm-none-eabi/15.1.0/../../../../arm-none-eabi/lib/armv6k/fpu\libg.a(libc_a-findfp.o)
                0x0010b030                __sfp_lock_release
 .text._strtoul_l.isra.0
                0x0010b03c      0x1ec C:/devkitPro/devkitARM/bin/../lib/gcc/arm-none-eabi/15.1.0/../../../../arm-none-eabi/lib/armv6k/fpu\libg.a(libc_a-strtoul.o)
 .text.strtoul  0x0010b228       0x3c C:/devkitPro/devkitARM/bin/../lib/gcc/arm-none-eabi/15.1.0/../../../../arm-none-eabi/lib/armv6k/fpu\libg.a(libc_a-strtoul.o)
                0x0010b228                strtoul
 .text.__libc_init_array
                0x0010b264       0x84 C:/devkitPro/devkitARM/bin/../lib/gcc/arm-none-eabi/15.1.0/../../../../arm-none-eabi/lib/armv6k/fpu\libg.a(libc_a-init.o)
                0x0010b264                __libc_init_array
 .text.strncat  0x0010b2e8       0x9c C:/devkitPro/devkitARM/bin/../lib/gcc/arm-none-eabi/15.1.0/../../../../arm-none-eabi/lib/armv6k/fpu\libg.a(libc_a-strncat.o)
                0x0010b2e8                strncat
 .text._fwalk_sglue
                0x0010b384       0x70 C:/devkitPro/devkitARM/bin/../lib/gcc/arm-none-eabi/15.1.0/../../../../arm-none-eabi/lib/armv6k/fpu\libg.a(libc_a-fwalk.o)
                0x0010b384                _fwalk_sglue
 .text.bsearch  0x0010b3f4       0x78 C:/devkitPro/devkitARM/bin/../lib/gcc/arm-none-eabi/15.1.0/../../../../arm-none-eabi/lib/armv6k/fpu\libg.a(libc_a-bsearch.o)
                0x0010b3f4                bsearch
 .text.__errno  0x0010b46c        0xc C:/devkitPro/devkitARM/bin/../lib/gcc/arm-none-eabi/15.1.0/../../../../arm-none-eabi/lib/armv6k/fpu\libg.a(libc_a-errno.o)
                0x0010b46c                __errno
 .text.strrchr  0x0010b478       0x48 C:/devkitPro/devkitARM/bin/../lib/gcc/arm-none-eabi/15.1.0/../../../../arm-none-eabi/lib/armv6k/fpu\libg.a(libc_a-strrchr.o)
                0x0010b478                strrchr
 .text.memalign
                0x0010b4c0       0x28 C:/devkitPro/devkitARM/bin/../lib/gcc/arm-none-eabi/15.1.0/../../../../arm-none-eabi/lib/armv6k/fpu\libg.a(libc_a-malign.o)
                0x0010b4c0                memalign
 .text._malloc_r
                0x0010b4e8      0x82c C:/devkitPro/devkitARM/bin/../lib/gcc/arm-none-eabi/15.1.0/../../../../arm-none-eabi/lib/armv6k/fpu\libg.a(libc_a-mallocr.o)
                0x0010b4e8                _malloc_r
 .text.strcpy   0x0010bd14       0xf0 C:/devkitPro/devkitARM/bin/../lib/gcc/arm-none-eabi/15.1.0/../../../../arm-none-eabi/lib/armv6k/fpu\libg.a(libc_a-strcpy.o)
                0x0010bd14                strcpy
 .text._malloc_trim_r
                0x0010be04      0x114 C:/devkitPro/devkitARM/bin/../lib/gcc/arm-none-eabi/15.1.0/../../../../arm-none-eabi/lib/armv6k/fpu\libg.a(libc_a-freer.o)
                0x0010be04                _malloc_trim_r
 .text._free_r  0x0010bf18      0x314 C:/devkitPro/devkitARM/bin/../lib/gcc/arm-none-eabi/15.1.0/../../../../arm-none-eabi/lib/armv6k/fpu\libg.a(libc_a-freer.o)
                0x0010bf18                _free_r
 .text.snprintf
                0x0010c22c       0xa0 C:/devkitPro/devkitARM/bin/../lib/gcc/arm-none-eabi/15.1.0/../../../../arm-none-eabi/lib/armv6k/fpu\libg.a(libc_a-snprintf.o)
                0x0010c22c                snprintf
 .text.get_arg  0x0010c2cc      0x5e0 C:/devkitPro/devkitARM/bin/../lib/gcc/arm-none-eabi/15.1.0/../../../../arm-none-eabi/lib/armv6k/fpu\libg.a(libc_a-svfprintf.o)
 *fill*         0x0010c8ac        0x4 
 .text._svfprintf_r
                0x0010c8b0     0x345c C:/devkitPro/devkitARM/bin/../lib/gcc/arm-none-eabi/15.1.0/../../../../arm-none-eabi/lib/armv6k/fpu\libg.a(libc_a-svfprintf.o)
                0x0010c8b0                _svfprintf_r
 .text.printf   0x0010fd0c       0x34 C:/devkitPro/devkitARM/bin/../lib/gcc/arm-none-eabi/15.1.0/../../../../arm-none-eabi/lib/armv6k/fpu\libg.a(libc_a-printf.o)
                0x0010fd0c                printf
 .text.strnlen  0x0010fd40       0x3c C:/devkitPro/devkitARM/bin/../lib/gcc/arm-none-eabi/15.1.0/../../../../arm-none-eabi/lib/armv6k/fpu\libg.a(libc_a-strnlen.o)
                0x0010fd40                strnlen
 .text.malloc   0x0010fd7c       0x40 C:/devkitPro/devkitARM/bin/../lib/gcc/arm-none-eabi/15.1.0/../../../../arm-none-eabi/lib/armv6k/fpu\libg.a(libc_a-malloc.o)
                0x0010fd7c                malloc
 .text.free     0x0010fdbc       0x20 C:/devkitPro/devkitARM/bin/../lib/gcc/arm-none-eabi/15.1.0/../../../../arm-none-eabi/lib/armv6k/fpu\libg.a(libc_a-malloc.o)
                0x0010fdbc                free
 .text.__sflush_r
                0x0010fddc      0x22c C:/devkitPro/devkitARM/bin/../lib/gcc/arm-none-eabi/15.1.0/../../../../arm-none-eabi/lib/armv6k/fpu\libg.a(libc_a-fflush.o)
                0x0010fddc                __sflush_r
 .text._fflush_r
                0x00110008       0xc4 C:/devkitPro/devkitARM/bin/../lib/gcc/arm-none-eabi/15.1.0/../../../../arm-none-eabi/lib/armv6k/fpu\libg.a(libc_a-fflush.o)
                0x00110008                _fflush_r
 .text.memset   0x001100cc       0xe4 C:/devkitPro/devkitARM/bin/../lib/gcc/arm-none-eabi/15.1.0/../../../../arm-none-eabi/lib/armv6k/fpu\libg.a(libc_a-memset.o)
                0x001100cc                memset
 .text.__malloc_lock
                0x001101b0        0xc C:/devkitPro/devkitARM/bin/../lib/gcc/arm-none-eabi/15.1.0/../../../../arm-none-eabi/lib/armv6k/fpu\libg.a(libc_a-mlock.o)
                0x001101b0                __malloc_lock
 .text.__malloc_unlock
                0x001101bc        0xc C:/devkitPro/devkitARM/bin/../lib/gcc/arm-none-eabi/15.1.0/../../../../arm-none-eabi/lib/armv6k/fpu\libg.a(libc_a-mlock.o)
                0x001101bc                __malloc_unlock
 .text.__call_exitprocs
                0x001101c8        0x4 C:/devkitPro/devkitARM/bin/../lib/gcc/arm-none-eabi/15.1.0/../../../../arm-none-eabi/lib/armv6k/fpu\libg.a(libc_a-exit.o)
                0x001101c8                __call_exitprocs
 .text.exit     0x001101cc       0x30 C:/devkitPro/devkitARM/bin/../lib/gcc/arm-none-eabi/15.1.0/../../../../arm-none-eabi/lib/armv6k/fpu\libg.a(libc_a-exit.o)
                0x001101cc                exit
 .text.setvbuf  0x001101fc      0x294 C:/devkitPro/devkitARM/bin/../lib/gcc/arm-none-eabi/15.1.0/../../../../arm-none-eabi/lib/armv6k/fpu\libg.a(libc_a-setvbuf.o)
                0x001101fc                setvbuf
 .text.strncpy  0x00110490       0xd4 C:/devkitPro/devkitARM/bin/../lib/gcc/arm-none-eabi/15.1.0/../../../../arm-none-eabi/lib/armv6k/fpu\libg.a(libc_a-strncpy.o)
                0x00110490                strncpy
 .text.memcpy   0x00110564      0x12c C:/devkitPro/devkitARM/bin/../lib/gcc/arm-none-eabi/15.1.0/../../../../arm-none-eabi/lib/armv6k/fpu\libg.a(libc_a-memcpy-stub.o)
                0x00110564                memcpy
 .text._wcsrtombs_r
                0x00110690       0x28 C:/devkitPro/devkitARM/bin/../lib/gcc/arm-none-eabi/15.1.0/../../../../arm-none-eabi/lib/armv6k/fpu\libg.a(libc_a-wcsrtombs.o)
                0x00110690                _wcsrtombs_r
 .text.frexp    0x001106b8       0x88 C:/devkitPro/devkitARM/bin/../lib/gcc/arm-none-eabi/15.1.0/../../../../arm-none-eabi/lib/armv6k/fpu\libg.a(libm_a-s_frexp.o)
                0x001106b8                frexp
 .text.strchr   0x00110740      0x140 C:/devkitPro/devkitARM/bin/../lib/gcc/arm-none-eabi/15.1.0/../../../../arm-none-eabi/lib/armv6k/fpu\libg.a(libc_a-strchr.o)
                0x00110740                strchr
 .text.__sread  0x00110880       0x44 C:/devkitPro/devkitARM/bin/../lib/gcc/arm-none-eabi/15.1.0/../../../../arm-none-eabi/lib/armv6k/fpu\libg.a(libc_a-stdio.o)
                0x00110880                __sread
 .text.__swrite
                0x001108c4       0x68 C:/devkitPro/devkitARM/bin/../lib/gcc/arm-none-eabi/15.1.0/../../../../arm-none-eabi/lib/armv6k/fpu\libg.a(libc_a-stdio.o)
                0x001108c4                __swrite
 .text.__sseek  0x0011092c       0x40 C:/devkitPro/devkitARM/bin/../lib/gcc/arm-none-eabi/15.1.0/../../../../arm-none-eabi/lib/armv6k/fpu\libg.a(libc_a-stdio.o)
                0x0011092c                __sseek
 .text.__sclose
                0x0011096c        0x8 C:/devkitPro/devkitARM/bin/../lib/gcc/arm-none-eabi/15.1.0/../../../../arm-none-eabi/lib/armv6k/fpu\libg.a(libc_a-stdio.o)
                0x0011096c                __sclose
 .text._fclose_r
                0x00110974      0x144 C:/devkitPro/devkitARM/bin/../lib/gcc/arm-none-eabi/15.1.0/../../../../arm-none-eabi/lib/armv6k/fpu\libg.a(libc_a-fclose.o)
                0x00110974                _fclose_r
 .text.__locale_mb_cur_max
                0x00110ab8       0x24 C:/devkitPro/devkitARM/bin/../lib/gcc/arm-none-eabi/15.1.0/../../../../arm-none-eabi/lib/armv6k/fpu\libg.a(libc_a-locale.o)
                0x00110ab8                __locale_mb_cur_max
 .text.__ssprint_r
                0x00110adc       0xa4 C:/devkitPro/devkitARM/bin/../lib/gcc/arm-none-eabi/15.1.0/../../../../arm-none-eabi/lib/armv6k/fpu\libg.a(libc_a-ssprint_r.o)
                0x00110adc                __ssprint_r
 .text._memalign_r
                0x00110b80      0x16c C:/devkitPro/devkitARM/bin/../lib/gcc/arm-none-eabi/15.1.0/../../../../arm-none-eabi/lib/armv6k/fpu\libg.a(libc_a-malignr.o)
                0x00110b80                _memalign_r
 .text._wcsnrtombs_l
                0x00110cec      0x15c C:/devkitPro/devkitARM/bin/../lib/gcc/arm-none-eabi/15.1.0/../../../../arm-none-eabi/lib/armv6k/fpu\libg.a(libc_a-wcsnrtombs.o)
                0x00110cec                _wcsnrtombs_l
 .text._wcsnrtombs_r
                0x00110e48       0x64 C:/devkitPro/devkitARM/bin/../lib/gcc/arm-none-eabi/15.1.0/../../../../arm-none-eabi/lib/armv6k/fpu\libg.a(libc_a-wcsnrtombs.o)
                0x00110e48                _wcsnrtombs_r
 .text.__utf8_mbtowc
                0x00110eac      0x340 C:/devkitPro/devkitARM/bin/../lib/gcc/arm-none-eabi/15.1.0/../../../../arm-none-eabi/lib/armv6k/fpu\libg.a(libc_a-mbtowc_r.o)
                0x00110eac                __utf8_mbtowc
 .text._localeconv_r
                0x001111ec       0x24 C:/devkitPro/devkitARM/bin/../lib/gcc/arm-none-eabi/15.1.0/../../../../arm-none-eabi/lib/armv6k/fpu\libg.a(libc_a-localeconv.o)
                0x001111ec                _localeconv_r
 .text.get_arg  0x00111210      0x5e0 C:/devkitPro/devkitARM/bin/../lib/gcc/arm-none-eabi/15.1.0/../../../../arm-none-eabi/lib/armv6k/fpu\libg.a(libc_a-vfprintf.o)
 .text._vfprintf_r
                0x001117f0     0x3554 C:/devkitPro/devkitARM/bin/../lib/gcc/arm-none-eabi/15.1.0/../../../../arm-none-eabi/lib/armv6k/fpu\libg.a(libc_a-vfprintf.o)
                0x001117f0                _vfprintf_r
 .text.__sbprintf
                0x00114d44       0xb4 C:/devkitPro/devkitARM/bin/../lib/gcc/arm-none-eabi/15.1.0/../../../../arm-none-eabi/lib/armv6k/fpu\libg.a(libc_a-vfprintf.o)
 .text.memchr   0x00114df8       0xe8 C:/devkitPro/devkitARM/bin/../lib/gcc/arm-none-eabi/15.1.0/../../../../arm-none-eabi/lib/armv6k/fpu\libg.a(libc_a-memchr-stub.o)
                0x00114df8                memchr
 .text.quorem   0x00114ee0      0x1c0 C:/devkitPro/devkitARM/bin/../lib/gcc/arm-none-eabi/15.1.0/../../../../arm-none-eabi/lib/armv6k/fpu\libg.a(libc_a-dtoa.o)
 .text._dtoa_r  0x001150a0     0x13f0 C:/devkitPro/devkitARM/bin/../lib/gcc/arm-none-eabi/15.1.0/../../../../arm-none-eabi/lib/armv6k/fpu\libg.a(libc_a-dtoa.o)
                0x001150a0                _dtoa_r
 .text._wcrtomb_r
                0x00116490       0xa0 C:/devkitPro/devkitARM/bin/../lib/gcc/arm-none-eabi/15.1.0/../../../../arm-none-eabi/lib/armv6k/fpu\libg.a(libc_a-wcrtomb.o)
                0x00116490                _wcrtomb_r
 .text.__libc_fini_array
                0x00116530       0x3c C:/devkitPro/devkitARM/bin/../lib/gcc/arm-none-eabi/15.1.0/../../../../arm-none-eabi/lib/armv6k/fpu\libg.a(libc_a-fini.o)
                0x00116530                __libc_fini_array
 .text.__smakebuf_r
                0x0011656c      0x164 C:/devkitPro/devkitARM/bin/../lib/gcc/arm-none-eabi/15.1.0/../../../../arm-none-eabi/lib/armv6k/fpu\libg.a(libc_a-makebuf.o)
                0x0011656c                __smakebuf_r
 .text.__swhatbuf_r
                0x001166d0       0x90 C:/devkitPro/devkitARM/bin/../lib/gcc/arm-none-eabi/15.1.0/../../../../arm-none-eabi/lib/armv6k/fpu\libg.a(libc_a-makebuf.o)
                0x001166d0                __swhatbuf_r
 .text.__ssputs_r
                0x00116760      0x12c C:/devkitPro/devkitARM/bin/../lib/gcc/arm-none-eabi/15.1.0/../../../../arm-none-eabi/lib/armv6k/fpu\libg.a(libc_a-ssputs_r.o)
                0x00116760                __ssputs_r
 .text.__utf8_wctomb
                0x0011688c       0xf8 C:/devkitPro/devkitARM/bin/../lib/gcc/arm-none-eabi/15.1.0/../../../../arm-none-eabi/lib/armv6k/fpu\libg.a(libc_a-wctomb_r.o)
                0x0011688c                __utf8_wctomb
 .text.__swsetup_r
                0x00116984      0x140 C:/devkitPro/devkitARM/bin/../lib/gcc/arm-none-eabi/15.1.0/../../../../arm-none-eabi/lib/armv6k/fpu\libg.a(libc_a-wsetup.o)
                0x00116984                __swsetup_r
 .text.memmove  0x00116ac4      0x16c C:/devkitPro/devkitARM/bin/../lib/gcc/arm-none-eabi/15.1.0/../../../../arm-none-eabi/lib/armv6k/fpu\libg.a(libc_a-memmove.o)
                0x00116ac4                memmove
 .text.__assert_func
                0x00116c30       0x5c C:/devkitPro/devkitARM/bin/../lib/gcc/arm-none-eabi/15.1.0/../../../../arm-none-eabi/lib/armv6k/fpu\libg.a(libc_a-assert.o)
                0x00116c30                __assert_func
 .text._Balloc  0x00116c8c       0x88 C:/devkitPro/devkitARM/bin/../lib/gcc/arm-none-eabi/15.1.0/../../../../arm-none-eabi/lib/armv6k/fpu\libg.a(libc_a-mprec.o)
                0x00116c8c                _Balloc
 .text._Bfree   0x00116d14       0x1c C:/devkitPro/devkitARM/bin/../lib/gcc/arm-none-eabi/15.1.0/../../../../arm-none-eabi/lib/armv6k/fpu\libg.a(libc_a-mprec.o)
                0x00116d14                _Bfree
 .text.__multadd
                0x00116d30       0xf4 C:/devkitPro/devkitARM/bin/../lib/gcc/arm-none-eabi/15.1.0/../../../../arm-none-eabi/lib/armv6k/fpu\libg.a(libc_a-mprec.o)
                0x00116d30                __multadd
 .text.__hi0bits
                0x00116e24       0x80 C:/devkitPro/devkitARM/bin/../lib/gcc/arm-none-eabi/15.1.0/../../../../arm-none-eabi/lib/armv6k/fpu\libg.a(libc_a-mprec.o)
                0x00116e24                __hi0bits
 .text.__lo0bits
                0x00116ea4       0xf0 C:/devkitPro/devkitARM/bin/../lib/gcc/arm-none-eabi/15.1.0/../../../../arm-none-eabi/lib/armv6k/fpu\libg.a(libc_a-mprec.o)
                0x00116ea4                __lo0bits
 .text.__i2b    0x00116f94       0xa4 C:/devkitPro/devkitARM/bin/../lib/gcc/arm-none-eabi/15.1.0/../../../../arm-none-eabi/lib/armv6k/fpu\libg.a(libc_a-mprec.o)
                0x00116f94                __i2b
 .text.__multiply
                0x00117038      0x230 C:/devkitPro/devkitARM/bin/../lib/gcc/arm-none-eabi/15.1.0/../../../../arm-none-eabi/lib/armv6k/fpu\libg.a(libc_a-mprec.o)
                0x00117038                __multiply
 .text.__pow5mult
                0x00117268      0x130 C:/devkitPro/devkitARM/bin/../lib/gcc/arm-none-eabi/15.1.0/../../../../arm-none-eabi/lib/armv6k/fpu\libg.a(libc_a-mprec.o)
                0x00117268                __pow5mult
 .text.__lshift
                0x00117398      0x138 C:/devkitPro/devkitARM/bin/../lib/gcc/arm-none-eabi/15.1.0/../../../../arm-none-eabi/lib/armv6k/fpu\libg.a(libc_a-mprec.o)
                0x00117398                __lshift
 .text.__mcmp   0x001174d0       0x58 C:/devkitPro/devkitARM/bin/../lib/gcc/arm-none-eabi/15.1.0/../../../../arm-none-eabi/lib/armv6k/fpu\libg.a(libc_a-mprec.o)
                0x001174d0                __mcmp
 .text.__mdiff  0x00117528      0x218 C:/devkitPro/devkitARM/bin/../lib/gcc/arm-none-eabi/15.1.0/../../../../arm-none-eabi/lib/armv6k/fpu\libg.a(libc_a-mprec.o)
                0x00117528                __mdiff
 .text.__d2b    0x00117740      0x120 C:/devkitPro/devkitARM/bin/../lib/gcc/arm-none-eabi/15.1.0/../../../../arm-none-eabi/lib/armv6k/fpu\libg.a(libc_a-mprec.o)
                0x00117740                __d2b
 .text.fiprintf
                0x00117860       0x3c C:/devkitPro/devkitARM/bin/../lib/gcc/arm-none-eabi/15.1.0/../../../../arm-none-eabi/lib/armv6k/fpu\libg.a(libc_a-fiprintf.o)
                0x00117860                fiprintf
 .text.__sprint_r
                0x0011789c       0x30 C:/devkitPro/devkitARM/bin/../lib/gcc/arm-none-eabi/15.1.0/../../../../arm-none-eabi/lib/armv6k/fpu\libg.a(libc_a-sprint_r.o)
                0x0011789c                __sprint_r
 .text.abort    0x001178cc       0x14 C:/devkitPro/devkitARM/bin/../lib/gcc/arm-none-eabi/15.1.0/../../../../arm-none-eabi/lib/armv6k/fpu\libg.a(libc_a-abort.o)
                0x001178cc                abort
 .text._calloc_r
                0x001178e0       0xd8 C:/devkitPro/devkitARM/bin/../lib/gcc/arm-none-eabi/15.1.0/../../../../arm-none-eabi/lib/armv6k/fpu\libg.a(libc_a-callocr.o)
                0x001178e0                _calloc_r
 .text._realloc_r
                0x001179b8      0x4f0 C:/devkitPro/devkitARM/bin/../lib/gcc/arm-none-eabi/15.1.0/../../../../arm-none-eabi/lib/armv6k/fpu\libg.a(libc_a-reallocr.o)
                0x001179b8                _realloc_r
 .text.__sfvwrite_r
                0x00117ea8      0x4a4 C:/devkitPro/devkitARM/bin/../lib/gcc/arm-none-eabi/15.1.0/../../../../arm-none-eabi/lib/armv6k/fpu\libg.a(libc_a-fvwrite.o)
                0x00117ea8                __sfvwrite_r
 .text._raise_r
                0x0011834c       0x9c C:/devkitPro/devkitARM/bin/../lib/gcc/arm-none-eabi/15.1.0/../../../../arm-none-eabi/lib/armv6k/fpu\libg.a(libc_a-signal.o)
                0x0011834c                _raise_r
 .text.raise    0x001183e8       0x20 C:/devkitPro/devkitARM/bin/../lib/gcc/arm-none-eabi/15.1.0/../../../../arm-none-eabi/lib/armv6k/fpu\libg.a(libc_a-signal.o)
                0x001183e8                raise
 .text.get_arg  0x00118408      0x5e0 C:/devkitPro/devkitARM/bin/../lib/gcc/arm-none-eabi/15.1.0/../../../../arm-none-eabi/lib/armv6k/fpu\libg.a(libc_a-vfiprintf.o)
 .text._vfiprintf_r
                0x001189e8     0x22f8 C:/devkitPro/devkitARM/bin/../lib/gcc/arm-none-eabi/15.1.0/../../../../arm-none-eabi/lib/armv6k/fpu\libg.a(libc_a-vfiprintf.o)
                0x001189e8                _vfiprintf_r
 .text.__sbprintf
                0x0011ace0       0xb4 C:/devkitPro/devkitARM/bin/../lib/gcc/arm-none-eabi/15.1.0/../../../../arm-none-eabi/lib/armv6k/fpu\libg.a(libc_a-vfiprintf.o)
 .text._exit    0x0011ad94       0x20 C:/devkitPro/devkitARM/bin/../lib/gcc/arm-none-eabi/15.1.0/../../../../arm-none-eabi/lib/armv6k/fpu\libsysbase.a(libsysbase_libsysbase_a-_exit.o)
                0x0011ad94                _exit
 .text.chdir    0x0011adb4      0x140 C:/devkitPro/devkitARM/bin/../lib/gcc/arm-none-eabi/15.1.0/../../../../arm-none-eabi/lib/armv6k/fpu\libsysbase.a(libsysbase_libsysbase_a-chdir.o)
                0x0011adb4                chdir
 .text._concatenate_path
                0x0011aef4      0x1c8 C:/devkitPro/devkitARM/bin/../lib/gcc/arm-none-eabi/15.1.0/../../../../arm-none-eabi/lib/armv6k/fpu\libsysbase.a(libsysbase_libsysbase_a-concatenate.o)
                0x0011aef4                _concatenate_path
 .text.__dirnext
                0x0011b0bc       0x70 C:/devkitPro/devkitARM/bin/../lib/gcc/arm-none-eabi/15.1.0/../../../../arm-none-eabi/lib/armv6k/fpu\libsysbase.a(libsysbase_libsysbase_a-dirent.o)
 .text.opendir  0x0011b12c      0x114 C:/devkitPro/devkitARM/bin/../lib/gcc/arm-none-eabi/15.1.0/../../../../arm-none-eabi/lib/armv6k/fpu\libsysbase.a(libsysbase_libsysbase_a-dirent.o)
                0x0011b12c                opendir
 .text.closedir
                0x0011b240       0x98 C:/devkitPro/devkitARM/bin/../lib/gcc/arm-none-eabi/15.1.0/../../../../arm-none-eabi/lib/armv6k/fpu\libsysbase.a(libsysbase_libsysbase_a-dirent.o)
                0x0011b240                closedir
 .text.readdir_r
                0x0011b2d8       0xf8 C:/devkitPro/devkitARM/bin/../lib/gcc/arm-none-eabi/15.1.0/../../../../arm-none-eabi/lib/armv6k/fpu\libsysbase.a(libsysbase_libsysbase_a-dirent.o)
                0x0011b2d8                readdir_r
 .text.readdir  0x0011b3d0       0x48 C:/devkitPro/devkitARM/bin/../lib/gcc/arm-none-eabi/15.1.0/../../../../arm-none-eabi/lib/armv6k/fpu\libsysbase.a(libsysbase_libsysbase_a-dirent.o)
                0x0011b3d0                readdir
 .text._fstat_r
                0x0011b418       0x9c C:/devkitPro/devkitARM/bin/../lib/gcc/arm-none-eabi/15.1.0/../../../../arm-none-eabi/lib/armv6k/fpu\libsysbase.a(libsysbase_libsysbase_a-fstat.o)
                0x0011b418                _fstat_r
 .text._getpid_r
                0x0011b4b4       0x14 C:/devkitPro/devkitARM/bin/../lib/gcc/arm-none-eabi/15.1.0/../../../../arm-none-eabi/lib/armv6k/fpu\libsysbase.a(libsysbase_libsysbase_a-getpid.o)
                0x0011b4b4                _getpid_r
 .text.__getreent
                0x0011b4c8       0x2c C:/devkitPro/devkitARM/bin/../lib/gcc/arm-none-eabi/15.1.0/../../../../arm-none-eabi/lib/armv6k/fpu\libsysbase.a(libsysbase_libsysbase_a-getreent.o)
                0x0011b4c8                __getreent
 .text.__get_handle
                0x0011b4f4       0x58 C:/devkitPro/devkitARM/bin/../lib/gcc/arm-none-eabi/15.1.0/../../../../arm-none-eabi/lib/armv6k/fpu\libsysbase.a(libsysbase_libsysbase_a-handle_manager.o)
                0x0011b4f4                __get_handle
 .text._close_r
                0x0011b54c      0x110 C:/devkitPro/devkitARM/bin/../lib/gcc/arm-none-eabi/15.1.0/../../../../arm-none-eabi/lib/armv6k/fpu\libsysbase.a(libsysbase_libsysbase_a-handle_manager.o)
                0x0011b54c                _close_r
 .text.null_write
                0x0011b65c        0x8 C:/devkitPro/devkitARM/bin/../lib/gcc/arm-none-eabi/15.1.0/../../../../arm-none-eabi/lib/armv6k/fpu\libsysbase.a(libsysbase_libsysbase_a-iosupport.o)
 .text.setDefaultDevice
                0x0011b664       0x18 C:/devkitPro/devkitARM/bin/../lib/gcc/arm-none-eabi/15.1.0/../../../../arm-none-eabi/lib/armv6k/fpu\libsysbase.a(libsysbase_libsysbase_a-iosupport.o)
                0x0011b664                setDefaultDevice
 .text.FindDevice
                0x0011b67c       0xc4 C:/devkitPro/devkitARM/bin/../lib/gcc/arm-none-eabi/15.1.0/../../../../arm-none-eabi/lib/armv6k/fpu\libsysbase.a(libsysbase_libsysbase_a-iosupport.o)
                0x0011b67c                FindDevice
 .text.RemoveDevice
                0x0011b740       0x28 C:/devkitPro/devkitARM/bin/../lib/gcc/arm-none-eabi/15.1.0/../../../../arm-none-eabi/lib/armv6k/fpu\libsysbase.a(libsysbase_libsysbase_a-iosupport.o)
                0x0011b740                RemoveDevice
 .text.AddDevice
                0x0011b768       0x98 C:/devkitPro/devkitARM/bin/../lib/gcc/arm-none-eabi/15.1.0/../../../../arm-none-eabi/lib/armv6k/fpu\libsysbase.a(libsysbase_libsysbase_a-iosupport.o)
                0x0011b768                AddDevice
 .text.GetDeviceOpTab
                0x0011b800       0x20 C:/devkitPro/devkitARM/bin/../lib/gcc/arm-none-eabi/15.1.0/../../../../arm-none-eabi/lib/armv6k/fpu\libsysbase.a(libsysbase_libsysbase_a-iosupport.o)
                0x0011b800                GetDeviceOpTab
 .text._isatty_r
                0x0011b820        0x8 C:/devkitPro/devkitARM/bin/../lib/gcc/arm-none-eabi/15.1.0/../../../../arm-none-eabi/lib/armv6k/fpu\libsysbase.a(libsysbase_libsysbase_a-isatty.o)
                0x0011b820                _isatty_r
 .text._kill_r  0x0011b828       0x14 C:/devkitPro/devkitARM/bin/../lib/gcc/arm-none-eabi/15.1.0/../../../../arm-none-eabi/lib/armv6k/fpu\libsysbase.a(libsysbase_libsysbase_a-kill.o)
                0x0011b828                _kill_r
 .text._lseek_r
                0x0011b83c       0x94 C:/devkitPro/devkitARM/bin/../lib/gcc/arm-none-eabi/15.1.0/../../../../arm-none-eabi/lib/armv6k/fpu\libsysbase.a(libsysbase_libsysbase_a-lseek.o)
                0x0011b83c                _lseek_r
 .text._read_r  0x0011b8d0       0x94 C:/devkitPro/devkitARM/bin/../lib/gcc/arm-none-eabi/15.1.0/../../../../arm-none-eabi/lib/armv6k/fpu\libsysbase.a(libsysbase_libsysbase_a-read.o)
                0x0011b8d0                _read_r
 .text._sbrk_r  0x0011b964       0x78 C:/devkitPro/devkitARM/bin/../lib/gcc/arm-none-eabi/15.1.0/../../../../arm-none-eabi/lib/armv6k/fpu\libsysbase.a(libsysbase_libsysbase_a-sbrk.o)
                0x0011b964                _sbrk_r
 .text._stat_r  0x0011b9dc       0x80 C:/devkitPro/devkitARM/bin/../lib/gcc/arm-none-eabi/15.1.0/../../../../arm-none-eabi/lib/armv6k/fpu\libsysbase.a(libsysbase_libsysbase_a-stat.o)
                0x0011b9dc                _stat_r
 .text.__libc_lock_acquire
                0x0011ba5c       0x1c C:/devkitPro/devkitARM/bin/../lib/gcc/arm-none-eabi/15.1.0/../../../../arm-none-eabi/lib/armv6k/fpu\libsysbase.a(libsysbase_libsysbase_a-syscall_support.o)
                0x0011ba5c                __libc_lock_acquire
 .text.__libc_lock_release
                0x0011ba78       0x1c C:/devkitPro/devkitARM/bin/../lib/gcc/arm-none-eabi/15.1.0/../../../../arm-none-eabi/lib/armv6k/fpu\libsysbase.a(libsysbase_libsysbase_a-syscall_support.o)
                0x0011ba78                __libc_lock_release
 .text.__libc_lock_acquire_recursive
                0x0011ba94       0x1c C:/devkitPro/devkitARM/bin/../lib/gcc/arm-none-eabi/15.1.0/../../../../arm-none-eabi/lib/armv6k/fpu\libsysbase.a(libsysbase_libsysbase_a-syscall_support.o)
                0x0011ba94                __libc_lock_acquire_recursive
 .text.__libc_lock_release_recursive
                0x0011bab0       0x1c C:/devkitPro/devkitARM/bin/../lib/gcc/arm-none-eabi/15.1.0/../../../../arm-none-eabi/lib/armv6k/fpu\libsysbase.a(libsysbase_libsysbase_a-syscall_support.o)
                0x0011bab0                __libc_lock_release_recursive
 .text._write_r
                0x0011bacc       0x94 C:/devkitPro/devkitARM/bin/../lib/gcc/arm-none-eabi/15.1.0/../../../../arm-none-eabi/lib/armv6k/fpu\libsysbase.a(libsysbase_libsysbase_a-write.o)
                0x0011bacc                _write_r
 *(.glue_7)
 .glue_7        0x0011bb60        0x0 linker stubs
 *(.glue_7t)
 .glue_7t       0x0011bb60        0x0 linker stubs
 *(.stub)
 *(.gnu.warning)
 *(.gnu.linkonce.t*)
                0x0011bb60                        . = ALIGN (0x4)
 *(.fini)
 .fini          0x0011bb60        0xc C:/devkitPro/devkitARM/bin/../lib/gcc/arm-none-eabi/15.1.0/armv6k/fpu/crti.o
                0x0011bb60                _fini
 .fini          0x0011bb6c        0xc C:/devkitPro/devkitARM/bin/../lib/gcc/arm-none-eabi/15.1.0/armv6k/fpu/crtn.o
                0x0011bb78                        . = ALIGN (0x4)

.vfp11_veneer   0x0011bb78        0x0
 .vfp11_veneer  0x0011bb78        0x0 linker stubs

.v4_bx          0x0011bb78        0x0
 .v4_bx         0x0011bb78        0x0 linker stubs

.iplt           0x0011bb78        0x0
 .iplt          0x0011bb78        0x0 C:/devkitPro/devkitARM/bin/../lib/gcc/arm-none-eabi/15.1.0/../../../../arm-none-eabi/lib/armv6k/fpu/3dsx_crt0.o
                0x0011c000                        . = ALIGN (0x1000)

.rodata         0x0011c000     0x1528
 *(.rodata)
 .rodata        0x0011c000        0xc C:/devkitPro/libctru/lib\libctru.a(archive_dev.o)
 *(.roda)
 *(.rodata.*)
 .rodata.str1.4
                0x0011c00c      0x227 main.o
                                 0x53 (size before relaxing)
 .rodata.consolePrintChar
                0x0011c233        0x6 C:/devkitPro/libctru/lib\libctru.a(console.o)
 *fill*         0x0011c239        0x1 
 .rodata.con_write
                0x0011c23a      0x164 C:/devkitPro/libctru/lib\libctru.a(console.o)
 .rodata.str1.4
                0x0011c39e       0x10 C:/devkitPro/libctru/lib\libctru.a(console.o)
 *fill*         0x0011c39e        0x2 
 .rodata.dotab_stdout
                0x0011c3a0       0x80 C:/devkitPro/libctru/lib\libctru.a(console.o)
 .rodata.grayScale
                0x0011c420       0x18 C:/devkitPro/libctru/lib\libctru.a(console.o)
 .rodata.colorCube
                0x0011c438        0x6 C:/devkitPro/libctru/lib\libctru.a(console.o)
 *fill*         0x0011c43e        0x2 
 .rodata.colorTable
                0x0011c440       0x30 C:/devkitPro/libctru/lib\libctru.a(console.o)
 .rodata.aptEventHandler
                0x0011c470        0xb C:/devkitPro/libctru/lib\libctru.a(apt.o)
 .rodata.aptWaitForWakeUp.isra.0
                0x0011c47b       0x11 C:/devkitPro/libctru/lib\libctru.a(apt.o)
 .rodata.morton_y.2
                0x0011c48c        0x8 C:/devkitPro/libctru/lib\libctru.a(apt.o)
 .rodata.morton_x.3
                0x0011c494        0x8 C:/devkitPro/libctru/lib\libctru.a(apt.o)
 .rodata.s_sleepWakeEvents.4
                0x0011c49c        0x8 C:/devkitPro/libctru/lib\libctru.a(apt.o)
 .rodata.str1.4
                0x0011c4a4       0x16 C:/devkitPro/libctru/lib\libctru.a(apt.o)
 .rodata.serviceNameTable.5
                0x0011c4a4        0xc C:/devkitPro/libctru/lib\libctru.a(apt.o)
 .rodata.gspInit.str1.4
                0x0011c4b0        0x9 C:/devkitPro/libctru/lib\libctru.a(gspgpu.o)
 .rodata.hidInit.str1.4
                0x0011c4b0       0x15 C:/devkitPro/libctru/lib\libctru.a(hid.o)
 .rodata.irrstInit.str1.4
                0x0011c4b0        0x7 C:/devkitPro/libctru/lib\libctru.a(irrst.o)
 .rodata.__system_initArgv.str1.4
                0x0011c4b0        0xa C:/devkitPro/libctru/lib\libctru.a(initArgv.o)
 .rodata.default_font_bin
                0x0011c4b0      0x800 C:/devkitPro/libctru/lib\libctru.a(default_font.bin.o)
                0x0011c4b0                default_font_bin
                0x0011ccb0                default_font_bin_end
 .rodata.srvInit.str1.4
                0x0011ccb0        0x5 C:/devkitPro/libctru/lib\libctru.a(srv.o)
 .rodata.ptmSysmInit.str1.4
                0x0011ccb0        0x9 C:/devkitPro/libctru/lib\libctru.a(ptmsysm.o)
 .rodata.archive_utf16path.str1.4
                0x0011ccb0        0x2 C:/devkitPro/libctru/lib\libctru.a(archive_dev.o)
 .rodata._archiveUnmountDeviceStruct.part.0.str1.4
                0x0011ccb0        0x2 C:/devkitPro/libctru/lib\libctru.a(archive_dev.o)
 .rodata._archiveMountDevice.str1.4
                0x0011ccb0        0xc C:/devkitPro/libctru/lib\libctru.a(archive_dev.o)
 .rodata.archiveMountSdmc.str1.4
                0x0011ccb0        0x5 C:/devkitPro/libctru/lib\libctru.a(archive_dev.o)
 .rodata.error_table
                0x0011ccb0       0x30 C:/devkitPro/libctru/lib\libctru.a(archive_dev.o)
 .rodata.str1.4
                0x0011cce0        0x8 C:/devkitPro/libctru/lib\libctru.a(archive_dev.o)
 .rodata.archive_devoptab
                0x0011cce0       0x80 C:/devkitPro/libctru/lib\libctru.a(archive_dev.o)
 .rodata.fsInit.str1.4
                0x0011cd60        0x8 C:/devkitPro/libctru/lib\libctru.a(fs.o)
 .rodata.get_arg
                0x0011cd60       0x34 C:/devkitPro/devkitARM/bin/../lib/gcc/arm-none-eabi/15.1.0/../../../../arm-none-eabi/lib/armv6k/fpu\libg.a(libc_a-svfprintf.o)
 .rodata._svfprintf_r.str1.1
                0x0011cd94       0x3b C:/devkitPro/devkitARM/bin/../lib/gcc/arm-none-eabi/15.1.0/../../../../arm-none-eabi/lib/armv6k/fpu\libg.a(libc_a-svfprintf.o)
 *fill*         0x0011cdcf        0x1 
 .rodata._svfprintf_r
                0x0011cdd0       0xb6 C:/devkitPro/devkitARM/bin/../lib/gcc/arm-none-eabi/15.1.0/../../../../arm-none-eabi/lib/armv6k/fpu\libg.a(libc_a-svfprintf.o)
 *fill*         0x0011ce86        0x2 
 .rodata.zeroes.0
                0x0011ce88       0x10 C:/devkitPro/devkitARM/bin/../lib/gcc/arm-none-eabi/15.1.0/../../../../arm-none-eabi/lib/armv6k/fpu\libg.a(libc_a-svfprintf.o)
 .rodata.blanks.1
                0x0011ce98       0x10 C:/devkitPro/devkitARM/bin/../lib/gcc/arm-none-eabi/15.1.0/../../../../arm-none-eabi/lib/armv6k/fpu\libg.a(libc_a-svfprintf.o)
 .rodata._ctype_
                0x0011cea8      0x101 C:/devkitPro/devkitARM/bin/../lib/gcc/arm-none-eabi/15.1.0/../../../../arm-none-eabi/lib/armv6k/fpu\libg.a(libc_a-ctype_.o)
                0x0011cea8                _ctype_
 *fill*         0x0011cfa9        0x3 
 .rodata.__action_table
                0x0011cfac       0x6c C:/devkitPro/devkitARM/bin/../lib/gcc/arm-none-eabi/15.1.0/../../../../arm-none-eabi/lib/armv6k/fpu\libg.a(libc_a-svfiprintf.o)
                0x0011cfac                __action_table
 .rodata.__state_table
                0x0011d018       0x6c C:/devkitPro/devkitARM/bin/../lib/gcc/arm-none-eabi/15.1.0/../../../../arm-none-eabi/lib/armv6k/fpu\libg.a(libc_a-svfiprintf.o)
                0x0011d018                __state_table
 .rodata.__chclass
                0x0011d084      0x100 C:/devkitPro/devkitARM/bin/../lib/gcc/arm-none-eabi/15.1.0/../../../../arm-none-eabi/lib/armv6k/fpu\libg.a(libc_a-svfiprintf.o)
                0x0011d084                __chclass
 .rodata.str1.4
                0x0011d184       0x4c C:/devkitPro/devkitARM/bin/../lib/gcc/arm-none-eabi/15.1.0/../../../../arm-none-eabi/lib/armv6k/fpu\libg.a(libc_a-locale.o)
 .rodata.get_arg
                0x0011d184       0x34 C:/devkitPro/devkitARM/bin/../lib/gcc/arm-none-eabi/15.1.0/../../../../arm-none-eabi/lib/armv6k/fpu\libg.a(libc_a-vfprintf.o)
 .rodata._vfprintf_r.str1.1
                0x0011d1b8       0x3b C:/devkitPro/devkitARM/bin/../lib/gcc/arm-none-eabi/15.1.0/../../../../arm-none-eabi/lib/armv6k/fpu\libg.a(libc_a-vfprintf.o)
 .rodata._vfprintf_r
                0x0011d1b8       0xb6 C:/devkitPro/devkitARM/bin/../lib/gcc/arm-none-eabi/15.1.0/../../../../arm-none-eabi/lib/armv6k/fpu\libg.a(libc_a-vfprintf.o)
 *fill*         0x0011d26e        0x2 
 .rodata.zeroes.0
                0x0011d270       0x10 C:/devkitPro/devkitARM/bin/../lib/gcc/arm-none-eabi/15.1.0/../../../../arm-none-eabi/lib/armv6k/fpu\libg.a(libc_a-vfprintf.o)
 .rodata.blanks.1
                0x0011d280       0x10 C:/devkitPro/devkitARM/bin/../lib/gcc/arm-none-eabi/15.1.0/../../../../arm-none-eabi/lib/armv6k/fpu\libg.a(libc_a-vfprintf.o)
 .rodata._dtoa_r.str1.4
                0x0011d290       0x6a C:/devkitPro/devkitARM/bin/../lib/gcc/arm-none-eabi/15.1.0/../../../../arm-none-eabi/lib/armv6k/fpu\libg.a(libc_a-dtoa.o)
 .rodata._dtoa_r
                0x0011d290        0x8 C:/devkitPro/devkitARM/bin/../lib/gcc/arm-none-eabi/15.1.0/../../../../arm-none-eabi/lib/armv6k/fpu\libg.a(libc_a-dtoa.o)
 .rodata.__assert_func.str1.4
                0x0011d298       0x43 C:/devkitPro/devkitARM/bin/../lib/gcc/arm-none-eabi/15.1.0/../../../../arm-none-eabi/lib/armv6k/fpu\libg.a(libc_a-assert.o)
 .rodata.__multadd.str1.4
                0x0011d298       0x57 C:/devkitPro/devkitARM/bin/../lib/gcc/arm-none-eabi/15.1.0/../../../../arm-none-eabi/lib/armv6k/fpu\libg.a(libc_a-mprec.o)
 .rodata.p05.0  0x0011d298        0xc C:/devkitPro/devkitARM/bin/../lib/gcc/arm-none-eabi/15.1.0/../../../../arm-none-eabi/lib/armv6k/fpu\libg.a(libc_a-mprec.o)
 *fill*         0x0011d2a4        0x4 
 .rodata.__mprec_bigtens
                0x0011d2a8       0x28 C:/devkitPro/devkitARM/bin/../lib/gcc/arm-none-eabi/15.1.0/../../../../arm-none-eabi/lib/armv6k/fpu\libg.a(libc_a-mprec.o)
                0x0011d2a8                __mprec_bigtens
 .rodata.__mprec_tens
                0x0011d2d0       0xc8 C:/devkitPro/devkitARM/bin/../lib/gcc/arm-none-eabi/15.1.0/../../../../arm-none-eabi/lib/armv6k/fpu\libg.a(libc_a-mprec.o)
                0x0011d2d0                __mprec_tens
 .rodata.get_arg
                0x0011d398       0x34 C:/devkitPro/devkitARM/bin/../lib/gcc/arm-none-eabi/15.1.0/../../../../arm-none-eabi/lib/armv6k/fpu\libg.a(libc_a-vfiprintf.o)
 .rodata._vfiprintf_r.str1.1
                0x0011d3cc       0x29 C:/devkitPro/devkitARM/bin/../lib/gcc/arm-none-eabi/15.1.0/../../../../arm-none-eabi/lib/armv6k/fpu\libg.a(libc_a-vfiprintf.o)
 .rodata._vfiprintf_r
                0x0011d3cc       0xb6 C:/devkitPro/devkitARM/bin/../lib/gcc/arm-none-eabi/15.1.0/../../../../arm-none-eabi/lib/armv6k/fpu\libg.a(libc_a-vfiprintf.o)
 *fill*         0x0011d482        0x2 
 .rodata.zeroes.0
                0x0011d484       0x10 C:/devkitPro/devkitARM/bin/../lib/gcc/arm-none-eabi/15.1.0/../../../../arm-none-eabi/lib/armv6k/fpu\libg.a(libc_a-vfiprintf.o)
 .rodata.blanks.1
                0x0011d494       0x10 C:/devkitPro/devkitARM/bin/../lib/gcc/arm-none-eabi/15.1.0/../../../../arm-none-eabi/lib/armv6k/fpu\libg.a(libc_a-vfiprintf.o)
 .rodata.AddDevice.str1.4
                0x0011d4a4        0x8 C:/devkitPro/devkitARM/bin/../lib/gcc/arm-none-eabi/15.1.0/../../../../arm-none-eabi/lib/armv6k/fpu\libsysbase.a(libsysbase_libsysbase_a-iosupport.o)
 .rodata.dotab_stdnull
                0x0011d4a4       0x80 C:/devkitPro/devkitARM/bin/../lib/gcc/arm-none-eabi/15.1.0/../../../../arm-none-eabi/lib/armv6k/fpu\libsysbase.a(libsysbase_libsysbase_a-iosupport.o)
                0x0011d4a4                dotab_stdnull
 *all.rodata*(*)
 *(.gnu.linkonce.r*)
                0x0011d524                        . = ALIGN (0x4)
                0x0011d524                        __tdata_align = .
                0x0011d524        0x4 LONG 0x4 ALIGNOF (.tdata)
                0x0011d528                        . = ALIGN (0x4)

.eh_frame       0x0011d528        0x0
 .eh_frame      0x0011d528        0x0 C:/devkitPro/devkitARM/bin/../lib/gcc/arm-none-eabi/15.1.0/armv6k/fpu/crtbegin.o

.rel.dyn        0x0011d528        0x0
 .rel.iplt      0x0011d528        0x0 C:/devkitPro/devkitARM/bin/../lib/gcc/arm-none-eabi/15.1.0/../../../../arm-none-eabi/lib/armv6k/fpu/3dsx_crt0.o
 .rel.got       0x0011d528        0x0 C:/devkitPro/devkitARM/bin/../lib/gcc/arm-none-eabi/15.1.0/../../../../arm-none-eabi/lib/armv6k/fpu/3dsx_crt0.o

.ARM.extab
 *(.ARM.extab* .gnu.linkonce.armextab.*)
                0x0011d528                        __exidx_start = .

.ARM.exidx
 *(.ARM.exidx* .gnu.linkonce.armexidx.*)
                0x0011d528                        __exidx_end = .
                0x0011e000                        . = ALIGN (0x1000)

.data           0x0011e000     0x1bec
 *(.data)
 *(.data.*)
 .data.firstConsoleInit.0
                0x0011e000        0x1 C:/devkitPro/libctru/lib\libctru.a(console.o)
 *fill*         0x0011e001        0x3 
 .data.currentConsole
                0x0011e004        0x4 C:/devkitPro/libctru/lib\libctru.a(console.o)
                0x0011e004                currentConsole
 .data.defaultConsole
                0x0011e008       0x48 C:/devkitPro/libctru/lib\libctru.a(console.o)
                0x0011e008                defaultConsole
 .data.aptChainloadDeliverArgSize
                0x0011e050        0x4 C:/devkitPro/libctru/lib\libctru.a(apt.o)
 .data.kCount   0x0011e054        0x4 C:/devkitPro/libctru/lib\libctru.a(hid.o)
 .data.kInterval
                0x0011e058        0x4 C:/devkitPro/libctru/lib\libctru.a(hid.o)
 .data.kDelay   0x0011e05c        0x4 C:/devkitPro/libctru/lib\libctru.a(hid.o)
 .data.__stacksize__
                0x0011e060        0x4 C:/devkitPro/libctru/lib\libctru.a(stack_adjust.o)
                0x0011e060                __stacksize__
 .data.__sglue  0x0011e064        0xc C:/devkitPro/devkitARM/bin/../lib/gcc/arm-none-eabi/15.1.0/../../../../arm-none-eabi/lib/armv6k/fpu\libg.a(libc_a-findfp.o)
                0x0011e064                __sglue
 .data.__malloc_sbrk_base
                0x0011e070        0x4 C:/devkitPro/devkitARM/bin/../lib/gcc/arm-none-eabi/15.1.0/../../../../arm-none-eabi/lib/armv6k/fpu\libg.a(libc_a-mallocr.o)
                0x0011e070                __malloc_sbrk_base
 .data.__malloc_trim_threshold
                0x0011e074        0x4 C:/devkitPro/devkitARM/bin/../lib/gcc/arm-none-eabi/15.1.0/../../../../arm-none-eabi/lib/armv6k/fpu\libg.a(libc_a-mallocr.o)
                0x0011e074                __malloc_trim_threshold
 .data.__malloc_av_
                0x0011e078      0x408 C:/devkitPro/devkitARM/bin/../lib/gcc/arm-none-eabi/15.1.0/../../../../arm-none-eabi/lib/armv6k/fpu\libg.a(libc_a-mallocr.o)
                0x0011e078                __malloc_av_
 .data._impure_ptr
                0x0011e480        0x4 C:/devkitPro/devkitARM/bin/../lib/gcc/arm-none-eabi/15.1.0/../../../../arm-none-eabi/lib/armv6k/fpu\libg.a(libc_a-impure.o)
                0x0011e480                _impure_ptr
 *fill*         0x0011e484        0x4 
 .data._impure_data
                0x0011e488      0x140 C:/devkitPro/devkitARM/bin/../lib/gcc/arm-none-eabi/15.1.0/../../../../arm-none-eabi/lib/armv6k/fpu\libg.a(libc_a-impure.o)
                0x0011e488                _impure_data
 .data.__global_locale
                0x0011e5c8      0x16c C:/devkitPro/devkitARM/bin/../lib/gcc/arm-none-eabi/15.1.0/../../../../arm-none-eabi/lib/armv6k/fpu\libg.a(libc_a-locale.o)
                0x0011e5c8                __global_locale
 .data._current_working_directory
                0x0011e734      0x400 C:/devkitPro/devkitARM/bin/../lib/gcc/arm-none-eabi/15.1.0/../../../../arm-none-eabi/lib/armv6k/fpu\libsysbase.a(libsysbase_libsysbase_a-chdir.o)
 *fill*         0x0011eb34        0x4 
 .data.handles  0x0011eb38     0x1000 C:/devkitPro/devkitARM/bin/../lib/gcc/arm-none-eabi/15.1.0/../../../../arm-none-eabi/lib/armv6k/fpu\libsysbase.a(libsysbase_libsysbase_a-handle_manager.o)
 .data.__stderr_handle
                0x0011fb38        0xc C:/devkitPro/devkitARM/bin/../lib/gcc/arm-none-eabi/15.1.0/../../../../arm-none-eabi/lib/armv6k/fpu\libsysbase.a(libsysbase_libsysbase_a-handle_manager.o)
 .data.__stdout_handle
                0x0011fb44        0xc C:/devkitPro/devkitARM/bin/../lib/gcc/arm-none-eabi/15.1.0/../../../../arm-none-eabi/lib/armv6k/fpu\libsysbase.a(libsysbase_libsysbase_a-handle_manager.o)
 .data.__stdin_handle
                0x0011fb50        0xc C:/devkitPro/devkitARM/bin/../lib/gcc/arm-none-eabi/15.1.0/../../../../arm-none-eabi/lib/armv6k/fpu\libsysbase.a(libsysbase_libsysbase_a-handle_manager.o)
 .data.devoptab_list
                0x0011fb5c       0x8c C:/devkitPro/devkitARM/bin/../lib/gcc/arm-none-eabi/15.1.0/../../../../arm-none-eabi/lib/armv6k/fpu\libsysbase.a(libsysbase_libsysbase_a-iosupport.o)
                0x0011fb5c                devoptab_list
 .data.defaultDevice
                0x0011fbe8        0x4 C:/devkitPro/devkitARM/bin/../lib/gcc/arm-none-eabi/15.1.0/../../../../arm-none-eabi/lib/armv6k/fpu\libsysbase.a(libsysbase_libsysbase_a-iosupport.o)
 *(.gnu.linkonce.d*)
                0x0011fbec                        . = ALIGN (0x4)

.igot.plt       0x0011fbec        0x0
 .igot.plt      0x0011fbec        0x0 C:/devkitPro/devkitARM/bin/../lib/gcc/arm-none-eabi/15.1.0/../../../../arm-none-eabi/lib/armv6k/fpu/3dsx_crt0.o

.got            0x0011fbec        0x8
 .got           0x0011fbec        0x8 C:/devkitPro/devkitARM/bin/../lib/gcc/arm-none-eabi/15.1.0/../../../../arm-none-eabi/lib/armv6k/fpu/3dsx_crt0.o

.got.plt        0x0011fbf4        0xc
 .got.plt       0x0011fbf4        0xc C:/devkitPro/devkitARM/bin/../lib/gcc/arm-none-eabi/15.1.0/../../../../arm-none-eabi/lib/armv6k/fpu/3dsx_crt0.o
                0x0011fbf4                _GLOBAL_OFFSET_TABLE_

.tdata          0x0011fc00        0x0
                0x0011fc00                        __tdata_lma = .
 *(.tdata)
 *(.tdata.*)
 *(.gnu.linkonce.td.*)
                0x0011fc00                        . = ALIGN (0x4)
                0x0011fc00                        __tdata_lma_end = .

.tbss           0x0011fc00      0xc08
 *(.tbss)
 *(.tbss.*)
 .tbss.__ctru_dev_utf16_buf
                0x0011fc00      0x802 C:/devkitPro/libctru/lib\libctru.a(path_buf.o)
                0x0011fc00                __ctru_dev_utf16_buf
 *fill*         0x00120402        0x2 
 .tbss.__ctru_dev_path_buf
                0x00120404      0x401 C:/devkitPro/libctru/lib\libctru.a(path_buf.o)
                0x00120404                __ctru_dev_path_buf
 *(.gnu.linkonce.tb.*)
 *(.tcommon)
                0x00120808                        . = ALIGN (0x4)
 *fill*         0x00120805        0x3 

.preinit_array  0x0011fc00        0x0
                0x0011fc00                        PROVIDE (__preinit_array_start = .)
 *(.preinit_array)
                0x0011fc00                        PROVIDE (__preinit_array_end = .)

.init_array     0x0011fc00        0x4
                0x0011fc00                        PROVIDE (__init_array_start = .)
 *(SORT_BY_NAME(.init_array.*))
 *(.init_array)
 .init_array    0x0011fc00        0x4 C:/devkitPro/devkitARM/bin/../lib/gcc/arm-none-eabi/15.1.0/armv6k/fpu/crtbegin.o
                0x0011fc04                        PROVIDE (__init_array_end = .)

.fini_array     0x0011fc04        0x4
                0x0011fc04                        PROVIDE (__fini_array_start = .)
 *(.fini_array)
 .fini_array    0x0011fc04        0x4 C:/devkitPro/devkitARM/bin/../lib/gcc/arm-none-eabi/15.1.0/armv6k/fpu/crtbegin.o
 *(SORT_BY_NAME(.fini_array.*))
                0x0011fc08                        PROVIDE (__fini_array_end = .)

.ctors
 *crtbegin.o(.ctors)
 *(EXCLUDE_FILE(*crtend.o) .ctors)
 *(SORT_BY_NAME(.ctors.*))
 *(.ctors)

.dtors
 *crtbegin.o(.dtors)
 *(EXCLUDE_FILE(*crtend.o) .dtors)
 *(SORT_BY_NAME(.dtors.*))
 *(.dtors)
                0x0011fc08                        __bss_start__ = .

.bss            0x0011fc08    0x23634
 *(.dynbss)
 *(.bss)
 .bss           0x0011fc08    0x20808 main.o
                0x0011fc08                entryCount
                0x0011fc0c                selected
                0x0011fc10                entries
 *(.bss.*)
 .bss.completed.1
                0x00140410        0x1 C:/devkitPro/devkitARM/bin/../lib/gcc/arm-none-eabi/15.1.0/armv6k/fpu/crtbegin.o
 *fill*         0x00140411        0x3 
 .bss.object.0  0x00140414       0x18 C:/devkitPro/devkitARM/bin/../lib/gcc/arm-none-eabi/15.1.0/armv6k/fpu/crtbegin.o
 .bss.escapeSeq
                0x0014042c       0x64 C:/devkitPro/libctru/lib\libctru.a(console.o)
 .bss.currentCopy
                0x00140490       0x48 C:/devkitPro/libctru/lib\libctru.a(console.o)
                0x00140490                currentCopy
 .bss.screenAlloc
                0x001404d8        0x4 C:/devkitPro/libctru/lib\libctru.a(gfx.o)
 .bss.screenFree
                0x001404dc        0x4 C:/devkitPro/libctru/lib\libctru.a(gfx.o)
 .bss.gfxIsDoubleBuf
                0x001404e0        0x2 C:/devkitPro/libctru/lib\libctru.a(gfx.o)
 *fill*         0x001404e2        0x2 
 .bss.gfxCurBuf
                0x001404e4        0x2 C:/devkitPro/libctru/lib\libctru.a(gfx.o)
 .bss.gfxIsVram
                0x001404e6        0x1 C:/devkitPro/libctru/lib\libctru.a(gfx.o)
 .bss.gfxTopMode
                0x001404e7        0x1 C:/devkitPro/libctru/lib\libctru.a(gfx.o)
 .bss.gfxFramebufferFormats
                0x001404e8        0x2 C:/devkitPro/libctru/lib\libctru.a(gfx.o)
 *fill*         0x001404ea        0x2 
 .bss.gfxBottomFramebufferMaxSize
                0x001404ec        0x4 C:/devkitPro/libctru/lib\libctru.a(gfx.o)
 .bss.gfxTopFramebufferMaxSize
                0x001404f0        0x4 C:/devkitPro/libctru/lib\libctru.a(gfx.o)
 *fill*         0x001404f4        0x4 
 .bss.gfxBottomFramebuffers
                0x001404f8        0x8 C:/devkitPro/libctru/lib\libctru.a(gfx.o)
 .bss.gfxTopFramebuffers
                0x00140500        0x8 C:/devkitPro/libctru/lib\libctru.a(gfx.o)
 .bss.flagValue.0
                0x00140508        0x1 C:/devkitPro/libctru/lib\libctru.a(apt.o)
 .bss.flagInit.1
                0x00140509        0x1 C:/devkitPro/libctru/lib\libctru.a(apt.o)
 *fill*         0x0014050a        0x2 
 .bss.serviceName.6
                0x0014050c        0x4 C:/devkitPro/libctru/lib\libctru.a(apt.o)
 .bss.aptChainloadFlags
                0x00140510        0x1 C:/devkitPro/libctru/lib\libctru.a(apt.o)
 .bss.aptChainloadMediatype
                0x00140511        0x1 C:/devkitPro/libctru/lib\libctru.a(apt.o)
 *fill*         0x00140512        0x2 
 .bss.aptChainloadHmac
                0x00140514       0x20 C:/devkitPro/libctru/lib\libctru.a(apt.o)
 .bss.aptChainloadDeliverArg
                0x00140534      0x300 C:/devkitPro/libctru/lib\libctru.a(apt.o)
 *fill*         0x00140834        0x4 
 .bss.aptChainloadTid
                0x00140838        0x8 C:/devkitPro/libctru/lib\libctru.a(apt.o)
 .bss.aptParameters
                0x00140840     0x1000 C:/devkitPro/libctru/lib\libctru.a(apt.o)
 .bss.aptFlags  0x00141840        0x4 C:/devkitPro/libctru/lib\libctru.a(apt.o)
 .bss.aptHomeButtonState
                0x00141844        0x1 C:/devkitPro/libctru/lib\libctru.a(apt.o)
 *fill*         0x00141845        0x3 
 .bss.aptMessageFuncData
                0x00141848        0x4 C:/devkitPro/libctru/lib\libctru.a(apt.o)
 .bss.aptMessageFunc
                0x0014184c        0x4 C:/devkitPro/libctru/lib\libctru.a(apt.o)
 .bss.aptFirstHook
                0x00141850        0xc C:/devkitPro/libctru/lib\libctru.a(apt.o)
 .bss.aptEventHandlerThreadQuit
                0x0014185c        0x1 C:/devkitPro/libctru/lib\libctru.a(apt.o)
 *fill*         0x0014185d        0x3 
 .bss.aptEventHandlerThread
                0x00141860        0x4 C:/devkitPro/libctru/lib\libctru.a(apt.o)
 .bss.aptSleepEvent
                0x00141864        0x8 C:/devkitPro/libctru/lib\libctru.a(apt.o)
 .bss.aptReceiveEvent
                0x0014186c        0x8 C:/devkitPro/libctru/lib\libctru.a(apt.o)
 .bss.aptEvents
                0x00141874        0x8 C:/devkitPro/libctru/lib\libctru.a(apt.o)
 .bss.aptLockHandle
                0x0014187c        0x4 C:/devkitPro/libctru/lib\libctru.a(apt.o)
 .bss.aptRefCount
                0x00141880        0x4 C:/devkitPro/libctru/lib\libctru.a(apt.o)
 .bss.gspEventCbOneShot
                0x00141884        0x7 C:/devkitPro/libctru/lib\libctru.a(gspgpu.o)
 *fill*         0x0014188b        0x1 
 .bss.gspEventCbData
                0x0014188c       0x1c C:/devkitPro/libctru/lib\libctru.a(gspgpu.o)
 .bss.gspEventCb
                0x001418a8       0x1c C:/devkitPro/libctru/lib\libctru.a(gspgpu.o)
 .bss.gspEvents
                0x001418c4       0x38 C:/devkitPro/libctru/lib\libctru.a(gspgpu.o)
 .bss.gspLastEvent
                0x001418fc        0x4 C:/devkitPro/libctru/lib\libctru.a(gspgpu.o)
 .bss.gspRunEvents
                0x00141900        0x1 C:/devkitPro/libctru/lib\libctru.a(gspgpu.o)
 *fill*         0x00141901        0x3 
 .bss.gspEventThread
                0x00141904        0x4 C:/devkitPro/libctru/lib\libctru.a(gspgpu.o)
 .bss.gspEvent  0x00141908        0x4 C:/devkitPro/libctru/lib\libctru.a(gspgpu.o)
 .bss.gspGpuRight
                0x0014190c        0x1 C:/devkitPro/libctru/lib\libctru.a(gspgpu.o)
 .bss.gspThreadId
                0x0014190d        0x1 C:/devkitPro/libctru/lib\libctru.a(gspgpu.o)
 *fill*         0x0014190e        0x2 
 .bss.gspSharedMem
                0x00141910        0x4 C:/devkitPro/libctru/lib\libctru.a(gspgpu.o)
 .bss.gspSharedMemHandle
                0x00141914        0x4 C:/devkitPro/libctru/lib\libctru.a(gspgpu.o)
 .bss.gspRefCount
                0x00141918        0x4 C:/devkitPro/libctru/lib\libctru.a(gspgpu.o)
 .bss.gspGpuHandle
                0x0014191c        0x4 C:/devkitPro/libctru/lib\libctru.a(gspgpu.o)
 .bss.usingIrrst
                0x00141920        0x1 C:/devkitPro/libctru/lib\libctru.a(hid.o)
 *fill*         0x00141921        0x3 
 .bss.hidRefCount
                0x00141924        0x4 C:/devkitPro/libctru/lib\libctru.a(hid.o)
 .bss.gRate     0x00141928        0x6 C:/devkitPro/libctru/lib\libctru.a(hid.o)
 *fill*         0x0014192e        0x2 
 .bss.aVec      0x00141930        0x6 C:/devkitPro/libctru/lib\libctru.a(hid.o)
 *fill*         0x00141936        0x2 
 .bss.cPos      0x00141938        0x4 C:/devkitPro/libctru/lib\libctru.a(hid.o)
 .bss.tPos      0x0014193c        0x4 C:/devkitPro/libctru/lib\libctru.a(hid.o)
 .bss.kRepeat   0x00141940        0x4 C:/devkitPro/libctru/lib\libctru.a(hid.o)
 .bss.kUp       0x00141944        0x4 C:/devkitPro/libctru/lib\libctru.a(hid.o)
 .bss.kDown     0x00141948        0x4 C:/devkitPro/libctru/lib\libctru.a(hid.o)
 .bss.kHeld     0x0014194c        0x4 C:/devkitPro/libctru/lib\libctru.a(hid.o)
 .bss.kOld      0x00141950        0x4 C:/devkitPro/libctru/lib\libctru.a(hid.o)
 .bss.hidSharedMem
                0x00141954        0x4 C:/devkitPro/libctru/lib\libctru.a(hid.o)
                0x00141954                hidSharedMem
 .bss.hidEvents
                0x00141958       0x14 C:/devkitPro/libctru/lib\libctru.a(hid.o)
                0x00141958                hidEvents
 .bss.hidMemHandle
                0x0014196c        0x4 C:/devkitPro/libctru/lib\libctru.a(hid.o)
                0x0014196c                hidMemHandle
 .bss.hidHandle
                0x00141970        0x4 C:/devkitPro/libctru/lib\libctru.a(hid.o)
                0x00141970                hidHandle
 .bss.irrstRefCount
                0x00141974        0x4 C:/devkitPro/libctru/lib\libctru.a(irrst.o)
 .bss.csPos     0x00141978        0x4 C:/devkitPro/libctru/lib\libctru.a(irrst.o)
 .bss.kHeld     0x0014197c        0x4 C:/devkitPro/libctru/lib\libctru.a(irrst.o)
 .bss.irrstSharedMem
                0x00141980        0x4 C:/devkitPro/libctru/lib\libctru.a(irrst.o)
                0x00141980                irrstSharedMem
 .bss.irrstEvent
                0x00141984        0x4 C:/devkitPro/libctru/lib\libctru.a(irrst.o)
                0x00141984                irrstEvent
 .bss.irrstMemHandle
                0x00141988        0x4 C:/devkitPro/libctru/lib\libctru.a(irrst.o)
                0x00141988                irrstMemHandle
 .bss.irrstHandle
                0x0014198c        0x4 C:/devkitPro/libctru/lib\libctru.a(irrst.o)
                0x0014198c                irrstHandle
 .bss.__system_retAddr
                0x00141990        0x4 C:/devkitPro/libctru/lib\libctru.a(ctru_init.o)
                0x00141990                __system_retAddr
 .bss.__system_argv
                0x00141994        0x4 C:/devkitPro/libctru/lib\libctru.a(initArgv.o)
                0x00141994                __system_argv
 .bss.__system_argc
                0x00141998        0x4 C:/devkitPro/libctru/lib\libctru.a(initArgv.o)
                0x00141998                __system_argc
 .bss.saved_stack.42
                0x0014199c        0x8 C:/devkitPro/libctru/lib\libctru.a(stack_adjust.o)
 *fill*         0x001419a4        0x4 
 .bss._ZL11sLinearPool
                0x001419a8        0x8 C:/devkitPro/libctru/lib\libctru.a(linear.o)
 .bss._ZL8sAddrMap
                0x001419b0        0xc C:/devkitPro/libctru/lib\libctru.a(linear.o)
 *fill*         0x001419bc        0x4 
 .bss._ZL10sVramPoolB
                0x001419c0        0x8 C:/devkitPro/libctru/lib\libctru.a(vram.o)
 .bss._ZL10sVramPoolA
                0x001419c8        0x8 C:/devkitPro/libctru/lib\libctru.a(vram.o)
 .bss._ZL8sAddrMap
                0x001419d0        0xc C:/devkitPro/libctru/lib\libctru.a(vram.o)
 .bss.__3dslink_host
                0x001419dc        0x4 C:/devkitPro/libctru/lib\libctru.a(3dslink.o)
                0x001419dc                __3dslink_host
 .bss.__ctru_speedup
                0x001419e0        0x1 C:/devkitPro/libctru/lib\libctru.a(os.o)
                0x001419e0                __ctru_speedup
 *fill*         0x001419e1        0x3 
 .bss.srvRefCount
                0x001419e4        0x4 C:/devkitPro/libctru/lib\libctru.a(srv.o)
 .bss.srvHandle
                0x001419e8        0x4 C:/devkitPro/libctru/lib\libctru.a(srv.o)
 .bss.arbiter   0x001419ec        0x4 C:/devkitPro/libctru/lib\libctru.a(synchronization.o)
 .bss.currentAddr
                0x001419f0        0x4 C:/devkitPro/libctru/lib\libctru.a(mappable.o)
 .bss.maxAddr   0x001419f4        0x4 C:/devkitPro/libctru/lib\libctru.a(mappable.o)