Archive member included to satisfy reference by file (symbol)

C:/devkitPro/libctru/lib\libctru.a(console.o)
                              main.o (consoleInit)
C:/devkitPro/libctru/lib\libctru.a(gfx.o)
                              C:/devkitPro/libctru/lib\libctru.a(console.o) (gfxIsWide)
C:/devkitPro/libctru/lib\libctru.a(apt.o)
                              main.o (aptMainLoop)
C:/devkitPro/libctru/lib\libctru.a(gspgpu.o)
                              C:/devkitPro/libctru/lib\libctru.a(gfx.o) (gspInit)
C:/devkitPro/libctru/lib\libctru.a(hid.o)
                              main.o (hidScanInput)
C:/devkitPro/libctru/lib\libctru.a(irrst.o)
                              C:/devkitPro/libctru/lib\libctru.a(hid.o) (irrstInit)
C:/devkitPro/libctru/lib\libctru.a(ctru_init.o)
                              C:/devkitPro/libctru/lib\libctru.a(apt.o) (__system_retAddr)
C:/devkitPro/libctru/lib\libctru.a(initArgv.o)
                              C:/devkitPro/libctru/lib\libctru.a(ctru_init.o) (__system_initArgv)
C:/devkitPro/libctru/lib\libctru.a(syscalls.o)
                              C:/devkitPro/libctru/lib\libctru.a(ctru_init.o) (__system_initSyscalls)
C:/devkitPro/libctru/lib\libctru.a(svc.o)
                              C:/devkitPro/libctru/lib\libctru.a(apt.o) (svcSleepThread)
C:/devkitPro/libctru/lib\libctru.a(stack_adjust.o)
                              C:/devkitPro/devkitARM/bin/../lib/gcc/arm-none-eabi/15.1.0/../../../../arm-none-eabi/lib/armv6k/fpu/3dsx_crt0.o (initSystem)
C:/devkitPro/libctru/lib\libctru.a(default_font.bin.o)
                              C:/devkitPro/libctru/lib\libctru.a(console.o) (default_font_bin)
C:/devkitPro/libctru/lib\libctru.a(linear.o)
                              C:/devkitPro/libctru/lib\libctru.a(gfx.o) (linearAlloc)
C:/devkitPro/libctru/lib\libctru.a(mem_pool.o)
                              C:/devkitPro/libctru/lib\libctru.a(linear.o) (MemPool::Allocate(MemChunk&, unsigned long, int))
C:/devkitPro/libctru/lib\libctru.a(vram.o)
                              C:/devkitPro/libctru/lib\libctru.a(gfx.o) (vramAlloc)
C:/devkitPro/libctru/lib\libctru.a(3dslink.o)
                              C:/devkitPro/libctru/lib\libctru.a(initArgv.o) (__3dslink_host)
C:/devkitPro/libctru/lib\libctru.a(env.o)
                              C:/devkitPro/libctru/lib\libctru.a(irrst.o) (envGetHandle)
C:/devkitPro/libctru/lib\libctru.a(os.o)
                              C:/devkitPro/libctru/lib\libctru.a(syscalls.o) (osGetTime)
C:/devkitPro/libctru/lib\libctru.a(srv.o)
                              C:/devkitPro/libctru/lib\libctru.a(apt.o) (srvInit)
C:/devkitPro/libctru/lib\libctru.a(synchronization.o)
                              C:/devkitPro/libctru/lib\libctru.a(ctru_init.o) (__sync_init)
C:/devkitPro/libctru/lib\libctru.a(thread.o)
                              C:/devkitPro/libctru/lib\libctru.a(apt.o) (threadCreate)
C:/devkitPro/libctru/lib\libctru.a(mappable.o)
                              C:/devkitPro/libctru/lib\libctru.a(apt.o) (mappableAlloc)
C:/devkitPro/libctru/lib\libctru.a(ptmsysm.o)
                              C:/devkitPro/libctru/lib\libctru.a(os.o) (ptmSysmInit)
C:/devkitPro/libctru/lib\libctru.a(srvpm.o)
                              C:/devkitPro/libctru/lib\libctru.a(srv.o) (srvPmGetSessionHandle)
C:/devkitPro/libctru/lib\libctru.a(soc_connect.o)
                              C:/devkitPro/libctru/lib\libctru.a(3dslink.o) (connect)
C:/devkitPro/libctru/lib\libctru.a(soc_socket.o)
                              C:/devkitPro/libctru/lib\libctru.a(3dslink.o) (socket)
C:/devkitPro/libctru/lib\libctru.a(rbtree_find.o)
                              C:/devkitPro/libctru/lib\libctru.a(linear.o) (rbtree_find)
C:/devkitPro/libctru/lib\libctru.a(rbtree_init.o)
                              C:/devkitPro/libctru/lib\libctru.a(linear.o) (rbtree_init)
C:/devkitPro/libctru/lib\libctru.a(rbtree_insert.o)
                              C:/devkitPro/libctru/lib\libctru.a(linear.o) (rbtree_insert)
C:/devkitPro/libctru/lib\libctru.a(rbtree_remove.o)
                              C:/devkitPro/libctru/lib\libctru.a(linear.o) (rbtree_remove)
C:/devkitPro/libctru/lib\libctru.a(rbtree_rotate.o)
                              C:/devkitPro/libctru/lib\libctru.a(rbtree_insert.o) (rbtree_rotate)
C:/devkitPro/libctru/lib\libctru.a(allocateHeaps.o)
                              C:/devkitPro/libctru/lib\libctru.a(ctru_init.o) (__system_allocateHeaps)
C:/devkitPro/libctru/lib\libctru.a(appExit.o)
                              C:/devkitPro/libctru/lib\libctru.a(stack_adjust.o) (__appExit)
C:/devkitPro/libctru/lib\libctru.a(appInit.o)
                              C:/devkitPro/libctru/lib\libctru.a(stack_adjust.o) (__appInit)
C:/devkitPro/libctru/lib\libctru.a(ctru_exit.o)
                              C:/devkitPro/libctru/lib\libctru.a(stack_adjust.o) (__libctru_exit)
C:/devkitPro/libctru/lib\libctru.a(archive_dev.o)
                              C:/devkitPro/libctru/lib\libctru.a(appInit.o) (archiveMountSdmc)
[...]
Memory Configuration

Name             Origin             Length             Attributes
*default*        0x00000000         0xffffffff

Linker script and memory map

                0x00000000                        __sync_synchronize = __sync_synchronize_dmb
                0x00100000                        PROVIDE (__start__ = 0x100000)
                0x00100000                        . = __start__

.text           0x00100000    0x1bbb0
 *(.crt0)
 .crt0          0x00100000       0x94 C:/devkitPro/devkitARM/bin/../lib/gcc/arm-none-eabi/15.1.0/../../../../arm-none-eabi/lib/armv6k/fpu/3dsx_crt0.o
                0x00100000                _start
                0x00100008                __service_ptr
                0x0010000c                __apt_appid
                0x00100010                __heap_size
                0x00100014                __linear_heap_size
                0x00100018                __system_arglist
                0x0010001c                __system_runflags
 *(.init)
 .init          0x00100094        0xc C:/devkitPro/devkitARM/bin/../lib/gcc/arm-none-eabi/15.1.0/armv6k/fpu/crti.o
                0x00100094                _init
 .init          0x001000a0        0xc C:/devkitPro/devkitARM/bin/../lib/gcc/arm-none-eabi/15.1.0/armv6k/fpu/crtn.o
                0x001000ac                        . = ALIGN (0x4)
 *(.text)
 .text          0x001000ac      0x240 C:/devkitPro/devkitARM/bin/../lib/gcc/arm-none-eabi/15.1.0/armv6k/fpu\libgcc.a(_divsi3.o)
                0x001000ac                __divsi3
                0x001000ac                __aeabi_idiv
                0x001002cc                __aeabi_idivmod
 .text          0x001002ec        0x4 C:/devkitPro/devkitARM/bin/../lib/gcc/arm-none-eabi/15.1.0/armv6k/fpu\libgcc.a(_dvmd_tls.o)
                0x001002ec                __aeabi_idiv0
                0x001002ec                __aeabi_ldiv0
 .text          0x001002f0       0x3c C:/devkitPro/devkitARM/bin/../lib/gcc/arm-none-eabi/15.1.0/armv6k/fpu\libgcc.a(_aeabi_uldivmod.o)
                0x001002f0                __aeabi_uldivmod
 *fill*         0x0010032c       0x14 
 .text          0x00100340      0x390 C:/devkitPro/devkitARM/bin/../lib/gcc/arm-none-eabi/15.1.0/../../../../arm-none-eabi/lib/armv6k/fpu\libg.a(libc_a-strcmp.o)
                0x00100348                strcmp
 .text          0x001006d0      0x20c C:/devkitPro/devkitARM/bin/../lib/gcc/arm-none-eabi/15.1.0/armv6k/fpu\libgcc.a(_udivsi3.o)
                0x001006d0                __aeabi_uidiv
                0x001006d0                __udivsi3
                0x001008bc                __aeabi_uidivmod
 *(.text.*)
 .text.__do_global_dtors_aux
                0x001008dc       0x50 C:/devkitPro/devkitARM/bin/../lib/gcc/arm-none-eabi/15.1.0/armv6k/fpu/crtbegin.o
 .text.frame_dummy
                0x0010092c       0x2c C:/devkitPro/devkitARM/bin/../lib/gcc/arm-none-eabi/15.1.0/armv6k/fpu/crtbegin.o
 .text.loadDirectory
                0x00100958      0x124 main.o
                0x00100958                loadDirectory
 .text.openFileBrowser
                0x00100a7c      0x1e4 main.o
                0x00100a7c                openFileBrowser
 .text.startup.main
                0x00100c60       0x40 main.o
                0x00100c60                main
 .text.consoleDrawChar
                0x00100ca0      0x1c8 C:/devkitPro/libctru/lib\libctru.a(console.o)
                0x00100ca0                consoleDrawChar
 .text.consolePrintChar
                0x00100e68      0x170 C:/devkitPro/libctru/lib\libctru.a(console.o)
                0x00100e68                consolePrintChar
 .text.con_write
                0x00100fd8      0xc40 C:/devkitPro/libctru/lib\libctru.a(console.o)
                0x00100fd8                con_write
 .text.newRow   0x00101c18      0x110 C:/devkitPro/libctru/lib\libctru.a(console.o)
 .text.consoleInit
                0x00101d28      0x180 C:/devkitPro/libctru/lib\libctru.a(console.o)
                0x00101d28                consoleInit
 .text.consoleClear
                0x00101ea8       0xb8 C:/devkitPro/libctru/lib\libctru.a(console.o)
                0x00101ea8                consoleClear
 .text.gfxPresentFramebuffer
                0x00101f60       0xcc C:/devkitPro/libctru/lib\libctru.a(gfx.o)
 .text.gfxIsWide
                0x0010202c       0x1c C:/devkitPro/libctru/lib\libctru.a(gfx.o)
                0x0010202c                gfxIsWide
 .text.gfxSetScreenFormat
                0x00102048       0xf8 C:/devkitPro/libctru/lib\libctru.a(gfx.o)
                0x00102048                gfxSetScreenFormat
 .text.gfxSetDoubleBuffering
                0x00102140       0x10 C:/devkitPro/libctru/lib\libctru.a(gfx.o)
                0x00102140                gfxSetDoubleBuffering
 .text.gfxInit  0x00102150       0xd8 C:/devkitPro/libctru/lib\libctru.a(gfx.o)
                0x00102150                gfxInit
 .text.gfxInitDefault
                0x00102228       0x10 C:/devkitPro/libctru/lib\libctru.a(gfx.o)
                0x00102228                gfxInitDefault
 .text.gfxExit  0x00102238       0xb8 C:/devkitPro/libctru/lib\libctru.a(gfx.o)
                0x00102238                gfxExit
 .text.gfxGetFramebuffer
                0x001022f0       0xa0 C:/devkitPro/libctru/lib\libctru.a(gfx.o)
                0x001022f0                gfxGetFramebuffer
 .text.gfxFlushBuffers
                0x00102390      0x100 C:/devkitPro/libctru/lib\libctru.a(gfx.o)
                0x00102390                gfxFlushBuffers
 .text.gfxSwapBuffers
                0x00102490       0x50 C:/devkitPro/libctru/lib\libctru.a(gfx.o)
                0x00102490                gfxSwapBuffers
 .text.gfxSwapBuffersGpu
                0x001024e0       0x50 C:/devkitPro/libctru/lib\libctru.a(gfx.o)
                0x001024e0                gfxSwapBuffersGpu
 .text.aptConvertScreenForCapture
                0x00102530      0x180 C:/devkitPro/libctru/lib\libctru.a(apt.o)
 .text.aptDspSleep
                0x001026b0        0x8 C:/devkitPro/libctru/lib\libctru.a(apt.o)
                0x001026b0                aptDspSleep
 .text.aptDspWakeup
                0x001026b8        0x4 C:/devkitPro/libctru/lib\libctru.a(apt.o)
                0x001026b8                aptDspWakeup
 .text.aptDspCancel
                0x001026bc        0x4 C:/devkitPro/libctru/lib\libctru.a(apt.o)
                0x001026bc                aptDspCancel
 .text.aptSendCommand
                0x001026c0      0x138 C:/devkitPro/libctru/lib\libctru.a(apt.o)
                0x001026c0                aptSendCommand
 .text.aptExitProcess
                0x001027f8       0x44 C:/devkitPro/libctru/lib\libctru.a(apt.o)
 .text.aptExit  0x0010283c      0x394 C:/devkitPro/libctru/lib\libctru.a(apt.o)
                0x0010283c                aptExit
 .text.aptHandleSleep
                0x00102bd0       0xd8 C:/devkitPro/libctru/lib\libctru.a(apt.o)
                0x00102bd0                aptHandleSleep
 .text.APT_SleepIfShellClosed
                0x00102ca8       0x84 C:/devkitPro/libctru/lib\libctru.a(apt.o)
                0x00102ca8                APT_SleepIfShellClosed
 .text.aptSetSleepAllowed
                0x00102d2c       0x78 C:/devkitPro/libctru/lib\libctru.a(apt.o)
                0x00102d2c                aptSetSleepAllowed
 .text.APT_UnlockTransition
                0x00102da4       0x84 C:/devkitPro/libctru/lib\libctru.a(apt.o)
                0x00102da4                APT_UnlockTransition
 .text.aptEventHandler
                0x00102e28      0x470 C:/devkitPro/libctru/lib\libctru.a(apt.o)
 .text.APT_ReceiveParameter
                0x00103298       0xbc C:/devkitPro/libctru/lib\libctru.a(apt.o)
                0x00103298                APT_ReceiveParameter
 .text.aptReceiveParameter.constprop.0
                0x00103354       0xb0 C:/devkitPro/libctru/lib\libctru.a(apt.o)
 *fill*         0x00103404        0x4 
 .text.aptScreenTransfer
                0x00103408      0x294 C:/devkitPro/libctru/lib\libctru.a(apt.o)
 .text.aptWaitForWakeUp.isra.0
                0x0010369c      0x2d0 C:/devkitPro/libctru/lib\libctru.a(apt.o)
 .text.aptJumpToHomeMenu
                0x0010396c       0xf4 C:/devkitPro/libctru/lib\libctru.a(apt.o)
                0x0010396c                aptJumpToHomeMenu
 .text.aptMainLoop
                0x00103a60       0x58 C:/devkitPro/libctru/lib\libctru.a(apt.o)
                0x00103a60                aptMainLoop
 .text.aptInit  0x00103ab8      0x240 C:/devkitPro/libctru/lib\libctru.a(apt.o)
                0x00103ab8                aptInit
 .text.APT_CheckNew3DS
                0x00103cf8       0x90 C:/devkitPro/libctru/lib\libctru.a(apt.o)
                0x00103cf8                APT_CheckNew3DS
 .text.gspHardwareInit
                0x00103d88      0xc70 C:/devkitPro/libctru/lib\libctru.a(gspgpu.o)
 .text.gspInit  0x001049f8      0x280 C:/devkitPro/libctru/lib\libctru.a(gspgpu.o)
                0x001049f8                gspInit
 .text.gspExit  0x00104c78      0x110 C:/devkitPro/libctru/lib\libctru.a(gspgpu.o)
                0x00104c78                gspExit
 .text.gspHasGpuRight
                0x00104d88       0x10 C:/devkitPro/libctru/lib\libctru.a(gspgpu.o)
                0x00104d88                gspHasGpuRight
 .text.gspPresentBuffer
                0x00104d98       0xa4 C:/devkitPro/libctru/lib\libctru.a(gspgpu.o)
                0x00104d98                gspPresentBuffer
 .text.gspWaitForEvent
                0x00104e3c       0x50 C:/devkitPro/libctru/lib\libctru.a(gspgpu.o)
                0x00104e3c                gspWaitForEvent
 .text.gxCmdQueueInterrupt
                0x00104e8c        0x4 C:/devkitPro/libctru/lib\libctru.a(gspgpu.o)
                0x00104e8c                gxCmdQueueInterrupt
 .text.gspEventThreadMain
                0x00104e90      0x154 C:/devkitPro/libctru/lib\libctru.a(gspgpu.o)
 .text.GSPGPU_FlushDataCache
                0x00104fe4       0x50 C:/devkitPro/libctru/lib\libctru.a(gspgpu.o)
                0x00104fe4                GSPGPU_FlushDataCache
 .text.GSPGPU_SetLcdForceBlack
                0x00105034       0x34 C:/devkitPro/libctru/lib\libctru.a(gspgpu.o)
                0x00105034                GSPGPU_SetLcdForceBlack
 .text.GSPGPU_AcquireRight
                0x00105068       0x80 C:/devkitPro/libctru/lib\libctru.a(gspgpu.o)
                0x00105068                GSPGPU_AcquireRight
 .text.GSPGPU_ReleaseRight
                0x001050e8       0x5c C:/devkitPro/libctru/lib\libctru.a(gspgpu.o)
                0x001050e8                GSPGPU_ReleaseRight
 .text.GSPGPU_ImportDisplayCaptureInfo
                0x00105144       0x7c C:/devkitPro/libctru/lib\libctru.a(gspgpu.o)
                0x00105144                GSPGPU_ImportDisplayCaptureInfo
 .text.GSPGPU_SaveVramSysArea
                0x001051c0       0x2c C:/devkitPro/libctru/lib\libctru.a(gspgpu.o)
                0x001051c0                GSPGPU_SaveVramSysArea
 .text.GSPGPU_RestoreVramSysArea
                0x001051ec       0x2c C:/devkitPro/libctru/lib\libctru.a(gspgpu.o)
                0x001051ec                GSPGPU_RestoreVramSysArea
 .text.hidShouldUseIrrst
                0x00105218       0x24 C:/devkitPro/libctru/lib\libctru.a(hid.o)
                0x00105218                hidShouldUseIrrst
 .text.hidInit  0x0010523c      0x1cc C:/devkitPro/libctru/lib\libctru.a(hid.o)
                0x0010523c                hidInit
 .text.hidExit  0x00105408       0xe8 C:/devkitPro/libctru/lib\libctru.a(hid.o)
                0x00105408                hidExit
 .text.hidScanInput
                0x001054f0      0x2a0 C:/devkitPro/libctru/lib\libctru.a(hid.o)
                0x001054f0                hidScanInput
 .text.hidKeysDown
                0x00105790       0x10 C:/devkitPro/libctru/lib\libctru.a(hid.o)
                0x00105790                hidKeysDown
 .text.irrstInit
                0x001057a0      0x1a4 C:/devkitPro/libctru/lib\libctru.a(irrst.o)
                0x001057a0                irrstInit
 .text.irrstExit
                0x00105944       0xdc C:/devkitPro/libctru/lib\libctru.a(irrst.o)
                0x00105944                irrstExit
 .text.irrstScanInput
                0x00105a20       0xb4 C:/devkitPro/libctru/lib\libctru.a(irrst.o)
                0x00105a20                irrstScanInput
 .text.irrstKeysHeld
                0x00105ad4       0x24 C:/devkitPro/libctru/lib\libctru.a(irrst.o)
                0x00105ad4                irrstKeysHeld
 .text.__libctru_init
                0x00105af8       0x38 C:/devkitPro/libctru/lib\libctru.a(ctru_init.o)
                0x00105af8                __libctru_init
 .text.__system_initArgv
                0x00105b30      0x16c C:/devkitPro/libctru/lib\libctru.a(initArgv.o)
                0x00105b30                __system_initArgv
 .text.__syscall_getreent
                0x00105c9c       0x30 C:/devkitPro/libctru/lib\libctru.a(syscalls.o)
                0x00105c9c                __syscall_getreent
 .text.__syscall_lock_acquire
                0x00105ccc        0x4 C:/devkitPro/libctru/lib\libctru.a(syscalls.o)
                0x00105ccc                __syscall_lock_acquire
 .text.__syscall_lock_release
                0x00105cd0        0x4 C:/devkitPro/libctru/lib\libctru.a(syscalls.o)
                0x00105cd0                __syscall_lock_release
 .text.__syscall_lock_acquire_recursive
                0x00105cd4        0x4 C:/devkitPro/libctru/lib\libctru.a(syscalls.o)
                0x00105cd4                __syscall_lock_acquire_recursive
 .text.__syscall_lock_release_recursive
                0x00105cd8        0x4 C:/devkitPro/libctru/lib\libctru.a(syscalls.o)
                0x00105cd8                __syscall_lock_release_recursive
 .text.__syscall_exit
                0x00105cdc        0x4 C:/devkitPro/libctru/lib\libctru.a(syscalls.o)
                0x00105cdc                __syscall_exit
 .text.initThreadVars
                0x00105ce0       0x54 C:/devkitPro/libctru/lib\libctru.a(syscalls.o)
                0x00105ce0                initThreadVars
 .text.__system_initSyscalls
                0x00105d34       0x80 C:/devkitPro/libctru/lib\libctru.a(syscalls.o)
                0x00105d34                __system_initSyscalls
 .text.svcControlMemory
                0x00105db4       0x20 C:/devkitPro/libctru/lib\libctru.a(svc.o)
                0x00105db4                svcControlMemory
 .text.svcQueryMemory
                0x00105dd4       0x30 C:/devkitPro/libctru/lib\libctru.a(svc.o)
                0x00105dd4                svcQueryMemory
 .text.svcExitProcess
                0x00105e04        0x8 C:/devkitPro/libctru/lib\libctru.a(svc.o)
                0x00105e04                svcExitProcess
 .text.svcCreateThread
                0x00105e0c       0x20 C:/devkitPro/libctru/lib\libctru.a(svc.o)
                0x00105e0c                svcCreateThread
 .text.svcExitThread
                0x00105e2c        0x8 C:/devkitPro/libctru/lib\libctru.a(svc.o)
                0x00105e2c                svcExitThread
 .text.svcSleepThread
                0x00105e34        0x8 C:/devkitPro/libctru/lib\libctru.a(svc.o)
                0x00105e34                svcSleepThread
 .text.svcReleaseMutex
                0x00105e3c        0x8 C:/devkitPro/libctru/lib\libctru.a(svc.o)
                0x00105e3c                svcReleaseMutex
 .text.svcCreateEvent
                0x00105e44       0x14 C:/devkitPro/libctru/lib\libctru.a(svc.o)
                0x00105e44                svcCreateEvent
 .text.svcSignalEvent
                0x00105e58        0x8 C:/devkitPro/libctru/lib\libctru.a(svc.o)
                0x00105e58                svcSignalEvent
 .text.svcClearEvent
                0x00105e60        0x8 C:/devkitPro/libctru/lib\libctru.a(svc.o)
                0x00105e60                svcClearEvent
 .text.svcMapMemoryBlock
                0x00105e68        0x8 C:/devkitPro/libctru/lib\libctru.a(svc.o)
                0x00105e68                svcMapMemoryBlock
 .text.svcUnmapMemoryBlock
                0x00105e70        0x8 C:/devkitPro/libctru/lib\libctru.a(svc.o)
                0x00105e70                svcUnmapMemoryBlock
 .text.svcCreateAddressArbiter
                0x00105e78       0x14 C:/devkitPro/libctru/lib\libctru.a(svc.o)
                0x00105e78                svcCreateAddressArbiter
 .text.svcArbitrateAddressNoTimeout
                0x00105e8c        0x8 C:/devkitPro/libctru/lib\libctru.a(svc.o)
                0x00105e8c                svcArbitrateAddressNoTimeout
 .text.svcCloseHandle
                0x00105e94        0x8 C:/devkitPro/libctru/lib\libctru.a(svc.o)
                0x00105e94                svcCloseHandle
 .text.svcWaitSynchronization
                0x00105e9c        0x8 C:/devkitPro/libctru/lib\libctru.a(svc.o)
                0x00105e9c                svcWaitSynchronization
 .text.svcWaitSynchronizationN
                0x00105ea4       0x28 C:/devkitPro/libctru/lib\libctru.a(svc.o)
                0x00105ea4                svcWaitSynchronizationN
 .text.svcDuplicateHandle
                0x00105ecc       0x14 C:/devkitPro/libctru/lib\libctru.a(svc.o)
                0x00105ecc                svcDuplicateHandle
 .text.svcConnectToPort
                0x00105ee0       0x14 C:/devkitPro/libctru/lib\libctru.a(svc.o)
                0x00105ee0                svcConnectToPort
 .text.svcSendSyncRequest
                0x00105ef4        0x8 C:/devkitPro/libctru/lib\libctru.a(svc.o)
                0x00105ef4                svcSendSyncRequest
 .text.svcGetResourceLimit
                0x00105efc       0x14 C:/devkitPro/libctru/lib\libctru.a(svc.o)
                0x00105efc                svcGetResourceLimit
 .text.svcGetResourceLimitLimitValues
                0x00105f10        0x8 C:/devkitPro/libctru/lib\libctru.a(svc.o)
                0x00105f10                svcGetResourceLimitLimitValues
 .text.svcGetResourceLimitCurrentValues
                0x00105f18        0x8 C:/devkitPro/libctru/lib\libctru.a(svc.o)
                0x00105f18                svcGetResourceLimitCurrentValues
 .text.svcBreak
                0x00105f20        0x8 C:/devkitPro/libctru/lib\libctru.a(svc.o)
                0x00105f20                svcBreak
 .text.initSystem
                0x00105f28       0x50 C:/devkitPro/libctru/lib\libctru.a(stack_adjust.o)
                0x00105f28                initSystem
 .text.__ctru_exit
                0x00105f78       0x14 C:/devkitPro/libctru/lib\libctru.a(stack_adjust.o)
                0x00105f78                __ctru_exit
 .text._ZL21addrMapNodeComparatorPK11rbtree_nodeS1_
                0x00105f8c       0x24 C:/devkitPro/libctru/lib\libctru.a(linear.o)
 .text._ZL21addrMapNodeDestructorP11rbtree_node
                0x00105fb0        0x4 C:/devkitPro/libctru/lib\libctru.a(linear.o)
 .text.linearMemAlign
                0x00105fb4      0x12c C:/devkitPro/libctru/lib\libctru.a(linear.o)
                0x00105fb4                linearMemAlign
 .text.linearAlloc
                0x001060e0        0x8 C:/devkitPro/libctru/lib\libctru.a(linear.o)
                0x001060e0                linearAlloc
 .text.linearFree
                0x001060e8       0x5c C:/devkitPro/libctru/lib\libctru.a(linear.o)
                0x001060e8                linearFree
 .text._ZN7MemPool13CoalesceRightEP8MemBlock
                0x00106144       0x88 C:/devkitPro/libctru/lib\libctru.a(mem_pool.o)
                0x00106144                MemPool::CoalesceRight(MemBlock*)
 .text._ZN7MemPool8AllocateER8MemChunkmi
                0x001061cc      0x178 C:/devkitPro/libctru/lib\libctru.a(mem_pool.o)
                0x001061cc                MemPool::Allocate(MemChunk&, unsigned long, int)
 .text._ZN7MemPool10DeallocateERK8MemChunk
                0x00106344      0x118 C:/devkitPro/libctru/lib\libctru.a(mem_pool.o)
                0x00106344                MemPool::Deallocate(MemChunk const&)
 .text._ZN7MemPool12GetFreeSpaceEv
                0x0010645c       0x30 C:/devkitPro/libctru/lib\libctru.a(mem_pool.o)
                0x0010645c                MemPool::GetFreeSpace()
 .text._ZL21addrMapNodeComparatorPK11rbtree_nodeS1_
                0x0010648c       0x24 C:/devkitPro/libctru/lib\libctru.a(vram.o)
 .text._ZL21addrMapNodeDestructorP11rbtree_node
                0x001064b0        0x4 C:/devkitPro/libctru/lib\libctru.a(vram.o)
 .text.vramMemAlignAt
                0x001064b4      0x248 C:/devkitPro/libctru/lib\libctru.a(vram.o)
                0x001064b4                vramMemAlignAt
 .text.vramAlloc
                0x001066fc        0xc C:/devkitPro/libctru/lib\libctru.a(vram.o)
                0x001066fc                vramAlloc
 .text.vramFree
                0x00106708       0x94 C:/devkitPro/libctru/lib\libctru.a(vram.o)
                0x00106708                vramFree
 .text.envGetHandle
                0x0010679c       0x8c C:/devkitPro/libctru/lib\libctru.a(env.o)
                0x0010679c                envGetHandle
 .text.envDestroyHandles
                0x00106828       0x50 C:/devkitPro/libctru/lib\libctru.a(env.o)
                0x00106828                envDestroyHandles
 .text.__ctru_speedup_config
                0x00106878       0x34 C:/devkitPro/libctru/lib\libctru.a(os.o)
                0x00106878                __ctru_speedup_config
 .text.srvInit  0x001068ac      0x164 C:/devkitPro/libctru/lib\libctru.a(srv.o)
                0x001068ac                srvInit
 .text.srvExit  0x00106a10       0x64 C:/devkitPro/libctru/lib\libctru.a(srv.o)
                0x00106a10                srvExit
 .text.srvEnableNotification
                0x00106a74       0x60 C:/devkitPro/libctru/lib\libctru.a(srv.o)
                0x00106a74                srvEnableNotification
 .text.srvGetServiceHandleDirect
                0x00106ad4       0xa0 C:/devkitPro/libctru/lib\libctru.a(srv.o)
                0x00106ad4                srvGetServiceHandleDirect
 .text.srvGetServiceHandle
                0x00106b74       0x48 C:/devkitPro/libctru/lib\libctru.a(srv.o)
                0x00106b74                srvGetServiceHandle
 .text.srvSubscribe
                0x00106bbc       0x34 C:/devkitPro/libctru/lib\libctru.a(srv.o)
                0x00106bbc                srvSubscribe
 .text.srvReceiveNotification
                0x00106bf0       0x60 C:/devkitPro/libctru/lib\libctru.a(srv.o)
                0x00106bf0                srvReceiveNotification
 .text.srvPublishToSubscriber
                0x00106c50       0x38 C:/devkitPro/libctru/lib\libctru.a(srv.o)
                0x00106c50                srvPublishToSubscriber
 .text.__sync_init
                0x00106c88        0xc C:/devkitPro/libctru/lib\libctru.a(synchronization.o)
                0x00106c88                __sync_init
 .text.__sync_fini
                0x00106c94       0x18 C:/devkitPro/libctru/lib\libctru.a(synchronization.o)
                0x00106c94                __sync_fini
 .text.syncArbitrateAddress
                0x00106cac       0x28 C:/devkitPro/libctru/lib\libctru.a(synchronization.o)
                0x00106cac                syncArbitrateAddress
 .text.LightLock_Lock
                0x00106cd4       0xac C:/devkitPro/libctru/lib\libctru.a(synchronization.o)
                0x00106cd4                LightLock_Lock
 .text.LightLock_Unlock
                0x00106d80       0x40 C:/devkitPro/libctru/lib\libctru.a(synchronization.o)
                0x00106d80                LightLock_Unlock
 .text.RecursiveLock_Lock
                0x00106dc0       0x54 C:/devkitPro/libctru/lib\libctru.a(synchronization.o)
                0x00106dc0                RecursiveLock_Lock
 .text.RecursiveLock_Unlock
                0x00106e14       0x54 C:/devkitPro/libctru/lib\libctru.a(synchronization.o)
                0x00106e14                RecursiveLock_Unlock
 .text.LightEvent_Init
                0x00106e68       0x44 C:/devkitPro/libctru/lib\libctru.a(synchronization.o)
                0x00106e68                LightEvent_Init
 .text.LightEvent_Clear
                0x00106eac       0xb8 C:/devkitPro/libctru/lib\libctru.a(synchronization.o)
                0x00106eac                LightEvent_Clear
 .text.LightEvent_Signal
                0x00106f64       0xdc C:/devkitPro/libctru/lib\libctru.a(synchronization.o)
                0x00106f64                LightEvent_Signal
 .text.LightEvent_TryWait
                0x00107040       0x50 C:/devkitPro/libctru/lib\libctru.a(synchronization.o)
                0x00107040                LightEvent_TryWait
 .text.LightEvent_Wait
                0x00107090       0xac C:/devkitPro/libctru/lib\libctru.a(synchronization.o)
                0x00107090                LightEvent_Wait
 .text.threadCreate
                0x0010713c      0x1fc C:/devkitPro/libctru/lib\libctru.a(thread.o)
                0x0010713c                threadCreate
 .text.threadFree
                0x00107338       0x38 C:/devkitPro/libctru/lib\libctru.a(thread.o)
                0x00107338                threadFree
 .text.threadJoin
                0x00107370       0x24 C:/devkitPro/libctru/lib\libctru.a(thread.o)
                0x00107370                threadJoin
 .text.threadGetCurrent
                0x00107394       0x30 C:/devkitPro/libctru/lib\libctru.a(thread.o)
                0x00107394                threadGetCurrent
 .text.threadExit
                0x001073c4       0x40 C:/devkitPro/libctru/lib\libctru.a(thread.o)
                0x001073c4                threadExit
 .text._thread_begin
                0x00107404       0x20 C:/devkitPro/libctru/lib\libctru.a(thread.o)
 .text.mappableFindAddressWithin
                0x00107424       0x90 C:/devkitPro/libctru/lib\libctru.a(mappable.o)
 .text.mappableInit
                0x001074b4       0x28 C:/devkitPro/libctru/lib\libctru.a(mappable.o)
                0x001074b4                mappableInit
 .text.mappableAlloc
                0x001074dc       0x7c C:/devkitPro/libctru/lib\libctru.a(mappable.o)
                0x001074dc                mappableAlloc
 .text.mappableFree
                0x00107558        0x4 C:/devkitPro/libctru/lib\libctru.a(mappable.o)
                0x00107558                mappableFree
 .text.ptmSysmInit
                0x0010755c       0x78 C:/devkitPro/libctru/lib\libctru.a(ptmsysm.o)
                0x0010755c                ptmSysmInit
 .text.ptmSysmExit
                0x001075d4       0x3c C:/devkitPro/libctru/lib\libctru.a(ptmsysm.o)
                0x001075d4                ptmSysmExit
 .text.PTMSYSM_ConfigureNew3DSCPU
                0x00107610       0x34 C:/devkitPro/libctru/lib\libctru.a(ptmsysm.o)
                0x00107610                PTMSYSM_ConfigureNew3DSCPU
 .text.srvPmGetSessionHandle
                0x00107644        0xc C:/devkitPro/libctru/lib\libctru.a(srvpm.o)
                0x00107644                srvPmGetSessionHandle
 .text.rbtree_find
                0x00107650       0x74 C:/devkitPro/libctru/lib\libctru.a(rbtree_find.o)
                0x00107650                rbtree_find
 .text.rbtree_init
                0x001076c4       0x10 C:/devkitPro/libctru/lib\libctru.a(rbtree_init.o)
                0x001076c4                rbtree_init
 .text.do_insert
                0x001076d4      0x198 C:/devkitPro/libctru/lib\libctru.a(rbtree_insert.o)
 .text.rbtree_insert
                0x0010786c        0x8 C:/devkitPro/libctru/lib\libctru.a(rbtree_insert.o)
                0x0010786c                rbtree_insert
 .text.rbtree_remove
                0x00107874      0x310 C:/devkitPro/libctru/lib\libctru.a(rbtree_remove.o)
                0x00107874                rbtree_remove
 .text.rbtree_rotate
                0x00107b84       0x90 C:/devkitPro/libctru/lib\libctru.a(rbtree_rotate.o)
                0x00107b84                rbtree_rotate
 *fill*         0x00107c14        0x4 
 .text.__system_allocateHeaps
                0x00107c18      0x1e8 C:/devkitPro/libctru/lib\libctru.a(allocateHeaps.o)
                0x00107c18                __system_allocateHeaps
 .text.__appExit
                0x00107e00       0x30 C:/devkitPro/libctru/lib\libctru.a(appExit.o)
                0x00107e00                __appExit
 .text.__appInit
                0x00107e30       0x30 C:/devkitPro/libctru/lib\libctru.a(appInit.o)
                0x00107e30                __appInit
 .text.__libctru_exit
                0x00107e60       0x90 C:/devkitPro/libctru/lib\libctru.a(ctru_exit.o)
                0x00107e60                __libctru_exit
 .text.archive_link
                0x00107ef0       0x14 C:/devkitPro/libctru/lib\libctru.a(archive_dev.o)
 .text.archive_dirreset
                0x00107f04       0x14 C:/devkitPro/libctru/lib\libctru.a(archive_dev.o)
 .text.archive_chmod
                0x00107f18       0x14 C:/devkitPro/libctru/lib\libctru.a(archive_dev.o)
 .text.error_cmp
                0x00107f2c       0x24 C:/devkitPro/libctru/lib\libctru.a(archive_dev.o)
 .text.archive_translate_error
                0x00107f50       0x50 C:/devkitPro/libctru/lib\libctru.a(archive_dev.o)
 .text.archive_seek
                0x00107fa0       0xc0 C:/devkitPro/libctru/lib\libctru.a(archive_dev.o)
 .text._archiveInit.part.0
                0x00108060       0x78 C:/devkitPro/libctru/lib\libctru.a(archive_dev.o)
 .text.archiveFindDevice.part.0
                0x001080d8       0xd4 C:/devkitPro/libctru/lib\libctru.a(archive_dev.o)
 .text.archive_utf16path
                0x001081ac      0x298 C:/devkitPro/libctru/lib\libctru.a(archive_dev.o)
 .text._archiveUnmountDeviceStruct.part.0
                0x00108444       0x98 C:/devkitPro/libctru/lib\libctru.a(archive_dev.o)
 .text.archive_statvfs
                0x001084dc       0x14 C:/devkitPro/libctru/lib\libctru.a(archive_dev.o)
 .text.archive_fchmod
                0x001084f0       0x14 C:/devkitPro/libctru/lib\libctru.a(archive_dev.o)
 .text._archiveMountDevice
                0x00108504      0x178 C:/devkitPro/libctru/lib\libctru.a(archive_dev.o)
 .text.archive_diropen
                0x0010867c       0xf8 C:/devkitPro/libctru/lib\libctru.a(archive_dev.o)
 .text.archive_fstat
                0x00108774       0xac C:/devkitPro/libctru/lib\libctru.a(archive_dev.o)
 .text.archive_fsync
                0x00108820       0x74 C:/devkitPro/libctru/lib\libctru.a(archive_dev.o)
 .text.archive_close
                0x00108894       0x74 C:/devkitPro/libctru/lib\libctru.a(archive_dev.o)
 .text.archive_dirclose
                0x00108908       0x78 C:/devkitPro/libctru/lib\libctru.a(archive_dev.o)
 .text.sdmc_statvfs
                0x00108980       0xec C:/devkitPro/libctru/lib\libctru.a(archive_dev.o)
 .text.archive_chdir
                0x00108a6c       0xf8 C:/devkitPro/libctru/lib\libctru.a(archive_dev.o)
 .text.archive_ftruncate
                0x00108b64       0x8c C:/devkitPro/libctru/lib\libctru.a(archive_dev.o)
 .text.archive_read
                0x00108bf0       0xbc C:/devkitPro/libctru/lib\libctru.a(archive_dev.o)
 .text.archive_unlink
                0x00108cac       0xa8 C:/devkitPro/libctru/lib\libctru.a(archive_dev.o)
 .text.archive_rmdir
                0x00108d54       0xc0 C:/devkitPro/libctru/lib\libctru.a(archive_dev.o)
 .text.archive_mkdir
                0x00108e14       0xd8 C:/devkitPro/libctru/lib\libctru.a(archive_dev.o)
 .text.archive_stat
                0x00108eec      0x1a0 C:/devkitPro/libctru/lib\libctru.a(archive_dev.o)
 .text.archive_dirnext
                0x0010908c      0x164 C:/devkitPro/libctru/lib\libctru.a(archive_dev.o)
 .text.archive_write
                0x001091f0      0x13c C:/devkitPro/libctru/lib\libctru.a(archive_dev.o)
 *fill*         0x0010932c        0x4 
 .text.archive_open
                0x00109330      0x254 C:/devkitPro/libctru/lib\libctru.a(archive_dev.o)
 .text.archive_rename
                0x00109584      0x270 C:/devkitPro/libctru/lib\libctru.a(archive_dev.o)
 .text.archiveMountSdmc
                0x001097f4      0x1c8 C:/devkitPro/libctru/lib\libctru.a(archive_dev.o)
                0x001097f4                archiveMountSdmc
 .text.archiveUnmountAll
                0x001099bc       0x54 C:/devkitPro/libctru/lib\libctru.a(archive_dev.o)
                0x001099bc                archiveUnmountAll
 .text.fsInit   0x00109a10      0x104 C:/devkitPro/libctru/lib\libctru.a(fs.o)
                0x00109a10                fsInit
 .text.fsExit   0x00109b14       0x3c C:/devkitPro/libctru/lib\libctru.a(fs.o)
                0x00109b14                fsExit
 .text.fsExemptFromSession
                0x00109b50       0x68 C:/devkitPro/libctru/lib\libctru.a(fs.o)
                0x00109b50                fsExemptFromSession
 .text.fsUnexemptFromSession
                0x00109bb8       0x50 C:/devkitPro/libctru/lib\libctru.a(fs.o)
                0x00109bb8                fsUnexemptFromSession
 .text.FSUSER_OpenFile
                0x00109c08       0xcc C:/devkitPro/libctru/lib\libctru.a(fs.o)
                0x00109c08                FSUSER_OpenFile
 .text.FSUSER_DeleteFile
                0x00109cd4       0xb8 C:/devkitPro/libctru/lib\libctru.a(fs.o)
                0x00109cd4                FSUSER_DeleteFile
 .text.FSUSER_RenameFile
                0x00109d8c       0xf4 C:/devkitPro/libctru/lib\libctru.a(fs.o)
                0x00109d8c                FSUSER_RenameFile
 .text.FSUSER_DeleteDirectory
                0x00109e80       0xb8 C:/devkitPro/libctru/lib\libctru.a(fs.o)
                0x00109e80                FSUSER_DeleteDirectory
 .text.FSUSER_CreateFile
                0x00109f38       0xd0 C:/devkitPro/libctru/lib\libctru.a(fs.o)
                0x00109f38                FSUSER_CreateFile
 .text.FSUSER_CreateDirectory
                0x0010a008       0xc0 C:/devkitPro/libctru/lib\libctru.a(fs.o)
                0x0010a008                FSUSER_CreateDirectory
 .text.FSUSER_RenameDirectory
                0x0010a0c8       0xf4 C:/devkitPro/libctru/lib\libctru.a(fs.o)
                0x0010a0c8                FSUSER_RenameDirectory
 .text.FSUSER_OpenDirectory
                0x0010a1bc       0xb4 C:/devkitPro/libctru/lib\libctru.a(fs.o)
                0x0010a1bc                FSUSER_OpenDirectory
 .text.FSUSER_OpenArchive
                0x0010a270       0x90 C:/devkitPro/libctru/lib\libctru.a(fs.o)
                0x0010a270                FSUSER_OpenArchive
 .text.FSUSER_CloseArchive
                0x0010a300       0x8c C:/devkitPro/libctru/lib\libctru.a(fs.o)
                0x0010a300                FSUSER_CloseArchive
 .text.FSUSER_GetSdmcArchiveResource
                0x0010a38c       0x74 C:/devkitPro/libctru/lib\libctru.a(fs.o)
                0x0010a38c                FSUSER_GetSdmcArchiveResource
 .text.FSUSER_IsSdmcWritable
                0x0010a400       0x64 C:/devkitPro/libctru/lib\libctru.a(fs.o)
                0x0010a400                FSUSER_IsSdmcWritable
 .text.FSFILE_Read
                0x0010a464       0x64 C:/devkitPro/libctru/lib\libctru.a(fs.o)
                0x0010a464                FSFILE_Read
 .text.FSFILE_Write
                0x0010a4c8       0x6c C:/devkitPro/libctru/lib\libctru.a(fs.o)
                0x0010a4c8                FSFILE_Write
 .text.FSFILE_GetSize
                0x0010a534       0x44 C:/devkitPro/libctru/lib\libctru.a(fs.o)
                0x0010a534                FSFILE_GetSize
 .text.FSFILE_SetSize
                0x0010a578       0x28 C:/devkitPro/libctru/lib\libctru.a(fs.o)
                0x0010a578                FSFILE_SetSize
 .text.FSFILE_Close
                0x0010a5a0       0x3c C:/devkitPro/libctru/lib\libctru.a(fs.o)
                0x0010a5a0                FSFILE_Close
 .text.FSFILE_Flush
                0x0010a5dc       0x24 C:/devkitPro/libctru/lib\libctru.a(fs.o)
                0x0010a5dc                FSFILE_Flush
 .text.FSDIR_Read
                0x0010a600       0x60 C:/devkitPro/libctru/lib\libctru.a(fs.o)
                0x0010a600                FSDIR_Read
 .text.FSDIR_Close
                0x0010a660       0x3c C:/devkitPro/libctru/lib\libctru.a(fs.o)
                0x0010a660                FSDIR_Close
 .text.rbtree_node_next
                0x0010a69c       0x60 C:/devkitPro/libctru/lib\libctru.a(rbtree_iterator.o)
                0x0010a69c                rbtree_node_next
 .text.decode_utf8
                0x0010a6fc      0x140 C:/devkitPro/libctru/lib\libctru.a(decode_utf8.o)
                0x0010a6fc                decode_utf8
 .text.utf16_to_utf8
                0x0010a83c       0xe8 C:/devkitPro/libctru/lib\libctru.a(utf16_to_utf8.o)
                0x0010a83c                utf16_to_utf8
 .text.utf8_to_utf16
                0x0010a924       0xc0 C:/devkitPro/libctru/lib\libctru.a(utf8_to_utf16.o)
                0x0010a924                utf8_to_utf16
 .text.__aeabi_read_tp
                0x0010a9e4        0xc C:/devkitPro/libctru/lib\libctru.a(readtp.o)
                0x0010a9e4                __aeabi_read_tp
 .text.decode_utf16
                0x0010a9f0       0x54 C:/devkitPro/libctru/lib\libctru.a(decode_utf16.o)
                0x0010a9f0                decode_utf16
 .text.encode_utf16
                0x0010aa44       0x54 C:/devkitPro/libctru/lib\libctru.a(encode_utf16.o)
                0x0010aa44                encode_utf16
 .text.encode_utf8
                0x0010aa98       0xe0 C:/devkitPro/libctru/lib\libctru.a(encode_utf8.o)
                0x0010aa98                encode_utf8
 .text.__udivmoddi4
                0x0010ab78      0x130 C:/devkitPro/devkitARM/bin/../lib/gcc/arm-none-eabi/15.1.0/armv6k/fpu\libgcc.a(_udivmoddi4.o)
                0x0010ab78                __udivmoddi4
 .text.strncmp  0x0010aca8       0xd8 C:/devkitPro/devkitARM/bin/../lib/gcc/arm-none-eabi/15.1.0/../../../../arm-none-eabi/lib/armv6k/fpu\libg.a(libc_a-strncmp.o)
                0x0010aca8                strncmp
 .text.stat     0x0010ad80       0x28 C:/devkitPro/devkitARM/bin/../lib/gcc/arm-none-eabi/15.1.0/../../../../arm-none-eabi/lib/armv6k/fpu\libg.a(libc_a-sysstat.o)
                0x0010ad80                stat
 .text.strlen   0x0010ada8       0x8c C:/devkitPro/devkitARM/bin/../lib/gcc/arm-none-eabi/15.1.0/../../../../arm-none-eabi/lib/armv6k/fpu\libg.a(libc_a-strlen.o)
                0x0010ada8                strlen
 .text.stdio_exit_handler
                0x0010ae34       0x1c C:/devkitPro/devkitARM/bin/../lib/gcc/arm-none-eabi/15.1.0/../../../../arm-none-eabi/lib/armv6k/fpu\libg.a(libc_a-findfp.o)
 .text.cleanup_stdio
                0x0010ae50       0x5c C:/devkitPro/devkitARM/bin/../lib/gcc/arm-none-eabi/15.1.0/../../../../arm-none-eabi/lib/armv6k/fpu\libg.a(libc_a-findfp.o)
 .text.global_stdio_init.part.0
                0x0010aeac      0x154 C:/devkitPro/devkitARM/bin/../lib/gcc/arm-none-eabi/15.1.0/../../../../arm-none-eabi/lib/armv6k/fpu\libg.a(libc_a-findfp.o)
 .text.__sinit  0x0010b000       0x5c C:/devkitPro/devkitARM/bin/../lib/gcc/arm-none-eabi/15.1.0/../../../../arm-none-eabi/lib/armv6k/fpu\libg.a(libc_a-findfp.o)
                0x0010b000                __sinit
 .text.__sfp_lock_acquire
                0x0010b05c        0xc C:/devkitPro/devkitARM/bin/../lib/gcc/arm-none-eabi/15.1.0/../../../../arm-none-eabi/lib/armv6k/fpu\libg.a(libc_a-findfp.o)
                0x0010b05c                __sfp_lock_acquire
 .text.__sfp_lock_release
                0x0010b068        0xc C:/devkitPro/devkitARM/bin/../lib/gcc/arm-none-eabi/15.1.0/../../../../arm-none-eabi/lib/armv6k/fpu\libg.a(libc_a-findfp.o)
                0x0010b068                __sfp_lock_release
 .text._strtoul_l.isra.0
                0x0010b074      0x1ec C:/devkitPro/devkitARM/bin/../lib/gcc/arm-none-eabi/15.1.0/../../../../arm-none-eabi/lib/armv6k/fpu\libg.a(libc_a-strtoul.o)
 .text.strtoul  0x0010b260       0x3c C:/devkitPro/devkitARM/bin/../lib/gcc/arm-none-eabi/15.1.0/../../../../arm-none-eabi/lib/armv6k/fpu\libg.a(libc_a-strtoul.o)
                0x0010b260                strtoul
 .text.__libc_init_array
                0x0010b29c       0x84 C:/devkitPro/devkitARM/bin/../lib/gcc/arm-none-eabi/15.1.0/../../../../arm-none-eabi/lib/armv6k/fpu\libg.a(libc_a-init.o)
                0x0010b29c                __libc_init_array
 .text.strncat  0x0010b320       0x9c C:/devkitPro/devkitARM/bin/../lib/gcc/arm-none-eabi/15.1.0/../../../../arm-none-eabi/lib/armv6k/fpu\libg.a(libc_a-strncat.o)
                0x0010b320                strncat
 .text._fwalk_sglue
                0x0010b3bc       0x70 C:/devkitPro/devkitARM/bin/../lib/gcc/arm-none-eabi/15.1.0/../../../../arm-none-eabi/lib/armv6k/fpu\libg.a(libc_a-fwalk.o)
                0x0010b3bc                _fwalk_sglue
 .text.bsearch  0x0010b42c       0x78 C:/devkitPro/devkitARM/bin/../lib/gcc/arm-none-eabi/15.1.0/../../../../arm-none-eabi/lib/armv6k/fpu\libg.a(libc_a-bsearch.o)
                0x0010b42c                bsearch
 .text.__errno  0x0010b4a4        0xc C:/devkitPro/devkitARM/bin/../lib/gcc/arm-none-eabi/15.1.0/../../../../arm-none-eabi/lib/armv6k/fpu\libg.a(libc_a-errno.o)
                0x0010b4a4                __errno
 .text.strrchr  0x0010b4b0       0x48 C:/devkitPro/devkitARM/bin/../lib/gcc/arm-none-eabi/15.1.0/../../../../arm-none-eabi/lib/armv6k/fpu\libg.a(libc_a-strrchr.o)
                0x0010b4b0                strrchr
 .text.memalign
                0x0010b4f8       0x28 C:/devkitPro/devkitARM/bin/../lib/gcc/arm-none-eabi/15.1.0/../../../../arm-none-eabi/lib/armv6k/fpu\libg.a(libc_a-malign.o)
                0x0010b4f8                memalign
 .text._malloc_r
                0x0010b520      0x82c C:/devkitPro/devkitARM/bin/../lib/gcc/arm-none-eabi/15.1.0/../../../../arm-none-eabi/lib/armv6k/fpu\libg.a(libc_a-mallocr.o)
                0x0010b520                _malloc_r
 .text.strcpy   0x0010bd4c       0xf0 C:/devkitPro/devkitARM/bin/../lib/gcc/arm-none-eabi/15.1.0/../../../../arm-none-eabi/lib/armv6k/fpu\libg.a(libc_a-strcpy.o)
                0x0010bd4c                strcpy
 .text._malloc_trim_r
                0x0010be3c      0x114 C:/devkitPro/devkitARM/bin/../lib/gcc/arm-none-eabi/15.1.0/../../../../arm-none-eabi/lib/armv6k/fpu\libg.a(libc_a-freer.o)
                0x0010be3c                _malloc_trim_r
 .text._free_r  0x0010bf50      0x314 C:/devkitPro/devkitARM/bin/../lib/gcc/arm-none-eabi/15.1.0/../../../../arm-none-eabi/lib/armv6k/fpu\libg.a(libc_a-freer.o)
                0x0010bf50                _free_r
 .text.snprintf
                0x0010c264       0xa0 C:/devkitPro/devkitARM/bin/../lib/gcc/arm-none-eabi/15.1.0/../../../../arm-none-eabi/lib/armv6k/fpu\libg.a(libc_a-snprintf.o)
                0x0010c264                snprintf
 .text.get_arg  0x0010c304      0x5e0 C:/devkitPro/devkitARM/bin/../lib/gcc/arm-none-eabi/15.1.0/../../../../arm-none-eabi/lib/armv6k/fpu\libg.a(libc_a-svfprintf.o)
 *fill*         0x0010c8e4        0x4 
 .text._svfprintf_r
                0x0010c8e8     0x345c C:/devkitPro/devkitARM/bin/../lib/gcc/arm-none-eabi/15.1.0/../../../../arm-none-eabi/lib/armv6k/fpu\libg.a(libc_a-svfprintf.o)
                0x0010c8e8                _svfprintf_r
 .text.printf   0x0010fd44       0x34 C:/devkitPro/devkitARM/bin/../lib/gcc/arm-none-eabi/15.1.0/../../../../arm-none-eabi/lib/armv6k/fpu\libg.a(libc_a-printf.o)
                0x0010fd44                printf
 .text.strnlen  0x0010fd78       0x3c C:/devkitPro/devkitARM/bin/../lib/gcc/arm-none-eabi/15.1.0/../../../../arm-none-eabi/lib/armv6k/fpu\libg.a(libc_a-strnlen.o)
                0x0010fd78                strnlen
 .text.malloc   0x0010fdb4       0x40 C:/devkitPro/devkitARM/bin/../lib/gcc/arm-none-eabi/15.1.0/../../../../arm-none-eabi/lib/armv6k/fpu\libg.a(libc_a-malloc.o)
                0x0010fdb4                malloc
 .text.free     0x0010fdf4       0x20 C:/devkitPro/devkitARM/bin/../lib/gcc/arm-none-eabi/15.1.0/../../../../arm-none-eabi/lib/armv6k/fpu\libg.a(libc_a-malloc.o)
                0x0010fdf4                free
 .text.__sflush_r
                0x0010fe14      0x22c C:/devkitPro/devkitARM/bin/../lib/gcc/arm-none-eabi/15.1.0/../../../../arm-none-eabi/lib/armv6k/fpu\libg.a(libc_a-fflush.o)
                0x0010fe14                __sflush_r
 .text._fflush_r
                0x00110040       0xc4 C:/devkitPro/devkitARM/bin/../lib/gcc/arm-none-eabi/15.1.0/../../../../arm-none-eabi/lib/armv6k/fpu\libg.a(libc_a-fflush.o)
                0x00110040                _fflush_r
 .text.memset   0x00110104       0xe4 C:/devkitPro/devkitARM/bin/../lib/gcc/arm-none-eabi/15.1.0/../../../../arm-none-eabi/lib/armv6k/fpu\libg.a(libc_a-memset.o)
                0x00110104                memset
 .text.__malloc_lock
                0x001101e8        0xc C:/devkitPro/devkitARM/bin/../lib/gcc/arm-none-eabi/15.1.0/../../../../arm-none-eabi/lib/armv6k/fpu\libg.a(libc_a-mlock.o)
                0x001101e8                __malloc_lock
 .text.__malloc_unlock
                0x001101f4        0xc C:/devkitPro/devkitARM/bin/../lib/gcc/arm-none-eabi/15.1.0/../../../../arm-none-eabi/lib/armv6k/fpu\libg.a(libc_a-mlock.o)
                0x001101f4                __malloc_unlock
 .text.__call_exitprocs
                0x00110200        0x4 C:/devkitPro/devkitARM/bin/../lib/gcc/arm-none-eabi/15.1.0/../../../../arm-none-eabi/lib/armv6k/fpu\libg.a(libc_a-exit.o)
                0x00110200                __call_exitprocs
 .text.exit     0x00110204       0x30 C:/devkitPro/devkitARM/bin/../lib/gcc/arm-none-eabi/15.1.0/../../../../arm-none-eabi/lib/armv6k/fpu\libg.a(libc_a-exit.o)
                0x00110204                exit
 .text.setvbuf  0x00110234      0x294 C:/devkitPro/devkitARM/bin/../lib/gcc/arm-none-eabi/15.1.0/../../../../arm-none-eabi/lib/armv6k/fpu\libg.a(libc_a-setvbuf.o)
                0x00110234                setvbuf
 .text.strncpy  0x001104c8       0xd4 C:/devkitPro/devkitARM/bin/../lib/gcc/arm-none-eabi/15.1.0/../../../../arm-none-eabi/lib/armv6k/fpu\libg.a(libc_a-strncpy.o)
                0x001104c8                strncpy
 .text.memcpy   0x0011059c      0x12c C:/devkitPro/devkitARM/bin/../lib/gcc/arm-none-eabi/15.1.0/../../../../arm-none-eabi/lib/armv6k/fpu\libg.a(libc_a-memcpy-stub.o)
                0x0011059c                memcpy
 .text._wcsrtombs_r
                0x001106c8       0x28 C:/devkitPro/devkitARM/bin/../lib/gcc/arm-none-eabi/15.1.0/../../../../arm-none-eabi/lib/armv6k/fpu\libg.a(libc_a-wcsrtombs.o)
                0x001106c8                _wcsrtombs_r
 .text.frexp    0x001106f0       0x88 C:/devkitPro/devkitARM/bin/../lib/gcc/arm-none-eabi/15.1.0/../../../../arm-none-eabi/lib/armv6k/fpu\libg.a(libm_a-s_frexp.o)
                0x001106f0                frexp
 .text.strchr   0x00110778      0x140 C:/devkitPro/devkitARM/bin/../lib/gcc/arm-none-eabi/15.1.0/../../../../arm-none-eabi/lib/armv6k/fpu\libg.a(libc_a-strchr.o)
                0x00110778                strchr
 .text.__sread  0x001108b8       0x44 C:/devkitPro/devkitARM/bin/../lib/gcc/arm-none-eabi/15.1.0/../../../../arm-none-eabi/lib/armv6k/fpu\libg.a(libc_a-stdio.o)
                0x001108b8                __sread
 .text.__swrite
                0x001108fc       0x68 C:/devkitPro/devkitARM/bin/../lib/gcc/arm-none-eabi/15.1.0/../../../../arm-none-eabi/lib/armv6k/fpu\libg.a(libc_a-stdio.o)
                0x001108fc                __swrite
 .text.__sseek  0x00110964       0x40 C:/devkitPro/devkitARM/bin/../lib/gcc/arm-none-eabi/15.1.0/../../../../arm-none-eabi/lib/armv6k/fpu\libg.a(libc_a-stdio.o)
                0x00110964                __sseek
 .text.__sclose
                0x001109a4        0x8 C:/devkitPro/devkitARM/bin/../lib/gcc/arm-none-eabi/15.1.0/../../../../arm-none-eabi/lib/armv6k/fpu\libg.a(libc_a-stdio.o)
                0x001109a4                __sclose
 .text._fclose_r
                0x001109ac      0x144 C:/devkitPro/devkitARM/bin/../lib/gcc/arm-none-eabi/15.1.0/../../../../arm-none-eabi/lib/armv6k/fpu\libg.a(libc_a-fclose.o)
                0x001109ac                _fclose_r
 .text.__locale_mb_cur_max
                0x00110af0       0x24 C:/devkitPro/devkitARM/bin/../lib/gcc/arm-none-eabi/15.1.0/../../../../arm-none-eabi/lib/armv6k/fpu\libg.a(libc_a-locale.o)
                0x00110af0                __locale_mb_cur_max
 .text.__ssprint_r
                0x00110b14       0xa4 C:/devkitPro/devkitARM/bin/../lib/gcc/arm-none-eabi/15.1.0/../../../../arm-none-eabi/lib/armv6k/fpu\libg.a(libc_a-ssprint_r.o)
                0x00110b14                __ssprint_r
 .text._memalign_r
                0x00110bb8      0x16c C:/devkitPro/devkitARM/bin/../lib/gcc/arm-none-eabi/15.1.0/../../../../arm-none-eabi/lib/armv6k/fpu\libg.a(libc_a-malignr.o)
                0x00110bb8                _memalign_r
 .text._wcsnrtombs_l
                0x00110d24      0x15c C:/devkitPro/devkitARM/bin/../lib/gcc/arm-none-eabi/15.1.0/../../../../arm-none-eabi/lib/armv6k/fpu\libg.a(libc_a-wcsnrtombs.o)
                0x00110d24                _wcsnrtombs_l
 .text._wcsnrtombs_r
                0x00110e80       0x64 C:/devkitPro/devkitARM/bin/../lib/gcc/arm-none-eabi/15.1.0/../../../../arm-none-eabi/lib/armv6k/fpu\libg.a(libc_a-wcsnrtombs.o)
                0x00110e80                _wcsnrtombs_r
 .text.__utf8_mbtowc
                0x00110ee4      0x340 C:/devkitPro/devkitARM/bin/../lib/gcc/arm-none-eabi/15.1.0/../../../../arm-none-eabi/lib/armv6k/fpu\libg.a(libc_a-mbtowc_r.o)
                0x00110ee4                __utf8_mbtowc
 .text._localeconv_r
                0x00111224       0x24 C:/devkitPro/devkitARM/bin/../lib/gcc/arm-none-eabi/15.1.0/../../../../arm-none-eabi/lib/armv6k/fpu\libg.a(libc_a-localeconv.o)
                0x00111224                _localeconv_r
 .text.get_arg  0x00111248      0x5e0 C:/devkitPro/devkitARM/bin/../lib/gcc/arm-none-eabi/15.1.0/../../../../arm-none-eabi/lib/armv6k/fpu\libg.a(libc_a-vfprintf.o)
 .text._vfprintf_r
                0x00111828     0x3554 C:/devkitPro/devkitARM/bin/../lib/gcc/arm-none-eabi/15.1.0/../../../../arm-none-eabi/lib/armv6k/fpu\libg.a(libc_a-vfprintf.o)
                0x00111828                _vfprintf_r
 .text.__sbprintf
                0x00114d7c       0xb4 C:/devkitPro/devkitARM/bin/../lib/gcc/arm-none-eabi/15.1.0/../../../../arm-none-eabi/lib/armv6k/fpu\libg.a(libc_a-vfprintf.o)
 .text.memchr   0x00114e30       0xe8 C:/devkitPro/devkitARM/bin/../lib/gcc/arm-none-eabi/15.1.0/../../../../arm-none-eabi/lib/armv6k/fpu\libg.a(libc_a-memchr-stub.o)
                0x00114e30                memchr
 .text.quorem   0x00114f18      0x1c0 C:/devkitPro/devkitARM/bin/../lib/gcc/arm-none-eabi/15.1.0/../../../../arm-none-eabi/lib/armv6k/fpu\libg.a(libc_a-dtoa.o)
 .text._dtoa_r  0x001150d8     0x13f0 C:/devkitPro/devkitARM/bin/../lib/gcc/arm-none-eabi/15.1.0/../../../../arm-none-eabi/lib/armv6k/fpu\libg.a(libc_a-dtoa.o)
                0x001150d8                _dtoa_r
 .text._wcrtomb_r
                0x001164c8       0xa0 C:/devkitPro/devkitARM/bin/../lib/gcc/arm-none-eabi/15.1.0/../../../../arm-none-eabi/lib/armv6k/fpu\libg.a(libc_a-wcrtomb.o)
                0x001164c8                _wcrtomb_r
 .text.__libc_fini_array
                0x00116568       0x3c C:/devkitPro/devkitARM/bin/../lib/gcc/arm-none-eabi/15.1.0/../../../../arm-none-eabi/lib/armv6k/fpu\libg.a(libc_a-fini.o)
                0x00116568                __libc_fini_array
 .text.__smakebuf_r
                0x001165a4      0x164 C:/devkitPro/devkitARM/bin/../lib/gcc/arm-none-eabi/15.1.0/../../../../arm-none-eabi/lib/armv6k/fpu\libg.a(libc_a-makebuf.o)
                0x001165a4                __smakebuf_r
 .text.__swhatbuf_r
                0x00116708       0x90 C:/devkitPro/devkitARM/bin/../lib/gcc/arm-none-eabi/15.1.0/../../../../arm-none-eabi/lib/armv6k/fpu\libg.a(libc_a-makebuf.o)
                0x00116708                __swhatbuf_r
 .text.__ssputs_r
                0x00116798      0x12c C:/devkitPro/devkitARM/bin/../lib/gcc/arm-none-eabi/15.1.0/../../../../arm-none-eabi/lib/armv6k/fpu\libg.a(libc_a-ssputs_r.o)
                0x00116798                __ssputs_r
 .text.__utf8_wctomb
                0x001168c4       0xf8 C:/devkitPro/devkitARM/bin/../lib/gcc/arm-none-eabi/15.1.0/../../../../arm-none-eabi/lib/armv6k/fpu\libg.a(libc_a-wctomb_r.o)
                0x001168c4                __utf8_wctomb
 .text.__swsetup_r
                0x001169bc      0x140 C:/devkitPro/devkitARM/bin/../lib/gcc/arm-none-eabi/15.1.0/../../../../arm-none-eabi/lib/armv6k/fpu\libg.a(libc_a-wsetup.o)
                0x001169bc                __swsetup_r
 .text.memmove  0x00116afc      0x16c C:/devkitPro/devkitARM/bin/../lib/gcc/arm-none-eabi/15.1.0/../../../../arm-none-eabi/lib/armv6k/fpu\libg.a(libc_a-memmove.o)
                0x00116afc                memmove
 .text.__assert_func
                0x00116c68       0x5c C:/devkitPro/devkitARM/bin/../lib/gcc/arm-none-eabi/15.1.0/../../../../arm-none-eabi/lib/armv6k/fpu\libg.a(libc_a-assert.o)
                0x00116c68                __assert_func
 .text._Balloc  0x00116cc4       0x88 C:/devkitPro/devkitARM/bin/../lib/gcc/arm-none-eabi/15.1.0/../../../../arm-none-eabi/lib/armv6k/fpu\libg.a(libc_a-mprec.o)
                0x00116cc4                _Balloc
 .text._Bfree   0x00116d4c       0x1c C:/devkitPro/devkitARM/bin/../lib/gcc/arm-none-eabi/15.1.0/../../../../arm-none-eabi/lib/armv6k/fpu\libg.a(libc_a-mprec.o)
                0x00116d4c                _Bfree
 .text.__multadd
                0x00116d68       0xf4 C:/devkitPro/devkitARM/bin/../lib/gcc/arm-none-eabi/15.1.0/../../../../arm-none-eabi/lib/armv6k/fpu\libg.a(libc_a-mprec.o)
                0x00116d68                __multadd
 .text.__hi0bits
                0x00116e5c       0x80 C:/devkitPro/devkitARM/bin/../lib/gcc/arm-none-eabi/15.1.0/../../../../arm-none-eabi/lib/armv6k/fpu\libg.a(libc_a-mprec.o)
                0x00116e5c                __hi0bits
 .text.__lo0bits
                0x00116edc       0xf0 C:/devkitPro/devkitARM/bin/../lib/gcc/arm-none-eabi/15.1.0/../../../../arm-none-eabi/lib/armv6k/fpu\libg.a(libc_a-mprec.o)
                0x00116edc                __lo0bits
 .text.__i2b    0x00116fcc       0xa4 C:/devkitPro/devkitARM/bin/../lib/gcc/arm-none-eabi/15.1.0/../../../../arm-none-eabi/lib/armv6k/fpu\libg.a(libc_a-mprec.o)
                0x00116fcc                __i2b
 .text.__multiply
                0x00117070      0x230 C:/devkitPro/devkitARM/bin/../lib/gcc/arm-none-eabi/15.1.0/../../../../arm-none-eabi/lib/armv6k/fpu\libg.a(libc_a-mprec.o)
                0x00117070                __multiply
 .text.__pow5mult
                0x001172a0      0x130 C:/devkitPro/devkitARM/bin/../lib/gcc/arm-none-eabi/15.1.0/../../../../arm-none-eabi/lib/armv6k/fpu\libg.a(libc_a-mprec.o)
                0x001172a0                __pow5mult
 .text.__lshift
                0x001173d0      0x138 C:/devkitPro/devkitARM/bin/../lib/gcc/arm-none-eabi/15.1.0/../../../../arm-none-eabi/lib/armv6k/fpu\libg.a(libc_a-mprec.o)
                0x001173d0                __lshift
 .text.__mcmp   0x00117508       0x58 C:/devkitPro/devkitARM/bin/../lib/gcc/arm-none-eabi/15.1.0/../../../../arm-none-eabi/lib/armv6k/fpu\libg.a(libc_a-mprec.o)
                0x00117508                __mcmp
 .text.__mdiff  0x00117560      0x218 C:/devkitPro/devkitARM/bin/../lib/gcc/arm-none-eabi/15.1.0/../../../../arm-none-eabi/lib/armv6k/fpu\libg.a(libc_a-mprec.o)
                0x00117560                __mdiff
 .text.__d2b    0x00117778      0x120 C:/devkitPro/devkitARM/bin/../lib/gcc/arm-none-eabi/15.1.0/../../../../arm-none-eabi/lib/armv6k/fpu\libg.a(libc_a-mprec.o)
                0x00117778                __d2b
 .text.fiprintf
                0x00117898       0x3c C:/devkitPro/devkitARM/bin/../lib/gcc/arm-none-eabi/15.1.0/../../../../arm-none-eabi/lib/armv6k/fpu\libg.a(libc_a-fiprintf.o)
                0x00117898                fiprintf
 .text.__sprint_r
                0x001178d4       0x30 C:/devkitPro/devkitARM/bin/../lib/gcc/arm-none-eabi/15.1.0/../../../../arm-none-eabi/lib/armv6k/fpu\libg.a(libc_a-sprint_r.o)
                0x001178d4                __sprint_r
 .text.abort    0x00117904       0x14 C:/devkitPro/devkitARM/bin/../lib/gcc/arm-none-eabi/15.1.0/../../../../arm-none-eabi/lib/armv6k/fpu\libg.a(libc_a-abort.o)
                0x00117904                abort
 .text._calloc_r
                0x00117918       0xd8 C:/devkitPro/devkitARM/bin/../lib/gcc/arm-none-eabi/15.1.0/../../../../arm-none-eabi/lib/armv6k/fpu\libg.a(libc_a-callocr.o)
                0x00117918                _calloc_r
 .text._realloc_r
                0x001179f0      0x4f0 C:/devkitPro/devkitARM/bin/../lib/gcc/arm-none-eabi/15.1.0/../../../../arm-none-eabi/lib/armv6k/fpu\libg.a(libc_a-reallocr.o)
                0x001179f0                _realloc_r
 .text.__sfvwrite_r
                0x00117ee0      0x4a4 C:/devkitPro/devkitARM/bin/../lib/gcc/arm-none-eabi/15.1.0/../../../../arm-none-eabi/lib/armv6k/fpu\libg.a(libc_a-fvwrite.o)
                0x00117ee0                __sfvwrite_r
 .text._raise_r
                0x00118384       0x9c C:/devkitPro/devkitARM/bin/../lib/gcc/arm-none-eabi/15.1.0/../../../../arm-none-eabi/lib/armv6k/fpu\libg.a(libc_a-signal.o)
                0x00118384                _raise_r
 .text.raise    0x00118420       0x20 C:/devkitPro/devkitARM/bin/../lib/gcc/arm-none-eabi/15.1.0/../../../../arm-none-eabi/lib/armv6k/fpu\libg.a(libc_a-signal.o)
                0x00118420                raise
 .text.get_arg  0x00118440      0x5e0 C:/devkitPro/devkitARM/bin/../lib/gcc/arm-none-eabi/15.1.0/../../../../arm-none-eabi/lib/armv6k/fpu\libg.a(libc_a-vfiprintf.o)
 .text._vfiprintf_r
                0x00118a20     0x22f8 C:/devkitPro/devkitARM/bin/../lib/gcc/arm-none-eabi/15.1.0/../../../../arm-none-eabi/lib/armv6k/fpu\libg.a(libc_a-vfiprintf.o)
                0x00118a20                _vfiprintf_r
 .text.__sbprintf
                0x0011ad18       0xb4 C:/devkitPro/devkitARM/bin/../lib/gcc/arm-none-eabi/15.1.0/../../../../arm-none-eabi/lib/armv6k/fpu\libg.a(libc_a-vfiprintf.o)
 .text._exit    0x0011adcc       0x20 C:/devkitPro/devkitARM/bin/../lib/gcc/arm-none-eabi/15.1.0/../../../../arm-none-eabi/lib/armv6k/fpu\libsysbase.a(libsysbase_libsysbase_a-_exit.o)
                0x0011adcc                _exit
 .text.chdir    0x0011adec      0x140 C:/devkitPro/devkitARM/bin/../lib/gcc/arm-none-eabi/15.1.0/../../../../arm-none-eabi/lib/armv6k/fpu\libsysbase.a(libsysbase_libsysbase_a-chdir.o)
                0x0011adec                chdir
 .text._concatenate_path
                0x0011af2c      0x1c8 C:/devkitPro/devkitARM/bin/../lib/gcc/arm-none-eabi/15.1.0/../../../../arm-none-eabi/lib/armv6k/fpu\libsysbase.a(libsysbase_libsysbase_a-concatenate.o)
                0x0011af2c                _concatenate_path
 .text.__dirnext
                0x0011b0f4       0x70 C:/devkitPro/devkitARM/bin/../lib/gcc/arm-none-eabi/15.1.0/../../../../arm-none-eabi/lib/armv6k/fpu\libsysbase.a(libsysbase_libsysbase_a-dirent.o)
 .text.opendir  0x0011b164      0x114 C:/devkitPro/devkitARM/bin/../lib/gcc/arm-none-eabi/15.1.0/../../../../arm-none-eabi/lib/armv6k/fpu\libsysbase.a(libsysbase_libsysbase_a-dirent.o)
                0x0011b164                opendir
 .text.closedir
                0x0011b278       0x98 C:/devkitPro/devkitARM/bin/../lib/gcc/arm-none-eabi/15.1.0/../../../../arm-none-eabi/lib/armv6k/fpu\libsysbase.a(libsysbase_libsysbase_a-dirent.o)
                0x0011b278                closedir
 .text.readdir_r
                0x0011b310       0xf8 C:/devkitPro/devkitARM/bin/../lib/gcc/arm-none-eabi/15.1.0/../../../../arm-none-eabi/lib/armv6k/fpu\libsysbase.a(libsysbase_libsysbase_a-dirent.o)
                0x0011b310                readdir_r
 .text.readdir  0x0011b408       0x48 C:/devkitPro/devkitARM/bin/../lib/gcc/arm-none-eabi/15.1.0/../../../../arm-none-eabi/lib/armv6k/fpu\libsysbase.a(libsysbase_libsysbase_a-dirent.o)
                0x0011b408                readdir
 .text._fstat_r
                0x0011b450       0x9c C:/devkitPro/devkitARM/bin/../lib/gcc/arm-none-eabi/15.1.0/../../../../arm-none-eabi/lib/armv6k/fpu\libsysbase.a(libsysbase_libsysbase_a-fstat.o)
                0x0011b450                _fstat_r
 .text._getpid_r
                0x0011b4ec       0x14 C:/devkitPro/devkitARM/bin/../lib/gcc/arm-none-eabi/15.1.0/../../../../arm-none-eabi/lib/armv6k/fpu\libsysbase.a(libsysbase_libsysbase_a-getpid.o)
                0x0011b4ec                _getpid_r
 .text.__getreent
                0x0011b500       0x2c C:/devkitPro/devkitARM/bin/../lib/gcc/arm-none-eabi/15.1.0/../../../../arm-none-eabi/lib/armv6k/fpu\libsysbase.a(libsysbase_libsysbase_a-getreent.o)
                0x0011b500                __getreent
 .text.__get_handle
                0x0011b52c       0x58 C:/devkitPro/devkitARM/bin/../lib/gcc/arm-none-eabi/15.1.0/../../../../arm-none-eabi/lib/armv6k/fpu\libsysbase.a(libsysbase_libsysbase_a-handle_manager.o)
                0x0011b52c                __get_handle
 .text._close_r
                0x0011b584      0x110 C:/devkitPro/devkitARM/bin/../lib/gcc/arm-none-eabi/15.1.0/../../../../arm-none-eabi/lib/armv6k/fpu\libsysbase.a(libsysbase_libsysbase_a-handle_manager.o)
                0x0011b584                _close_r
 .text.null_write
                0x0011b694        0x8 C:/devkitPro/devkitARM/bin/../lib/gcc/arm-none-eabi/15.1.0/../../../../arm-none-eabi/lib/armv6k/fpu\libsysbase.a(libsysbase_libsysbase_a-iosupport.o)
 .text.setDefaultDevice
                0x0011b69c       0x18 C:/devkitPro/devkitARM/bin/../lib/gcc/arm-none-eabi/15.1.0/../../../../arm-none-eabi/lib/armv6k/fpu\libsysbase.a(libsysbase_libsysbase_a-iosupport.o)
                0x0011b69c                setDefaultDevice
 .text.FindDevice
                0x0011b6b4       0xc4 C:/devkitPro/devkitARM/bin/../lib/gcc/arm-none-eabi/15.1.0/../../../../arm-none-eabi/lib/armv6k/fpu\libsysbase.a(libsysbase_libsysbase_a-iosupport.o)
                0x0011b6b4                FindDevice
 .text.RemoveDevice
                0x0011b778       0x28 C:/devkitPro/devkitARM/bin/../lib/gcc/arm-none-eabi/15.1.0/../../../../arm-none-eabi/lib/armv6k/fpu\libsysbase.a(libsysbase_libsysbase_a-iosupport.o)
                0x0011b778                RemoveDevice
 .text.AddDevice
                0x0011b7a0       0x98 C:/devkitPro/devkitARM/bin/../lib/gcc/arm-none-eabi/15.1.0/../../../../arm-none-eabi/lib/armv6k/fpu\libsysbase.a(libsysbase_libsysbase_a-iosupport.o)
                0x0011b7a0                AddDevice
 .text.GetDeviceOpTab
                0x0011b838       0x20 C:/devkitPro/devkitARM/bin/../lib/gcc/arm-none-eabi/15.1.0/../../../../arm-none-eabi/lib/armv6k/fpu\libsysbase.a(libsysbase_libsysbase_a-iosupport.o)
                0x0011b838                GetDeviceOpTab
 .text._isatty_r
                0x0011b858        0x8 C:/devkitPro/devkitARM/bin/../lib/gcc/arm-none-eabi/15.1.0/../../../../arm-none-eabi/lib/armv6k/fpu\libsysbase.a(libsysbase_libsysbase_a-isatty.o)
                0x0011b858                _isatty_r
 .text._kill_r  0x0011b860       0x14 C:/devkitPro/devkitARM/bin/../lib/gcc/arm-none-eabi/15.1.0/../../../../arm-none-eabi/lib/armv6k/fpu\libsysbase.a(libsysbase_libsysbase_a-kill.o)
                0x0011b860                _kill_r
 .text._lseek_r
                0x0011b874       0x94 C:/devkitPro/devkitARM/bin/../lib/gcc/arm-none-eabi/15.1.0/../../../../arm-none-eabi/lib/armv6k/fpu\libsysbase.a(libsysbase_libsysbase_a-lseek.o)
                0x0011b874                _lseek_r
 .text._read_r  0x0011b908       0x94 C:/devkitPro/devkitARM/bin/../lib/gcc/arm-none-eabi/15.1.0/../../../../arm-none-eabi/lib/armv6k/fpu\libsysbase.a(libsysbase_libsysbase_a-read.o)
                0x0011b908                _read_r
 .text._sbrk_r  0x0011b99c       0x78 C:/devkitPro/devkitARM/bin/../lib/gcc/arm-none-eabi/15.1.0/../../../../arm-none-eabi/lib/armv6k/fpu\libsysbase.a(libsysbase_libsysbase_a-sbrk.o)
                0x0011b99c                _sbrk_r
 .text._stat_r  0x0011ba14       0x80 C:/devkitPro/devkitARM/bin/../lib/gcc/arm-none-eabi/15.1.0/../../../../arm-none-eabi/lib/armv6k/fpu\libsysbase.a(libsysbase_libsysbase_a-stat.o)
                0x0011ba14                _stat_r
 .text.__libc_lock_acquire
                0x0011ba94       0x1c C:/devkitPro/devkitARM/bin/../lib/gcc/arm-none-eabi/15.1.0/../../../../arm-none-eabi/lib/armv6k/fpu\libsysbase.a(libsysbase_libsysbase_a-syscall_support.o)
                0x0011ba94                __libc_lock_acquire
 .text.__libc_lock_release
                0x0011bab0       0x1c C:/devkitPro/devkitARM/bin/../lib/gcc/arm-none-eabi/15.1.0/../../../../arm-none-eabi/lib/armv6k/fpu\libsysbase.a(libsysbase_libsysbase_a-syscall_support.o)
                0x0011bab0                __libc_lock_release
 .text.__libc_lock_acquire_recursive
                0x0011bacc       0x1c C:/devkitPro/devkitARM/bin/../lib/gcc/arm-none-eabi/15.1.0/../../../../arm-none-eabi/lib/armv6k/fpu\libsysbase.a(libsysbase_libsysbase_a-syscall_support.o)
                0x0011bacc                __libc_lock_acquire_recursive
 .text.__libc_lock_release_recursive
                0x0011bae8       0x1c C:/devkitPro/devkitARM/bin/../lib/gcc/arm-none-eabi/15.1.0/../../../../arm-none-eabi/lib/armv6k/fpu\libsysbase.a(libsysbase_libsysbase_a-syscall_support.o)
                0x0011bae8                __libc_lock_release_recursive
 .text._write_r
                0x0011bb04       0x94 C:/devkitPro/devkitARM/bin/../lib/gcc/arm-none-eabi/15.1.0/../../../../arm-none-eabi/lib/armv6k/fpu\libsysbase.a(libsysbase_libsysbase_a-write.o)
                0x0011bb04                _write_r
 *(.glue_7)
 .glue_7        0x0011bb98        0x0 linker stubs
 *(.glue_7t)
 .glue_7t       0x0011bb98        0x0 linker stubs
 *(.stub)
 *(.gnu.warning)
 *(.gnu.linkonce.t*)
                0x0011bb98                        . = ALIGN (0x4)
 *(.fini)
 .fini          0x0011bb98        0xc C:/devkitPro/devkitARM/bin/../lib/gcc/arm-none-eabi/15.1.0/armv6k/fpu/crti.o
                0x0011bb98                _fini
 .fini          0x0011bba4        0xc C:/devkitPro/devkitARM/bin/../lib/gcc/arm-none-eabi/15.1.0/armv6k/fpu/crtn.o
                0x0011bbb0                        . = ALIGN (0x4)

.vfp11_veneer   0x0011bbb0        0x0
 .vfp11_veneer  0x0011bbb0        0x0 linker stubs

.v4_bx          0x0011bbb0        0x0
 .v4_bx         0x0011bbb0        0x0 linker stubs

.iplt           0x0011bbb0        0x0
 .iplt          0x0011bbb0        0x0 C:/devkitPro/devkitARM/bin/../lib/gcc/arm-none-eabi/15.1.0/../../../../arm-none-eabi/lib/armv6k/fpu/3dsx_crt0.o
                0x0011c000                        . = ALIGN (0x1000)

.rodata         0x0011c000     0x1520
 *(.rodata)
 .rodata        0x0011c000        0xc C:/devkitPro/libctru/lib\libctru.a(archive_dev.o)
 *(.roda)
 *(.rodata.*)
 .rodata.str1.4
                0x0011c00c      0x21f main.o
                                 0x4c (size before relaxing)
 .rodata.consolePrintChar
                0x0011c22b        0x6 C:/devkitPro/libctru/lib\libctru.a(console.o)
 *fill*         0x0011c231        0x1 
 .rodata.con_write
                0x0011c232      0x164 C:/devkitPro/libctru/lib\libctru.a(console.o)
 .rodata.str1.4
                0x0011c396       0x10 C:/devkitPro/libctru/lib\libctru.a(console.o)
 *fill*         0x0011c396        0x2 
 .rodata.dotab_stdout
                0x0011c398       0x80 C:/devkitPro/libctru/lib\libctru.a(console.o)
 .rodata.grayScale
                0x0011c418       0x18 C:/devkitPro/libctru/lib\libctru.a(console.o)
 .rodata.colorCube
                0x0011c430        0x6 C:/devkitPro/libctru/lib\libctru.a(console.o)
 *fill*         0x0011c436        0x2 
 .rodata.colorTable
                0x0011c438       0x30 C:/devkitPro/libctru/lib\libctru.a(console.o)
 .rodata.aptEventHandler
                0x0011c468        0xb C:/devkitPro/libctru/lib\libctru.a(apt.o)
 .rodata.aptWaitForWakeUp.isra.0
                0x0011c473       0x11 C:/devkitPro/libctru/lib\libctru.a(apt.o)
 .rodata.morton_y.2
                0x0011c484        0x8 C:/devkitPro/libctru/lib\libctru.a(apt.o)
 .rodata.morton_x.3
                0x0011c48c        0x8 C:/devkitPro/libctru/lib\libctru.a(apt.o)
 .rodata.s_sleepWakeEvents.4
                0x0011c494        0x8 C:/devkitPro/libctru/lib\libctru.a(apt.o)
 .rodata.str1.4
                0x0011c49c       0x16 C:/devkitPro/libctru/lib\libctru.a(apt.o)
 .rodata.serviceNameTable.5
                0x0011c49c        0xc C:/devkitPro/libctru/lib\libctru.a(apt.o)
 .rodata.gspInit.str1.4
                0x0011c4a8        0x9 C:/devkitPro/libctru/lib\libctru.a(gspgpu.o)
 .rodata.hidInit.str1.4
                0x0011c4a8       0x15 C:/devkitPro/libctru/lib\libctru.a(hid.o)
 .rodata.irrstInit.str1.4
                0x0011c4a8        0x7 C:/devkitPro/libctru/lib\libctru.a(irrst.o)
 .rodata.__system_initArgv.str1.4
                0x0011c4a8        0xa C:/devkitPro/libctru/lib\libctru.a(initArgv.o)
 .rodata.default_font_bin
                0x0011c4a8      0x800 C:/devkitPro/libctru/lib\libctru.a(default_font.bin.o)
                0x0011c4a8                default_font_bin
                0x0011cca8                default_font_bin_end
 .rodata.srvInit.str1.4
                0x0011cca8        0x5 C:/devkitPro/libctru/lib\libctru.a(srv.o)
 .rodata.ptmSysmInit.str1.4
                0x0011cca8        0x9 C:/devkitPro/libctru/lib\libctru.a(ptmsysm.o)
 .rodata.archive_utf16path.str1.4
                0x0011cca8        0x2 C:/devkitPro/libctru/lib\libctru.a(archive_dev.o)
 .rodata._archiveUnmountDeviceStruct.part.0.str1.4
                0x0011cca8        0x2 C:/devkitPro/libctru/lib\libctru.a(archive_dev.o)
 .rodata._archiveMountDevice.str1.4
                0x0011cca8        0xc C:/devkitPro/libctru/lib\libctru.a(archive_dev.o)
 .rodata.archiveMountSdmc.str1.4
                0x0011cca8        0x5 C:/devkitPro/libctru/lib\libctru.a(archive_dev.o)
 .rodata.error_table
                0x0011cca8       0x30 C:/devkitPro/libctru/lib\libctru.a(archive_dev.o)
 .rodata.str1.4
                0x0011ccd8        0x8 C:/devkitPro/libctru/lib\libctru.a(archive_dev.o)
 .rodata.archive_devoptab
                0x0011ccd8       0x80 C:/devkitPro/libctru/lib\libctru.a(archive_dev.o)
 .rodata.fsInit.str1.4
                0x0011cd58        0x8 C:/devkitPro/libctru/lib\libctru.a(fs.o)
 .rodata.get_arg
                0x0011cd58       0x34 C:/devkitPro/devkitARM/bin/../lib/gcc/arm-none-eabi/15.1.0/../../../../arm-none-eabi/lib/armv6k/fpu\libg.a(libc_a-svfprintf.o)
 .rodata._svfprintf_r.str1.1
                0x0011cd8c       0x3b C:/devkitPro/devkitARM/bin/../lib/gcc/arm-none-eabi/15.1.0/../../../../arm-none-eabi/lib/armv6k/fpu\libg.a(libc_a-svfprintf.o)
 *fill*         0x0011cdc7        0x1 
 .rodata._svfprintf_r
                0x0011cdc8       0xb6 C:/devkitPro/devkitARM/bin/../lib/gcc/arm-none-eabi/15.1.0/../../../../arm-none-eabi/lib/armv6k/fpu\libg.a(libc_a-svfprintf.o)
 *fill*         0x0011ce7e        0x2 
 .rodata.zeroes.0
                0x0011ce80       0x10 C:/devkitPro/devkitARM/bin/../lib/gcc/arm-none-eabi/15.1.0/../../../../arm-none-eabi/lib/armv6k/fpu\libg.a(libc_a-svfprintf.o)
 .rodata.blanks.1
                0x0011ce90       0x10 C:/devkitPro/devkitARM/bin/../lib/gcc/arm-none-eabi/15.1.0/../../../../arm-none-eabi/lib/armv6k/fpu\libg.a(libc_a-svfprintf.o)
 .rodata._ctype_
                0x0011cea0      0x101 C:/devkitPro/devkitARM/bin/../lib/gcc/arm-none-eabi/15.1.0/../../../../arm-none-eabi/lib/armv6k/fpu\libg.a(libc_a-ctype_.o)
                0x0011cea0                _ctype_
 *fill*         0x0011cfa1        0x3 
 .rodata.__action_table
                0x0011cfa4       0x6c C:/devkitPro/devkitARM/bin/../lib/gcc/arm-none-eabi/15.1.0/../../../../arm-none-eabi/lib/armv6k/fpu\libg.a(libc_a-svfiprintf.o)
                0x0011cfa4                __action_table
 .rodata.__state_table
                0x0011d010       0x6c C:/devkitPro/devkitARM/bin/../lib/gcc/arm-none-eabi/15.1.0/../../../../arm-none-eabi/lib/armv6k/fpu\libg.a(libc_a-svfiprintf.o)
                0x0011d010                __state_table
 .rodata.__chclass
                0x0011d07c      0x100 C:/devkitPro/devkitARM/bin/../lib/gcc/arm-none-eabi/15.1.0/../../../../arm-none-eabi/lib/armv6k/fpu\libg.a(libc_a-svfiprintf.o)
                0x0011d07c                __chclass
 .rodata.str1.4
                0x0011d17c       0x4c C:/devkitPro/devkitARM/bin/../lib/gcc/arm-none-eabi/15.1.0/../../../../arm-none-eabi/lib/armv6k/fpu\libg.a(libc_a-locale.o)
 .rodata.get_arg
                0x0011d17c       0x34 C:/devkitPro/devkitARM/bin/../lib/gcc/arm-none-eabi/15.1.0/../../../../arm-none-eabi/lib/armv6k/fpu\libg.a(libc_a-vfprintf.o)
 .rodata._vfprintf_r.str1.1
                0x0011d1b0       0x3b C:/devkitPro/devkitARM/bin/../lib/gcc/arm-none-eabi/15.1.0/../../../../arm-none-eabi/lib/armv6k/fpu\libg.a(libc_a-vfprintf.o)
 .rodata._vfprintf_r
                0x0011d1b0       0xb6 C:/devkitPro/devkitARM/bin/../lib/gcc/arm-none-eabi/15.1.0/../../../../arm-none-eabi/lib/armv6k/fpu\libg.a(libc_a-vfprintf.o)
 *fill*         0x0011d266        0x2 
 .rodata.zeroes.0
                0x0011d268       0x10 C:/devkitPro/devkitARM/bin/../lib/gcc/arm-none-eabi/15.1.0/../../../../arm-none-eabi/lib/armv6k/fpu\libg.a(libc_a-vfprintf.o)
 .rodata.blanks.1
                0x0011d278       0x10 C:/devkitPro/devkitARM/bin/../lib/gcc/arm-none-eabi/15.1.0/../../../../arm-none-eabi/lib/armv6k/fpu\libg.a(libc_a-vfprintf.o)
 .rodata._dtoa_r.str1.4
                0x0011d288       0x6a C:/devkitPro/devkitARM/bin/../lib/gcc/arm-none-eabi/15.1.0/../../../../arm-none-eabi/lib/armv6k/fpu\libg.a(libc_a-dtoa.o)
 .rodata._dtoa_r
                0x0011d288        0x8 C:/devkitPro/devkitARM/bin/../lib/gcc/arm-none-eabi/15.1.0/../../../../arm-none-eabi/lib/armv6k/fpu\libg.a(libc_a-dtoa.o)
 .rodata.__assert_func.str1.4
                0x0011d290       0x43 C:/devkitPro/devkitARM/bin/../lib/gcc/arm-none-eabi/15.1.0/../../../../arm-none-eabi/lib/armv6k/fpu\libg.a(libc_a-assert.o)
 .rodata.__multadd.str1.4
                0x0011d290       0x57 C:/devkitPro/devkitARM/bin/../lib/gcc/arm-none-eabi/15.1.0/../../../../arm-none-eabi/lib/armv6k/fpu\libg.a(libc_a-mprec.o)
 .rodata.p05.0  0x0011d290        0xc C:/devkitPro/devkitARM/bin/../lib/gcc/arm-none-eabi/15.1.0/../../../../arm-none-eabi/lib/armv6k/fpu\libg.a(libc_a-mprec.o)
 *fill*         0x0011d29c        0x4 
 .rodata.__mprec_bigtens
                0x0011d2a0       0x28 C:/devkitPro/devkitARM/bin/../lib/gcc/arm-none-eabi/15.1.0/../../../../arm-none-eabi/lib/armv6k/fpu\libg.a(libc_a-mprec.o)
                0x0011d2a0                __mprec_bigtens
 .rodata.__mprec_tens
                0x0011d2c8       0xc8 C:/devkitPro/devkitARM/bin/../lib/gcc/arm-none-eabi/15.1.0/../../../../arm-none-eabi/lib/armv6k/fpu\libg.a(libc_a-mprec.o)
                0x0011d2c8                __mprec_tens
 .rodata.get_arg
                0x0011d390       0x34 C:/devkitPro/devkitARM/bin/../lib/gcc/arm-none-eabi/15.1.0/../../../../arm-none-eabi/lib/armv6k/fpu\libg.a(libc_a-vfiprintf.o)
 .rodata._vfiprintf_r.str1.1
                0x0011d3c4       0x29 C:/devkitPro/devkitARM/bin/../lib/gcc/arm-none-eabi/15.1.0/../../../../arm-none-eabi/lib/armv6k/fpu\libg.a(libc_a-vfiprintf.o)
 .rodata._vfiprintf_r
                0x0011d3c4       0xb6 C:/devkitPro/devkitARM/bin/../lib/gcc/arm-none-eabi/15.1.0/../../../../arm-none-eabi/lib/armv6k/fpu\libg.a(libc_a-vfiprintf.o)
 *fill*         0x0011d47a        0x2 
 .rodata.zeroes.0
                0x0011d47c       0x10 C:/devkitPro/devkitARM/bin/../lib/gcc/arm-none-eabi/15.1.0/../../../../arm-none-eabi/lib/armv6k/fpu\libg.a(libc_a-vfiprintf.o)
 .rodata.blanks.1
                0x0011d48c       0x10 C:/devkitPro/devkitARM/bin/../lib/gcc/arm-none-eabi/15.1.0/../../../../arm-none-eabi/lib/armv6k/fpu\libg.a(libc_a-vfiprintf.o)
 .rodata.AddDevice.str1.4
                0x0011d49c        0x8 C:/devkitPro/devkitARM/bin/../lib/gcc/arm-none-eabi/15.1.0/../../../../arm-none-eabi/lib/armv6k/fpu\libsysbase.a(libsysbase_libsysbase_a-iosupport.o)
 .rodata.dotab_stdnull
                0x0011d49c       0x80 C:/devkitPro/devkitARM/bin/../lib/gcc/arm-none-eabi/15.1.0/../../../../arm-none-eabi/lib/armv6k/fpu\libsysbase.a(libsysbase_libsysbase_a-iosupport.o)
                0x0011d49c                dotab_stdnull
 *all.rodata*(*)
 *(.gnu.linkonce.r*)
                0x0011d51c                        . = ALIGN (0x4)
                0x0011d51c                        __tdata_align = .
                0x0011d51c        0x4 LONG 0x4 ALIGNOF (.tdata)
                0x0011d520                        . = ALIGN (0x4)

.eh_frame       0x0011d520        0x0
 .eh_frame      0x0011d520        0x0 C:/devkitPro/devkitARM/bin/../lib/gcc/arm-none-eabi/15.1.0/armv6k/fpu/crtbegin.o

.rel.dyn        0x0011d520        0x0
 .rel.iplt      0x0011d520        0x0 C:/devkitPro/devkitARM/bin/../lib/gcc/arm-none-eabi/15.1.0/../../../../arm-none-eabi/lib/armv6k/fpu/3dsx_crt0.o
 .rel.got       0x0011d520        0x0 C:/devkitPro/devkitARM/bin/../lib/gcc/arm-none-eabi/15.1.0/../../../../arm-none-eabi/lib/armv6k/fpu/3dsx_crt0.o

.ARM.extab
 *(.ARM.extab* .gnu.linkonce.armextab.*)
                0x0011d520                        __exidx_start = .

.ARM.exidx
 *(.ARM.exidx* .gnu.linkonce.armexidx.*)
                0x0011d520                        __exidx_end = .
                0x0011e000                        . = ALIGN (0x1000)

.data           0x0011e000     0x1bec
 *(.data)
 *(.data.*)
 .data.firstConsoleInit.0
                0x0011e000        0x1 C:/devkitPro/libctru/lib\libctru.a(console.o)
 *fill*         0x0011e001        0x3 
 .data.currentConsole
                0x0011e004        0x4 C:/devkitPro/libctru/lib\libctru.a(console.o)
                0x0011e004                currentConsole
 .data.defaultConsole
                0x0011e008       0x48 C:/devkitPro/libctru/lib\libctru.a(console.o)
                0x0011e008                defaultConsole
 .data.aptChainloadDeliverArgSize
                0x0011e050        0x4 C:/devkitPro/libctru/lib\libctru.a(apt.o)
 .data.kCount   0x0011e054        0x4 C:/devkitPro/libctru/lib\libctru.a(hid.o)
 .data.kInterval
                0x0011e058        0x4 C:/devkitPro/libctru/lib\libctru.a(hid.o)
 .data.kDelay   0x0011e05c        0x4 C:/devkitPro/libctru/lib\libctru.a(hid.o)
 .data.__stacksize__
                0x0011e060        0x4 C:/devkitPro/libctru/lib\libctru.a(stack_adjust.o)
                0x0011e060                __stacksize__
 .data.__sglue  0x0011e064        0xc C:/devkitPro/devkitARM/bin/../lib/gcc/arm-none-eabi/15.1.0/../../../../arm-none-eabi/lib/armv6k/fpu\libg.a(libc_a-findfp.o)
                0x0011e064                __sglue
 .data.__malloc_sbrk_base
                0x0011e070        0x4 C:/devkitPro/devkitARM/bin/../lib/gcc/arm-none-eabi/15.1.0/../../../../arm-none-eabi/lib/armv6k/fpu\libg.a(libc_a-mallocr.o)
                0x0011e070                __malloc_sbrk_base
 .data.__malloc_trim_threshold
                0x0011e074        0x4 C:/devkitPro/devkitARM/bin/../lib/gcc/arm-none-eabi/15.1.0/../../../../arm-none-eabi/lib/armv6k/fpu\libg.a(libc_a-mallocr.o)
                0x0011e074                __malloc_trim_threshold
 .data.__malloc_av_
                0x0011e078      0x408 C:/devkitPro/devkitARM/bin/../lib/gcc/arm-none-eabi/15.1.0/../../../../arm-none-eabi/lib/armv6k/fpu\libg.a(libc_a-mallocr.o)
                0x0011e078                __malloc_av_
 .data._impure_ptr
                0x0011e480        0x4 C:/devkitPro/devkitARM/bin/../lib/gcc/arm-none-eabi/15.1.0/../../../../arm-none-eabi/lib/armv6k/fpu\libg.a(libc_a-impure.o)
                0x0011e480                _impure_ptr
 *fill*         0x0011e484        0x4 
 .data._impure_data
                0x0011e488      0x140 C:/devkitPro/devkitARM/bin/../lib/gcc/arm-none-eabi/15.1.0/../../../../arm-none-eabi/lib/armv6k/fpu\libg.a(libc_a-impure.o)
                0x0011e488                _impure_data
 .data.__global_locale
                0x0011e5c8      0x16c C:/devkitPro/devkitARM/bin/../lib/gcc/arm-none-eabi/15.1.0/../../../../arm-none-eabi/lib/armv6k/fpu\libg.a(libc_a-locale.o)
                0x0011e5c8                __global_locale
 .data._current_working_directory
                0x0011e734      0x400 C:/devkitPro/devkitARM/bin/../lib/gcc/arm-none-eabi/15.1.0/../../../../arm-none-eabi/lib/armv6k/fpu\libsysbase.a(libsysbase_libsysbase_a-chdir.o)
 *fill*         0x0011eb34        0x4 
 .data.handles  0x0011eb38     0x1000 C:/devkitPro/devkitARM/bin/../lib/gcc/arm-none-eabi/15.1.0/../../../../arm-none-eabi/lib/armv6k/fpu\libsysbase.a(libsysbase_libsysbase_a-handle_manager.o)
 .data.__stderr_handle
                0x0011fb38        0xc C:/devkitPro/devkitARM/bin/../lib/gcc/arm-none-eabi/15.1.0/../../../../arm-none-eabi/lib/armv6k/fpu\libsysbase.a(libsysbase_libsysbase_a-handle_manager.o)
 .data.__stdout_handle
                0x0011fb44        0xc C:/devkitPro/devkitARM/bin/../lib/gcc/arm-none-eabi/15.1.0/../../../../arm-none-eabi/lib/armv6k/fpu\libsysbase.a(libsysbase_libsysbase_a-handle_manager.o)
 .data.__stdin_handle
                0x0011fb50        0xc C:/devkitPro/devkitARM/bin/../lib/gcc/arm-none-eabi/15.1.0/../../../../arm-none-eabi/lib/armv6k/fpu\libsysbase.a(libsysbase_libsysbase_a-handle_manager.o)
 .data.devoptab_list
                0x0011fb5c       0x8c C:/devkitPro/devkitARM/bin/../lib/gcc/arm-none-eabi/15.1.0/../../../../arm-none-eabi/lib/armv6k/fpu\libsysbase.a(libsysbase_libsysbase_a-iosupport.o)
                0x0011fb5c                devoptab_list
 .data.defaultDevice
                0x0011fbe8        0x4 C:/devkitPro/devkitARM/bin/../lib/gcc/arm-none-eabi/15.1.0/../../../../arm-none-eabi/lib/armv6k/fpu\libsysbase.a(libsysbase_libsysbase_a-iosupport.o)
 *(.gnu.linkonce.d*)
                0x0011fbec                        . = ALIGN (0x4)

.igot.plt       0x0011fbec        0x0
 .igot.plt      0x0011fbec        0x0 C:/devkitPro/devkitARM/bin/../lib/gcc/arm-none-eabi/15.1.0/../../../../arm-none-eabi/lib/armv6k/fpu/3dsx_crt0.o

.got            0x0011fbec        0x8
 .got           0x0011fbec        0x8 C:/devkitPro/devkitARM/bin/../lib/gcc/arm-none-eabi/15.1.0/../../../../arm-none-eabi/lib/armv6k/fpu/3dsx_crt0.o

.got.plt        0x0011fbf4        0xc
 .got.plt       0x0011fbf4        0xc C:/devkitPro/devkitARM/bin/../lib/gcc/arm-none-eabi/15.1.0/../../../../arm-none-eabi/lib/armv6k/fpu/3dsx_crt0.o
                0x0011fbf4                _GLOBAL_OFFSET_TABLE_

.tdata          0x0011fc00        0x0
                0x0011fc00                        __tdata_lma = .
 *(.tdata)
 *(.tdata.*)
 *(.gnu.linkonce.td.*)
                0x0011fc00                        . = ALIGN (0x4)
                0x0011fc00                        __tdata_lma_end = .

.tbss           0x0011fc00      0xc08
 *(.tbss)
 *(.tbss.*)
 .tbss.__ctru_dev_utf16_buf
                0x0011fc00      0x802 C:/devkitPro/libctru/lib\libctru.a(path_buf.o)
                0x0011fc00                __ctru_dev_utf16_buf
 *fill*         0x00120402        0x2 
 .tbss.__ctru_dev_path_buf
                0x00120404      0x401 C:/devkitPro/libctru/lib\libctru.a(path_buf.o)
                0x00120404                __ctru_dev_path_buf
 *(.gnu.linkonce.tb.*)
 *(.tcommon)
                0x00120808                        . = ALIGN (0x4)
 *fill*         0x00120805        0x3 

.preinit_array  0x0011fc00        0x0
                0x0011fc00                        PROVIDE (__preinit_array_start = .)
 *(.preinit_array)
                0x0011fc00                        PROVIDE (__preinit_array_end = .)

.init_array     0x0011fc00        0x4
                0x0011fc00                        PROVIDE (__init_array_start = .)
 *(SORT_BY_NAME(.init_array.*))
 *(.init_array)
 .init_array    0x0011fc00        0x4 C:/devkitPro/devkitARM/bin/../lib/gcc/arm-none-eabi/15.1.0/armv6k/fpu/crtbegin.o
                0x0011fc04                        PROVIDE (__init_array_end = .)

.fini_array     0x0011fc04        0x4
                0x0011fc04                        PROVIDE (__fini_array_start = .)
 *(.fini_array)
 .fini_array    0x0011fc04        0x4 C:/devkitPro/devkitARM/bin/../lib/gcc/arm-none-eabi/15.1.0/armv6k/fpu/crtbegin.o
 *(SORT_BY_NAME(.fini_array.*))
                0x0011fc08                        PROVIDE (__fini_array_end = .)

.ctors
 *crtbegin.o(.ctors)
 *(EXCLUDE_FILE(*crtend.o) .ctors)
 *(SORT_BY_NAME(.ctors.*))
 *(.ctors)

.dtors
 *crtbegin.o(.dtors)
 *(EXCLUDE_FILE(*crtend.o) .dtors)
 *(SORT_BY_NAME(.dtors.*))
 *(.dtors)
                0x0011fc08                        __bss_start__ = .

.bss            0x0011fc08    0x2382c
 *(.dynbss)
 *(.bss)
 .bss           0x0011fc08    0x20a04 main.o
 *(.bss.*)
 .bss.completed.1
                0x0014060c        0x1 C:/devkitPro/devkitARM/bin/../lib/gcc/arm-none-eabi/15.1.0/armv6k/fpu/crtbegin.o
 *fill*         0x0014060d        0x3 
 .bss.object.0  0x00140610       0x18 C:/devkitPro/devkitARM/bin/../lib/gcc/arm-none-eabi/15.1.0/armv6k/fpu/crtbegin.o
 .bss.escapeSeq
                0x00140628       0x64 C:/devkitPro/libctru/lib\libctru.a(console.o)
 .bss.currentCopy
                0x0014068c       0x48 C:/devkitPro/libctru/lib\libctru.a(console.o)
                0x0014068c                currentCopy
 .bss.screenAlloc
                0x001406d4        0x4 C:/devkitPro/libctru/lib\libctru.a(gfx.o)
 .bss.screenFree
                0x001406d8        0x4 C:/devkitPro/libctru/lib\libctru.a(gfx.o)
 .bss.gfxIsDoubleBuf
                0x001406dc        0x2 C:/devkitPro/libctru/lib\libctru.a(gfx.o)
 *fill*         0x001406de        0x2 
 .bss.gfxCurBuf
                0x001406e0        0x2 C:/devkitPro/libctru/lib\libctru.a(gfx.o)
 .bss.gfxIsVram
                0x001406e2        0x1 C:/devkitPro/libctru/lib\libctru.a(gfx.o)
 .bss.gfxTopMode
                0x001406e3        0x1 C:/devkitPro/libctru/lib\libctru.a(gfx.o)
 .bss.gfxFramebufferFormats
                0x001406e4        0x2 C:/devkitPro/libctru/lib\libctru.a(gfx.o)
 *fill*         0x001406e6        0x2 
 .bss.gfxBottomFramebufferMaxSize
                0x001406e8        0x4 C:/devkitPro/libctru/lib\libctru.a(gfx.o)
 .bss.gfxTopFramebufferMaxSize
                0x001406ec        0x4 C:/devkitPro/libctru/lib\libctru.a(gfx.o)
 .bss.gfxBottomFramebuffers
                0x001406f0        0x8 C:/devkitPro/libctru/lib\libctru.a(gfx.o)
 .bss.gfxTopFramebuffers
                0x001406f8        0x8 C:/devkitPro/libctru/lib\libctru.a(gfx.o)
 .bss.flagValue.0
                0x00140700        0x1 C:/devkitPro/libctru/lib\libctru.a(apt.o)
 .bss.flagInit.1
                0x00140701        0x1 C:/devkitPro/libctru/lib\libctru.a(apt.o)
 *fill*         0x00140702        0x2 
 .bss.serviceName.6
                0x00140704        0x4 C:/devkitPro/libctru/lib\libctru.a(apt.o)
 .bss.aptChainloadFlags
                0x00140708        0x1 C:/devkitPro/libctru/lib\libctru.a(apt.o)
 .bss.aptChainloadMediatype
                0x00140709        0x1 C:/devkitPro/libctru/lib\libctru.a(apt.o)
 *fill*         0x0014070a        0x2 
 .bss.aptChainloadHmac
                0x0014070c       0x20 C:/devkitPro/libctru/lib\libctru.a(apt.o)
 .bss.aptChainloadDeliverArg
                0x0014072c      0x300 C:/devkitPro/libctru/lib\libctru.a(apt.o)
 *fill*         0x00140a2c        0x4 
 .bss.aptChainloadTid
                0x00140a30        0x8 C:/devkitPro/libctru/lib\libctru.a(apt.o)
 .bss.aptParameters
                0x00140a38     0x1000 C:/devkitPro/libctru/lib\libctru.a(apt.o)
 .bss.aptFlags  0x00141a38        0x4 C:/devkitPro/libctru/lib\libctru.a(apt.o)
 .bss.aptHomeButtonState
                0x00141a3c        0x1 C:/devkitPro/libctru/lib\libctru.a(apt.o)
 *fill*         0x00141a3d        0x3 
 .bss.aptMessageFuncData
                0x00141a40        0x4 C:/devkitPro/libctru/lib\libctru.a(apt.o)
 .bss.aptMessageFunc
                0x00141a44        0x4 C:/devkitPro/libctru/lib\libctru.a(apt.o)
 .bss.aptFirstHook
                0x00141a48        0xc C:/devkitPro/libctru/lib\libctru.a(apt.o)
 .bss.aptEventHandlerThreadQuit
                0x00141a54        0x1 C:/devkitPro/libctru/lib\libctru.a(apt.o)
 *fill*         0x00141a55        0x3 
 .bss.aptEventHandlerThread
                0x00141a58        0x4 C:/devkitPro/libctru/lib\libctru.a(apt.o)
 .bss.aptSleepEvent
                0x00141a5c        0x8 C:/devkitPro/libctru/lib\libctru.a(apt.o)
 .bss.aptReceiveEvent
                0x00141a64        0x8 C:/devkitPro/libctru/lib\libctru.a(apt.o)
 .bss.aptEvents
                0x00141a6c        0x8 C:/devkitPro/libctru/lib\libctru.a(apt.o)
 .bss.aptLockHandle
                0x00141a74        0x4 C:/devkitPro/libctru/lib\libctru.a(apt.o)
 .bss.aptRefCount
                0x00141a78        0x4 C:/devkitPro/libctru/lib\libctru.a(apt.o)
 .bss.gspEventCbOneShot
                0x00141a7c        0x7 C:/devkitPro/libctru/lib\libctru.a(gspgpu.o)
 *fill*         0x00141a83        0x1 
 .bss.gspEventCbData
                0x00141a84       0x1c C:/devkitPro/libctru/lib\libctru.a(gspgpu.o)
 .bss.gspEventCb
                0x00141aa0       0x1c C:/devkitPro/libctru/lib\libctru.a(gspgpu.o)
 .bss.gspEvents
                0x00141abc       0x38 C:/devkitPro/libctru/lib\libctru.a(gspgpu.o)
 .bss.gspLastEvent
                0x00141af4        0x4 C:/devkitPro/libctru/lib\libctru.a(gspgpu.o)
 .bss.gspRunEvents
                0x00141af8        0x1 C:/devkitPro/libctru/lib\libctru.a(gspgpu.o)
 *fill*         0x00141af9        0x3 
 .bss.gspEventThread
                0x00141afc        0x4 C:/devkitPro/libctru/lib\libctru.a(gspgpu.o)
 .bss.gspEvent  0x00141b00        0x4 C:/devkitPro/libctru/lib\libctru.a(gspgpu.o)
 .bss.gspGpuRight
                0x00141b04        0x1 C:/devkitPro/libctru/lib\libctru.a(gspgpu.o)
 .bss.gspThreadId
                0x00141b05        0x1 C:/devkitPro/libctru/lib\libctru.a(gspgpu.o)
 *fill*         0x00141b06        0x2 
 .bss.gspSharedMem
                0x00141b08        0x4 C:/devkitPro/libctru/lib\libctru.a(gspgpu.o)
 .bss.gspSharedMemHandle
                0x00141b0c        0x4 C:/devkitPro/libctru/lib\libctru.a(gspgpu.o)
 .bss.gspRefCount
                0x00141b10        0x4 C:/devkitPro/libctru/lib\libctru.a(gspgpu.o)
 .bss.gspGpuHandle
                0x00141b14        0x4 C:/devkitPro/libctru/lib\libctru.a(gspgpu.o)
 .bss.usingIrrst
                0x00141b18        0x1 C:/devkitPro/libctru/lib\libctru.a(hid.o)
 *fill*         0x00141b19        0x3 
 .bss.hidRefCount
                0x00141b1c        0x4 C:/devkitPro/libctru/lib\libctru.a(hid.o)
 .bss.gRate     0x00141b20        0x6 C:/devkitPro/libctru/lib\libctru.a(hid.o)
 *fill*         0x00141b26        0x2 
 .bss.aVec      0x00141b28        0x6 C:/devkitPro/libctru/lib\libctru.a(hid.o)
 *fill*         0x00141b2e        0x2 
 .bss.cPos      0x00141b30        0x4 C:/devkitPro/libctru/lib\libctru.a(hid.o)
 .bss.tPos      0x00141b34        0x4 C:/devkitPro/libctru/lib\libctru.a(hid.o)
 .bss.kRepeat   0x00141b38        0x4 C:/devkitPro/libctru/lib\libctru.a(hid.o)
 .bss.kUp       0x00141b3c        0x4 C:/devkitPro/libctru/lib\libctru.a(hid.o)
 .bss.kDown     0x00141b40        0x4 C:/devkitPro/libctru/lib\libctru.a(hid.o)
 .bss.kHeld     0x00141b44        0x4 C:/devkitPro/libctru/lib\libctru.a(hid.o)
 .bss.kOld      0x00141b48        0x4 C:/devkitPro/libctru/lib\libctru.a(hid.o)
 .bss.hidSharedMem
                0x00141b4c        0x4 C:/devkitPro/libctru/lib\libctru.a(hid.o)
                0x00141b4c                hidSharedMem
 .bss.hidEvents
                0x00141b50       0x14 C:/devkitPro/libctru/lib\libctru.a(hid.o)
                0x00141b50                hidEvents
 .bss.hidMemHandle
                0x00141b64        0x4 C:/devkitPro/libctru/lib\libctru.a(hid.o)
                0x00141b64                hidMemHandle
 .bss.hidHandle
                0x00141b68        0x4 C:/devkitPro/libctru/lib\libctru.a(hid.o)
                0x00141b68                hidHandle
 .bss.irrstRefCount
                0x00141b6c        0x4 C:/devkitPro/libctru/lib\libctru.a(irrst.o)
 .bss.csPos     0x00141b70        0x4 C:/devkitPro/libctru/lib\libctru.a(irrst.o)
 .bss.kHeld     0x00141b74        0x4 C:/devkitPro/libctru/lib\libctru.a(irrst.o)
 .bss.irrstSharedMem
                0x00141b78        0x4 C:/devkitPro/libctru/lib\libctru.a(irrst.o)
                0x00141b78                irrstSharedMem
 .bss.irrstEvent
                0x00141b7c        0x4 C:/devkitPro/libctru/lib\libctru.a(irrst.o)
                0x00141b7c                irrstEvent
 .bss.irrstMemHandle
                0x00141b80        0x4 C:/devkitPro/libctru/lib\libctru.a(irrst.o)
                0x00141b80                irrstMemHandle
 .bss.irrstHandle
                0x00141b84        0x4 C:/devkitPro/libctru/lib\libctru.a(irrst.o)
                0x00141b84                irrstHandle
 .bss.__system_retAddr
                0x00141b88        0x4 C:/devkitPro/libctru/lib\libctru.a(ctru_init.o)
                0x00141b88                __system_retAddr
 .bss.__system_argv
                0x00141b8c        0x4 C:/devkitPro/libctru/lib\libctru.a(initArgv.o)
                0x00141b8c                __system_argv
 .bss.__system_argc
                0x00141b90        0x4 C:/devkitPro/libctru/lib\libctru.a(initArgv.o)
                0x00141b90                __system_argc
 .bss.saved_stack.42
                0x00141b94        0x8 C:/devkitPro/libctru/lib\libctru.a(stack_adjust.o)
 *fill*         0x00141b9c        0x4 
 .bss._ZL11sLinearPool
                0x00141ba0        0x8 C:/devkitPro/libctru/lib\libctru.a(linear.o)
 .bss._ZL8sAddrMap
                0x00141ba8        0xc C:/devkitPro/libctru/lib\libctru.a(linear.o)
 *fill*         0x00141bb4        0x4 
 .bss._ZL10sVramPoolB
                0x00141bb8        0x8 C:/devkitPro/libctru/lib\libctru.a(vram.o)
 .bss._ZL10sVramPoolA
                0x00141bc0        0x8 C:/devkitPro/libctru/lib\libctru.a(vram.o)
 .bss._ZL8sAddrMap
                0x00141bc8        0xc C:/devkitPro/libctru/lib\libctru.a(vram.o)
 .bss.__3dslink_host
                0x00141bd4        0x4 C:/devkitPro/libctru/lib\libctru.a(3dslink.o)
                0x00141bd4                __3dslink_host
 .bss.__ctru_speedup
                0x00141bd8        0x1 C:/devkitPro/libctru/lib\libctru.a(os.o)
                0x00141bd8                __ctru_speedup
 *fill*         0x00141bd9        0x3 
 .bss.srvRefCount
                0x00141bdc        0x4 C:/devkitPro/libctru/lib\libctru.a(srv.o)
 .bss.srvHandle
                0x00141be0        0x4 C:/devkitPro/libctru/lib\libctru.a(srv.o)
 .bss.arbiter   0x00141be4        0x4 C:/devkitPro/libctru/lib\libctru.a(synchronization.o)
 .bss.currentAddr
                0x00141be8        0x4 C:/devkitPro/libctru/lib\libctru.a(mappable.o)
 .bss.maxAddr   0x00141bec        0x4 C:/devkitPro/libctru/lib\libctru.a(mappable.o)
 .bss.minAddr   0x00141bf0        0x4 C:/devkitPro/libctru/lib\libctru.a(mappable.o)